******************************************************************************
            TI ARM Clang Linker PC v4.0.2                      
******************************************************************************
>> Linked Fri Jul 11 16:55:57 2025

OUTPUT FILE NAME:   <MSPM0 balance car.out>
ENTRY POINT SYMBOL: "_c_int00_noargs"  address: 00004af1


MEMORY CONFIGURATION

         name            origin    length      used     unused   attr    fill
----------------------  --------  ---------  --------  --------  ----  --------
  FLASH                 00000000   00020000  00005d18  0001a2e8  R  X
  SRAM                  20200000   00008000  00000f35  000070cb  RW X
  BCR_CONFIG            41c00000   000000ff  00000000  000000ff  R   
  BSL_CONFIG            41c00100   00000080  00000000  00000080  R   


SEGMENT ALLOCATION MAP

run origin  load origin   length   init length attrs members
----------  ----------- ---------- ----------- ----- -------
00000000    00000000    00005d18   00005d18    r-x
  00000000    00000000    000000c0   000000c0    r-- .intvecs
  000000c0    000000c0    00005420   00005420    r-x .text
  000054e0    000054e0    00000790   00000790    r-- .rodata
  00005c70    00005c70    000000a8   000000a8    r-- .cinit
20200000    20200000    00000d35   00000000    rw-
  20200000    20200000    00000800   00000000    rw- .sysmem
  20200800    20200800    000002e4   00000000    rw- .bss
  20200ae4    20200ae4    00000251   00000000    rw- .data
20207e00    20207e00    00000200   00000000    rw-
  20207e00    20207e00    00000200   00000000    rw- .stack


SECTION ALLOCATION MAP

 output                                  attributes/
section   page    origin      length       input sections
--------  ----  ----------  ----------   ----------------
.intvecs   0    00000000    000000c0     
                  00000000    000000c0     startup_mspm0g350x_ticlang.o (.intvecs)

.text      0    000000c0    00005420     
                  000000c0    000009d0     libc.a : _printfi.c.obj (.text:__TI_printfi)
                  00000a90    00000368     interrupt.o (.text.UART2_IRQHandler)
                  00000df8    000002b4     sys.o (.text.GROUP1_IRQHandler)
                  000010ac    00000220     libc.a : _printfi.c.obj (.text._pconv_a)
                  000012cc    000001dc            : _printfi.c.obj (.text._pconv_g)
                  000014a8    000001ac     ti_msp_dl_config.o (.text.SYSCFG_DL_GPIO_init)
                  00001654    00000192     libclang_rt.builtins.a : adddf3.S.obj (.text.adddf3_subdf3)
                  000017e6    00000002                            : aeabi_div0.c.obj (.text.__aeabi_idiv0)
                  000017e8    0000016c     OLED.o (.text.OLED_ShowFloatNum)
                  00001954    0000013c     libc.a : _printfi.c.obj (.text.fcvt)
                  00001a90    00000120            : _printfi.c.obj (.text._pconv_e)
                  00001bb0    00000114            : memory.c.obj (.text.aligned_alloc)
                  00001cc4    0000010c     libclang_rt.builtins.a : divdf3.S.obj (.text.__divdf3)
                  00001dd0    00000108     Control.o (.text.Control_speed)
                  00001ed8    00000104     driverlib.a : dl_timer.o (.text.DL_Timer_initFourCCPWMMode)
                  00001fdc    000000fc     OLED.o (.text.OLED_Init_Custom)
                  000020d8    000000f8     libc.a : fputs.c.obj (.text.fputs)
                  000021d0    000000e8     driverlib.a : dl_timer.o (.text.DL_Timer_initTimerMode)
                  000022b8    000000e8     sys.o (.text.TIMG0_IRQHandler)
                  000023a0    000000e8     libc.a : memory.c.obj (.text.free)
                  00002488    000000e4     libclang_rt.builtins.a : muldf3.S.obj (.text.__muldf3)
                  0000256c    000000e4     empty.o (.text.main)
                  00002650    000000e0     libc.a : setvbuf.c.obj (.text.setvbuf)
                  00002730    000000d8            : s_scalbn.c.obj (.text.scalbn)
                  00002808    000000d8     libclang_rt.builtins.a : addsf3.S.obj (.text)
                  000028e0    000000cc     HCSR04.o (.text.SR04_GetLength)
                  000029ac    000000c2     pid.o (.text.Turn_Pid)
                  00002a6e    000000b6     pid.o (.text.FeedbackControl)
                  00002b24    000000b4     OLED.o (.text.OLED_ShowChar)
                  00002bd8    000000ae     OLED.o (.text.OLED_ShowSignedNum)
                  00002c86    00000002     libclang_rt.builtins.a : aeabi_div0.c.obj (.text.__aeabi_ldiv0)
                  00002c88    000000a2                            : udivmoddi4.S.obj (.text)
                  00002d2a    00000002     libc.a : _lock.c.obj (.text._nop)
                  00002d2c    000000a0     OLED.o (.text.OLED_I2C_SendByte)
                  00002dcc    0000009c     libc.a : fputc.c.obj (.text.fputc)
                  00002e68    0000008c     ti_msp_dl_config.o (.text.SYSCFG_DL_PWM_init)
                  00002ef4    0000008c     ti_msp_dl_config.o (.text.SYSCFG_DL_initPower)
                  00002f80    0000008c     libclang_rt.builtins.a : mulsf3.S.obj (.text.__mulsf3)
                  0000300c    00000004     startup_mspm0g350x_ticlang.o (.text.Default_Handler)
                  00003010    00000088     libc.a : strcmp-armv6m.S.obj (.text:strcmp)
                  00003098    00000084     ti_msp_dl_config.o (.text.__NVIC_SetPriority)
                  0000311c    00000084     pid.o (.text.mithon_run)
                  000031a0    00000082     libclang_rt.builtins.a : divsf3.S.obj (.text.__divsf3)
                  00003222    00000002     --HOLE-- [fill = 0]
                  00003224    0000007c     libc.a : fclose.c.obj (.text.__TI_closefile)
                  000032a0    0000007c            : copy_decompress_lzss.c.obj (.text:decompress:lzss)
                  0000331c    00000074     libclang_rt.builtins.a : comparedf2.c.obj (.text.__gedf2)
                  00003390    00000074                            : truncdfsf2.S.obj (.text.__truncdfsf2)
                  00003404    0000006c     libsysbm.a : hostlseek.c.obj (.text.HOSTlseek)
                  00003470    0000006c                : hostrename.c.obj (.text.HOSTrename)
                  000034dc    0000006c     libc.a : fseek.c.obj (.text.fseeko)
                  00003548    0000006c            : getdevice.c.obj (.text.getdevice)
                  000035b4    00000068     ti_msp_dl_config.o (.text.SYSCFG_DL_UART_WIT_init)
                  0000361c    00000068     libclang_rt.builtins.a : comparedf2.c.obj (.text.__ledf2)
                  00003684    00000066     libc.a : _printfi.c.obj (.text._mcpy)
                  000036ea    00000064            : _io_perm.c.obj (.text.__TI_wrt_ok)
                  0000374e    00000002     --HOLE-- [fill = 0]
                  00003750    00000064            : memory.c.obj (.text.split)
                  000037b4    00000062     libclang_rt.builtins.a : aeabi_dcmp.S.obj (.text.__aeabi_dcmp)
                  00003816    00000002     --HOLE-- [fill = 0]
                  00003818    00000062                            : aeabi_fcmp.S.obj (.text.__aeabi_fcmp)
                  0000387a    00000002     --HOLE-- [fill = 0]
                  0000387c    00000060     libsysbm.a : hostopen.c.obj (.text.HOSTopen)
                  000038dc    0000005c     libc.a : s_frexp.c.obj (.text.frexp)
                  00003938    0000005c            : printf.c.obj (.text.printf)
                  00003994    00000058     libsysbm.a : hostread.c.obj (.text.HOSTread)
                  000039ec    00000058                : hostwrite.c.obj (.text.HOSTwrite)
                  00003a44    00000058     ti_msp_dl_config.o (.text.SYSCFG_DL_I2C_MPU6050_init)
                  00003a9c    00000058     libc.a : _ltoa.c.obj (.text.__TI_ltoa)
                  00003af4    00000058            : _printfi.c.obj (.text._pconv_f)
                  00003b4c    00000056     OLED.o (.text.OLED_Clear)
                  00003ba2    00000002     --HOLE-- [fill = 0]
                  00003ba4    00000056     libclang_rt.builtins.a : aeabi_idivmod.S.obj (.text.__aeabi_idivmod)
                  00003bfa    00000002     --HOLE-- [fill = 0]
                  00003bfc    00000054     driverlib.a : dl_uart.o (.text.DL_UART_drainRXFIFO)
                  00003c50    00000052     libc.a : fflush.c.obj (.text.__TI_doflush)
                  00003ca2    00000052            : _printfi.c.obj (.text._ecpy)
                  00003cf4    00000050     OLED.o (.text.OLED_I2C_Start)
                  00003d44    00000050     ti_msp_dl_config.o (.text.SysTick_Config)
                  00003d94    00000050     libsysbm.a : close.c.obj (.text.close)
                  00003de4    0000004c     driverlib.a : dl_dma.o (.text.DL_DMA_initChannel)
                  00003e30    0000004c     ti_msp_dl_config.o (.text.DL_UART_setBaudRateDivisor)
                  00003e7c    0000004a     OLED.o (.text.OLED_ShowString)
                  00003ec6    00000002     --HOLE-- [fill = 0]
                  00003ec8    0000004a     libclang_rt.builtins.a : fixdfsi.S.obj (.text.__fixdfsi)
                  00003f12    00000002     --HOLE-- [fill = 0]
                  00003f14    00000048     driverlib.a : dl_uart.o (.text.DL_UART_init)
                  00003f5c    00000048     libsysbm.a : hostclose.c.obj (.text.HOSTclose)
                  00003fa4    00000048                : hostunlink.c.obj (.text.HOSTunlink)
                  00003fec    00000044     HCSR04.o (.text.Get_TIMER_Count)
                  00004030    00000044     wit.o (.text.WIT_Init)
                  00004074    00000042     libclang_rt.builtins.a : fixunsdfsi.S.obj (.text.__fixunsdfsi)
                  000040b6    00000002     --HOLE-- [fill = 0]
                  000040b8    00000040     OLED.o (.text.OLED_I2C_Stop)
                  000040f8    00000040     ti_msp_dl_config.o (.text.SYSCFG_DL_UART_0_init)
                  00004138    00000040     libclang_rt.builtins.a : aeabi_uidivmod.S.obj (.text.__aeabi_uidivmod)
                  00004178    00000040                            : extendsfdf2.S.obj (.text.__extendsfdf2)
                  000041b8    00000040     libc.a : atoi.c.obj (.text.atoi)
                  000041f8    00000040            : vsnprintf.c.obj (.text.vsnprintf)
                  00004238    0000003c     ti_msp_dl_config.o (.text.DL_GPIO_initPeripheralInputFunctionFeatures)
                  00004274    0000003c     ti_msp_dl_config.o (.text.DL_Timer_setCounterControl)
                  000042b0    0000003c     libclang_rt.builtins.a : floatsisf.S.obj (.text.__floatsisf)
                  000042ec    0000003c                            : comparesf2.S.obj (.text.__gtsf2)
                  00004328    0000003c     Serial.o (.text.uart0_send_string)
                  00004364    0000003c     libc.a : autoinit.c.obj (.text:__TI_auto_init_nobinit_nopinit)
                  000043a0    0000003a     libclang_rt.builtins.a : comparesf2.S.obj (.text.__eqsf2)
                  000043da    00000002     --HOLE-- [fill = 0]
                  000043dc    0000003a                            : muldsi3.S.obj (.text.__muldsi3)
                  00004416    00000002     --HOLE-- [fill = 0]
                  00004418    00000038     ti_msp_dl_config.o (.text.SYSCFG_DL_init)
                  00004450    00000038     libclang_rt.builtins.a : fixsfsi.S.obj (.text.__fixsfsi)
                  00004488    00000036     OLED.o (.text.OLED_SetCursor)
                  000044be    00000002     --HOLE-- [fill = 0]
                  000044c0    00000034     ti_msp_dl_config.o (.text.DL_GPIO_initDigitalInputFeatures)
                  000044f4    00000034     ti_msp_dl_config.o (.text.SYSCFG_DL_TIMER_0_init)
                  00004528    00000034     libc.a : fopen.c.obj (.text.__TI_cleanup)
                  0000455c    00000034     libsysbm.a : trgmsg.c.obj (.text.__TI_readmsg)
                  00004590    00000034                : trgmsg.c.obj (.text.__TI_writemsg)
                  000045c4    00000034     libc.a : exit.c.obj (.text.exit)
                  000045f8    00000034            : getdevice.c.obj (.text.finddevice)
                  0000462c    00000034     Serial.o (.text.uart0_printf)
                  00004660    00000032     libclang_rt.builtins.a : fixunssfsi.S.obj (.text.__fixunssfsi)
                  00004692    00000002     --HOLE-- [fill = 0]
                  00004694    00000030     interrupt.o (.text.DL_DMA_setTransferSize)
                  000046c4    00000030     wit.o (.text.DL_DMA_setTransferSize)
                  000046f4    00000030     ti_msp_dl_config.o (.text.DL_GPIO_initDigitalOutputFeatures)
                  00004724    00000030     Serial.o (.text.UART0_IRQHandler)
                  00004754    00000030     libc.a : _printfi.c.obj (.text._fcpy)
                  00004784    00000030            : vsnprintf.c.obj (.text._outs)
                  000047b4    0000002c     empty.o (.text.__NVIC_ClearPendingIRQ)
                  000047e0    0000002c     empty.o (.text.__NVIC_EnableIRQ)
                  0000480c    0000002c     wit.o (.text.__NVIC_EnableIRQ)
                  00004838    0000002c     libclang_rt.builtins.a : floatsidf.S.obj (.text.__floatsidf)
                  00004864    0000002c     Serial.o (.text.uart0_send_char)
                  00004890    0000002c     libsysbm.a : unlink.c.obj (.text.unlink)
                  000048bc    0000002a     OLED.o (.text.OLED_WriteCommand)
                  000048e6    0000002a     OLED.o (.text.OLED_WriteData)
                  00004910    00000028     ti_msp_dl_config.o (.text.DL_Common_updateReg)
                  00004938    00000028     interrupt.o (.text.DL_DMA_setDestAddr)
                  00004960    00000028     wit.o (.text.DL_DMA_setDestAddr)
                  00004988    00000028     wit.o (.text.DL_DMA_setSrcAddr)
                  000049b0    00000028     ti_msp_dl_config.o (.text.DL_I2C_setControllerRXFIFOThreshold)
                  000049d8    00000028     ti_msp_dl_config.o (.text.DL_I2C_setControllerTXFIFOThreshold)
                  00004a00    00000028     ti_msp_dl_config.o (.text.DL_UART_setRXFIFOThreshold)
                  00004a28    00000028     OLED.o (.text.OLED_Pow)
                  00004a50    00000028     libclang_rt.builtins.a : floatunsisf.S.obj (.text.__floatunsisf)
                  00004a78    00000028     libc.a : memory.c.obj (.text.free_list_insert)
                  00004aa0    00000028     libsysbm.a : lseek.c.obj (.text.lseek)
                  00004ac8    00000028                : write.c.obj (.text.write)
                  00004af0    00000028     libc.a : boot_cortex_m.c.obj (.text:_c_int00_noargs)
                  00004b18    00000026     interrupt.o (.text.DL_DMA_disableChannel)
                  00004b3e    00000026     interrupt.o (.text.DL_DMA_enableChannel)
                  00004b64    00000026     wit.o (.text.DL_DMA_enableChannel)
                  00004b8a    00000026     ti_msp_dl_config.o (.text.DL_I2C_setAnalogGlitchFilterPulseWidth)
                  00004bb0    00000026     driverlib.a : dl_i2c.o (.text.DL_I2C_setClockConfig)
                  00004bd6    00000026     ti_msp_dl_config.o (.text.SYSCFG_DL_SYSCTL_init)
                  00004bfc    00000024     interrupt.o (.text.DL_DMA_getTransferSize)
                  00004c20    00000024     ti_msp_dl_config.o (.text.DL_UART_setRXInterruptTimeout)
                  00004c44    00000024     libclang_rt.builtins.a : muldi3.S.obj (.text.__muldi3)
                  00004c68    00000022     libc.a : memccpy.c.obj (.text.memccpy)
                  00004c8a    00000002     --HOLE-- [fill = 0]
                  00004c8c    00000020     ti_msp_dl_config.o (.text.DL_GPIO_initPeripheralInputFunction)
                  00004cac    0000001e     ti_msp_dl_config.o (.text.DL_UART_setOversampling)
                  00004cca    00000002     --HOLE-- [fill = 0]
                  00004ccc    0000001e     libclang_rt.builtins.a : ashldi3.S.obj (.text.__ashldi3)
                  00004cea    00000002     --HOLE-- [fill = 0]
                  00004cec    0000001c     HCSR04.o (.text.DL_GPIO_clearInterruptStatus)
                  00004d08    0000001c     sys.o (.text.DL_GPIO_clearInterruptStatus)
                  00004d24    0000001c     ti_msp_dl_config.o (.text.DL_GPIO_clearInterruptStatus)
                  00004d40    0000001c     HCSR04.o (.text.DL_GPIO_disableInterrupt)
                  00004d5c    0000001c     sys.o (.text.DL_GPIO_disableInterrupt)
                  00004d78    0000001c     ti_msp_dl_config.o (.text.DL_GPIO_enableHiZ)
                  00004d94    0000001c     HCSR04.o (.text.DL_GPIO_enableInterrupt)
                  00004db0    0000001c     ti_msp_dl_config.o (.text.DL_GPIO_enableInterrupt)
                  00004dcc    0000001c     ti_msp_dl_config.o (.text.DL_GPIO_initPeripheralOutputFunction)
                  00004de8    0000001c     ti_msp_dl_config.o (.text.DL_GPIO_setLowerPinsPolarity)
                  00004e04    0000001c     ti_msp_dl_config.o (.text.DL_SYSCTL_setSYSOSCFreq)
                  00004e20    0000001c     ti_msp_dl_config.o (.text.DL_Timer_enableInterrupt)
                  00004e3c    0000001c     driverlib.a : dl_timer.o (.text.DL_Timer_setCaptCompUpdateMethod)
                  00004e58    0000001c                 : dl_timer.o (.text.DL_Timer_setClockConfig)
                  00004e74    0000001c     ti_msp_dl_config.o (.text.DL_UART_enableInterrupt)
                  00004e90    0000001c     interrupt.o (.text.SysTick_Handler)
                  00004eac    0000001c     libc.a : memory.c.obj (.text.free_list_remove)
                  00004ec8    00000018     ti_msp_dl_config.o (.text.DL_GPIO_enableOutput)
                  00004ee0    00000018     ti_msp_dl_config.o (.text.DL_GPIO_enablePower)
                  00004ef8    00000018     sys.o (.text.DL_GPIO_getEnabledInterruptStatus)
                  00004f10    00000018     ti_msp_dl_config.o (.text.DL_GPIO_initDigitalOutput)
                  00004f28    00000018     ti_msp_dl_config.o (.text.DL_GPIO_reset)
                  00004f40    00000018     Control.o (.text.DL_GPIO_setPins)
                  00004f58    00000018     HCSR04.o (.text.DL_GPIO_setPins)
                  00004f70    00000018     OLED.o (.text.DL_GPIO_setPins)
                  00004f88    00000018     ti_msp_dl_config.o (.text.DL_GPIO_setPins)
                  00004fa0    00000018     ti_msp_dl_config.o (.text.DL_GPIO_setUpperPinsPolarity)
                  00004fb8    00000018     sys.o (.text.DL_GPIO_togglePins)
                  00004fd0    00000018     ti_msp_dl_config.o (.text.DL_I2C_enableAnalogGlitchFilter)
                  00004fe8    00000018     ti_msp_dl_config.o (.text.DL_I2C_enableController)
                  00005000    00000018     ti_msp_dl_config.o (.text.DL_I2C_enableControllerClockStretching)
                  00005018    00000018     ti_msp_dl_config.o (.text.DL_I2C_enablePower)
                  00005030    00000018     ti_msp_dl_config.o (.text.DL_I2C_reset)
                  00005048    00000018     ti_msp_dl_config.o (.text.DL_I2C_setTimerPeriod)
                  00005060    00000018     ti_msp_dl_config.o (.text.DL_SYSCTL_setBORThreshold)
                  00005078    00000018     ti_msp_dl_config.o (.text.DL_Timer_enablePower)
                  00005090    00000018     ti_msp_dl_config.o (.text.DL_Timer_reset)
                  000050a8    00000018     driverlib.a : dl_timer.o (.text.DL_Timer_setCaptureCompareOutCtl)
                  000050c0    00000018     ti_msp_dl_config.o (.text.DL_UART_enableDMAReceiveEvent)
                  000050d8    00000018     ti_msp_dl_config.o (.text.DL_UART_enableFIFOs)
                  000050f0    00000018     ti_msp_dl_config.o (.text.DL_UART_enablePower)
                  00005108    00000018     Serial.o (.text.DL_UART_isBusy)
                  00005120    00000018     interrupt.o (.text.DL_UART_isRXFIFOEmpty)
                  00005138    00000018     ti_msp_dl_config.o (.text.DL_UART_reset)
                  00005150    00000018     Encoder.o (.text.Get_Encoder_Left)
                  00005168    00000018     Encoder.o (.text.Get_Encoder_Right)
                  00005180    00000018     OLED.o (.text.OLED_Init)
                  00005198    00000018     ti_msp_dl_config.o (.text.SYSCFG_DL_DMA_WIT_init)
                  000051b0    00000018     libc.a : vsnprintf.c.obj (.text._outc)
                  000051c8    00000016     sys.o (.text.DL_GPIO_readPins)
                  000051de    00000016     ti_msp_dl_config.o (.text.DL_UART_enable)
                  000051f4    00000016     Serial.o (.text.DL_UART_transmitData)
                  0000520a    00000016     libc.a : copy_zero_init.c.obj (.text:decompress:ZI:__TI_zero_init_nomemset)
                  00005220    00000014     APP.o (.text.APP_Init)
                  00005234    00000014     Control.o (.text.DL_GPIO_clearPins)
                  00005248    00000014     HCSR04.o (.text.DL_GPIO_clearPins)
                  0000525c    00000014     OLED.o (.text.DL_GPIO_clearPins)
                  00005270    00000014     ti_msp_dl_config.o (.text.DL_GPIO_clearPins)
                  00005284    00000014     ti_msp_dl_config.o (.text.DL_I2C_resetControllerTransfer)
                  00005298    00000014     ti_msp_dl_config.o (.text.DL_SYSCTL_disableSYSPLL)
                  000052ac    00000014     ti_msp_dl_config.o (.text.DL_Timer_enableClock)
                  000052c0    00000014     ti_msp_dl_config.o (.text.DL_Timer_setCCPDirection)
                  000052d4    00000014     Serial.o (.text.DL_UART_receiveData)
                  000052e8    00000014     interrupt.o (.text.DL_UART_receiveData)
                  000052fc    00000014     libclang_rt.builtins.a : aeabi_uldivmod.S.obj (.text.__aeabi_uldivmod)
                  00005310    00000014     libc.a : _printfi.c.obj (.text.strchr)
                  00005324    00000012     sys.o (.text.DL_Timer_getPendingInterrupt)
                  00005336    00000012     Serial.o (.text.DL_UART_getPendingInterrupt)
                  00005348    00000012     driverlib.a : dl_uart.o (.text.DL_UART_setClockConfig)
                  0000535a    00000012     delay.o (.text.delay_1us)
                  0000536c    00000012     libc.a : memcpy16.S.obj (.text:TI_memcpy_small)
                  0000537e    00000012            : copy_decompress_none.c.obj (.text:decompress:none)
                  00005390    00000010     ti_msp_dl_config.o (.text.DL_SYSCTL_disableHFXT)
                  000053a0    00000010     HCSR04.o (.text.DL_Timer_getTimerCount)
                  000053b0    00000010     driverlib.a : dl_timer.o (.text.DL_Timer_setCaptureCompareValue)
                  000053c0    00000010     libc.a : wcslen.c.obj (.text.wcslen)
                  000053d0    0000000e            : memory.c.obj (.text.OUTLINED_FUNCTION_0)
                  000053de    00000002     --HOLE-- [fill = 0]
                  000053e0    0000000e     libclang_rt.builtins.a : aeabi_memset.S.obj (.text.__aeabi_memset)
                  000053ee    0000000e     libsysbm.a : hostrename.c.obj (.text.strcpy)
                  000053fc    0000000e     libc.a : _printfi.c.obj (.text.strlen)
                  0000540a    0000000e     libsysbm.a : hostrename.c.obj (.text.strlen)
                  00005418    0000000e     libc.a : memset16.S.obj (.text:TI_memset_small)
                  00005426    0000000c     ti_msp_dl_config.o (.text.SYSCFG_DL_SYSTICK_init)
                  00005432    00000002     --HOLE-- [fill = 0]
                  00005434    0000000c     libclang_rt.builtins.a : aeabi_memset.S.obj (.text.__aeabi_memclr)
                  00005440    0000000c     libc.a : memory.c.obj (.text.malloc)
                  0000544c    0000000a     driverlib.a : dl_common.o (.text.DL_Common_delayCycles)
                  00005456    0000000a     libc.a : _printfi.c.obj (.text.OUTLINED_FUNCTION_0)
                  00005460    00000010     libclang_rt.builtins.a : adddf3.S.obj (.tramp.__aeabi_dsub.1)
                  00005470    0000000a     libc.a : _printfi.c.obj (.text.OUTLINED_FUNCTION_1)
                  0000547a    00000008     ti_msp_dl_config.o (.text.SYSCFG_DL_DMA_init)
                  00005482    00000002     --HOLE-- [fill = 0]
                  00005484    00000008     libc.a : aeabi_portable.c.obj (.text.__aeabi_errno_addr)
                  0000548c    00000008     libclang_rt.builtins.a : aeabi_memcpy.S.obj (.text.__aeabi_memcpy)
                  00005494    00000008     libc.a : printf.c.obj (.text._outc)
                  0000549c    00000008            : printf.c.obj (.text._outs)
                  000054a4    00000008            : fseek.c.obj (.text.fseek)
                  000054ac    00000008     libsysbm.a : remove.c.obj (.text.remove)
                  000054b4    00000006     libc.a : exit.c.obj (.text:abort)
                  000054ba    00000004     libsysbm.a : hostexit.c.obj (.text.HOSTexit)
                  000054be    00000004     startup_mspm0g350x_ticlang.o (.text.Reset_Handler)
                  000054c2    00000002     --HOLE-- [fill = 0]
                  000054c4    00000010     libc.a : boot_cortex_m.c.obj (.tramp._c_int00_noargs.1)
                  000054d4    00000004            : pre_init.c.obj (.text._system_pre_init)
                  000054d8    00000008     --HOLE-- [fill = 0]

.cinit     0    00005c70    000000a8     
                  00005c70    00000080     (.cinit..data.load) [load image, compression = lzss]
                  00005cf0    0000000c     (__TI_handler_table)
                  00005cfc    00000008     (.cinit..bss.load) [load image, compression = zero_init]
                  00005d04    00000010     (__TI_cinit_table)
                  00005d14    00000004     --HOLE-- [fill = 0]

.rodata    0    000054e0    00000790     
                  000054e0    000005f0     OLED.o (.rodata.OLED_F8x16)
                  00005ad0    00000101     libc.a : aeabi_ctype.S.obj (.rodata:__aeabi_ctype_table_)
                  00005bd1    00000003     ti_msp_dl_config.o (.rodata.gPWMClockConfig)
                  00005bd4    00000018     ti_msp_dl_config.o (.rodata.gDMA_WITConfig)
                  00005bec    00000014     ti_msp_dl_config.o (.rodata.gTIMER_0TimerConfig)
                  00005c00    00000011     libc.a : _printfi.c.obj (.rodata.str1.10348868589481759720.1)
                  00005c11    00000011            : _printfi.c.obj (.rodata.str1.15363888844622738466.1)
                  00005c22    0000000a     ti_msp_dl_config.o (.rodata.gUART_0Config)
                  00005c2c    0000000a     ti_msp_dl_config.o (.rodata.gUART_WITConfig)
                  00005c36    00000002     ti_msp_dl_config.o (.rodata.gI2C_MPU6050ClockConfig)
                  00005c38    00000008     ti_msp_dl_config.o (.rodata.gPWMConfig)
                  00005c40    00000008     empty.o (.rodata.str1.9517790425240694019.1)
                  00005c48    00000007     empty.o (.rodata.str1.17669528882079347314.1)
                  00005c4f    00000005     empty.o (.rodata.str1.11898133897667081452.1)
                  00005c54    00000003     ti_msp_dl_config.o (.rodata.gTIMER_0ClockConfig)
                  00005c57    00000003     empty.o (.rodata.str1.14685083708502177989.1)
                  00005c5a    00000003     empty.o (.rodata.str1.254342170260855183.1)
                  00005c5d    00000002     ti_msp_dl_config.o (.rodata.gUART_0ClockConfig)
                  00005c5f    00000002     ti_msp_dl_config.o (.rodata.gUART_WITClockConfig)
                  00005c61    0000000f     --HOLE-- [fill = 0]

.init_array 
*          0    00000000    00000000     UNINITIALIZED

.binit     0    00000000    00000000     

.sysmem    0    20200000    00000800     UNINITIALIZED
                  20200000    00000010     libc.a : memory.c.obj (.sysmem)
                  20200010    000007f0     --HOLE--

.bss       0    20200800    000002e4     UNINITIALIZED
                  20200800    00000120     libsysbm.a : trgmsg.c.obj (.bss:_CIOBUF_)
                  20200920    000000bc     (.common:gPWMBackup)
                  202009dc    000000a0     libc.a : defs.c.obj (.bss.__TI_tmpnams)
                  20200a7c    00000021     (.common:wit_dmaBuffer)
                  20200a9d    00000001     (.common:uart_data)
                  20200a9e    00000002     --HOLE--
                  20200aa0    00000020     (.common:wit_data)
                  20200ac0    00000008     libsysbm.a : hostopen.c.obj (.bss.parmbuf)
                  20200ac8    00000004     libc.a : memory.c.obj (.bss.sys_free)
                  20200acc    00000004     (.common:LED_count)
                  20200ad0    00000004     (.common:OLED_SCL_PORT)
                  20200ad4    00000004     (.common:OLED_SDA_PORT)
                  20200ad8    00000004     (.common:PID_count)
                  20200adc    00000004     (.common:_OLED_SCL_PIN)
                  20200ae0    00000004     (.common:_OLED_SDA_PIN)

.data      0    20200ae4    00000251     UNINITIALIZED
                  20200ae4    000000f0     libc.a : defs.c.obj (.data._ftable)
                  20200bd4    00000078     libsysbm.a : host_device.c.obj (.data._device)
                  20200c4c    00000050                : host_device.c.obj (.data._stream)
                  20200c9c    0000001c     sys.o (.data.TIMG0_IRQHandler.left)
                  20200cb8    0000001c     sys.o (.data.TIMG0_IRQHandler.right)
                  20200cd4    0000001c     sys.o (.data.TIMG0_IRQHandler.turn)
                  20200cf0    00000008     libc.a : exit.c.obj (.data..L_MergedGlobals)
                  20200cf8    00000004     Encoder.o (.data.Encoder_Left_Value)
                  20200cfc    00000004     Encoder.o (.data.Encoder_Right_Value)
                  20200d00    00000004     Encoder.o (.data.Encoder_i_Value)
                  20200d04    00000004     HCSR04.o (.data.HCSR04_StartTime)
                  20200d08    00000004     libc.a : defs.c.obj (.data.__TI_ft_end)
                  20200d0c    00000004            : aeabi_portable.c.obj (.data.__aeabi_errno)
                  20200d10    00000004            : _lock.c.obj (.data._lock)
                  20200d14    00000004            : _lock.c.obj (.data._unlock)
                  20200d18    00000004     APP.o (.data.app_serial_printf)
                  20200d1c    00000004     delay.o (.data.delay_times)
                  20200d20    00000004     HCSR04.o (.data.distance)
                  20200d24    00000004     sys.o (.data.left_encoder_value)
                  20200d28    00000004     HCSR04.o (.data.msHcCount)
                  20200d2c    00000004     sys.o (.data.right_encoder_value)
                  20200d30    00000001     HCSR04.o (.data.SR04_Flag)
                  20200d31    00000001     HCSR04.o (.data.sr04_state)
                  20200d32    00000002     --HOLE--
                  20200d34    00000001     libc.a : memory.c.obj (.data.memory_is_initialized)

.stack     0    20207e00    00000200     UNINITIALIZED
                  20207e00    00000004     libc.a : boot_cortex_m.c.obj (.stack)
                  20207e04    000001fc     --HOLE--

__llvm_prf_cnts 
*          0    20200000    00000000     UNINITIALIZED

__llvm_prf_bits 
*          0    20200000    00000000     UNINITIALIZED

MODULE SUMMARY

       Module                         code    ro data   rw data
       ------                         ----    -------   -------
    .\
       ti_msp_dl_config.o             2776    84        188    
       empty.o                        316     26        0      
       startup_mspm0g350x_ticlang.o   8       192       0      
    +--+------------------------------+-------+---------+---------+
       Total:                         3100    302       188    
                                                               
    .\Hardware\APP\
       APP.o                          20      0         4      
    +--+------------------------------+-------+---------+---------+
       Total:                         20      0         4      
                                                               
    .\Hardware\Control\
       Control.o                      308     0         0      
    +--+------------------------------+-------+---------+---------+
       Total:                         308     0         0      
                                                               
    .\Hardware\Encoder\
       Encoder.o                      48      0         12     
    +--+------------------------------+-------+---------+---------+
       Total:                         48      0         12     
                                                               
    .\Hardware\HCSR04\
       HCSR04.o                       416     0         14     
    +--+------------------------------+-------+---------+---------+
       Total:                         416     0         14     
                                                               
    .\Hardware\OLED\
       OLED.o                         1680    1520      16     
    +--+------------------------------+-------+---------+---------+
       Total:                         1680    1520      16     
                                                               
    .\Hardware\PID\
       pid.o                          508     0         0      
    +--+------------------------------+-------+---------+---------+
       Total:                         508     0         0      
                                                               
    .\Hardware\Serial\
       Serial.o                       288     0         1      
    +--+------------------------------+-------+---------+---------+
       Total:                         288     0         1      
                                                               
    .\Hardware\WIT\
       interrupt.o                    1144    0         0      
       wit.o                          278     0         65     
    +--+------------------------------+-------+---------+---------+
       Total:                         1422    0         65     
                                                               
    .\system\delay\
       delay.o                        18      0         4      
    +--+------------------------------+-------+---------+---------+
       Total:                         18      0         4      
                                                               
    .\system\sys\
       sys.o                          1068    0         100    
    +--+------------------------------+-------+---------+---------+
       Total:                         1068    0         100    
                                                               
    C:/TI/mspm0_sdk_2_04_00_06/source/ti/driverlib/lib/ticlang/m0p/mspm0g1x0x_g3x0x/driverlib.a
       dl_timer.o                     588     0         0      
       dl_uart.o                      174     0         0      
       dl_dma.o                       76      0         0      
       dl_i2c.o                       38      0         0      
       dl_common.o                    10      0         0      
    +--+------------------------------+-------+---------+---------+
       Total:                         886     0         0      
                                                               
    D:\ti\ccs\tools\compiler\ti-cgt-armllvm_4.0.2.LTS\lib\armv6m-ti-none-eabi/c/libc.a
       _printfi.c.obj                 4510    34        0      
       memory.c.obj                   702     0         5      
       defs.c.obj                     0       0         404    
       aeabi_ctype.S.obj              0       257       0      
       fputs.c.obj                    248     0         0      
       setvbuf.c.obj                  224     0         0      
       s_scalbn.c.obj                 216     0         0      
       getdevice.c.obj                160     0         0      
       fputc.c.obj                    156     0         0      
       strcmp-armv6m.S.obj            136     0         0      
       vsnprintf.c.obj                136     0         0      
       copy_decompress_lzss.c.obj     124     0         0      
       fclose.c.obj                   124     0         0      
       fseek.c.obj                    116     0         0      
       printf.c.obj                   108     0         0      
       _io_perm.c.obj                 100     0         0      
       s_frexp.c.obj                  92      0         0      
       _ltoa.c.obj                    88      0         0      
       fflush.c.obj                   82      0         0      
       exit.c.obj                     58      0         8      
       atoi.c.obj                     64      0         0      
       autoinit.c.obj                 60      0         0      
       boot_cortex_m.c.obj            56      0         0      
       fopen.c.obj                    52      0         0      
       memccpy.c.obj                  34      0         0      
       copy_zero_init.c.obj           22      0         0      
       copy_decompress_none.c.obj     18      0         0      
       memcpy16.S.obj                 18      0         0      
       wcslen.c.obj                   16      0         0      
       memset16.S.obj                 14      0         0      
       aeabi_portable.c.obj           8       0         4      
       _lock.c.obj                    2       0         8      
       pre_init.c.obj                 4       0         0      
    +--+------------------------------+-------+---------+---------+
       Total:                         7748    291       429    
                                                               
    D:\ti\ccs\tools\compiler\ti-cgt-armllvm_4.0.2.LTS\lib\armv6m-ti-none-eabi/c/libsysbm.a
       trgmsg.c.obj                   104     0         288    
       host_device.c.obj              0       0         200    
       hostrename.c.obj               136     0         0      
       hostlseek.c.obj                108     0         0      
       hostopen.c.obj                 96      0         8      
       hostread.c.obj                 88      0         0      
       hostwrite.c.obj                88      0         0      
       close.c.obj                    80      0         0      
       hostclose.c.obj                72      0         0      
       hostunlink.c.obj               72      0         0      
       unlink.c.obj                   44      0         0      
       lseek.c.obj                    40      0         0      
       write.c.obj                    40      0         0      
       remove.c.obj                   8       0         0      
       hostexit.c.obj                 4       0         0      
    +--+------------------------------+-------+---------+---------+
       Total:                         980     0         496    
                                                               
    D:\ti\ccs\tools\compiler\ti-cgt-armllvm_4.0.2.LTS\lib\armv6m-ti-none-eabi/libclang_rt.builtins.a
       adddf3.S.obj                   418     0         0      
       divdf3.S.obj                   268     0         0      
       muldf3.S.obj                   228     0         0      
       comparedf2.c.obj               220     0         0      
       addsf3.S.obj                   216     0         0      
       udivmoddi4.S.obj               162     0         0      
       mulsf3.S.obj                   140     0         0      
       divsf3.S.obj                   130     0         0      
       comparesf2.S.obj               118     0         0      
       truncdfsf2.S.obj               116     0         0      
       aeabi_dcmp.S.obj               98      0         0      
       aeabi_fcmp.S.obj               98      0         0      
       aeabi_idivmod.S.obj            86      0         0      
       fixdfsi.S.obj                  74      0         0      
       fixunsdfsi.S.obj               66      0         0      
       aeabi_uidivmod.S.obj           64      0         0      
       extendsfdf2.S.obj              64      0         0      
       floatsisf.S.obj                60      0         0      
       muldsi3.S.obj                  58      0         0      
       fixsfsi.S.obj                  56      0         0      
       fixunssfsi.S.obj               50      0         0      
       floatsidf.S.obj                44      0         0      
       floatunsisf.S.obj              40      0         0      
       muldi3.S.obj                   36      0         0      
       ashldi3.S.obj                  30      0         0      
       aeabi_memset.S.obj             26      0         0      
       aeabi_uldivmod.S.obj           20      0         0      
       aeabi_memcpy.S.obj             8       0         0      
       aeabi_div0.c.obj               4       0         0      
    +--+------------------------------+-------+---------+---------+
       Total:                         2998    0         0      
                                                               
       Heap:                          0       0         2048   
       Stack:                         0       0         512    
       Linker Generated:              0       164       0      
    +--+------------------------------+-------+---------+---------+
       Grand Total:                   21488   2277      3889   


LINKER GENERATED COPY TABLES

__TI_cinit_table @ 00005d04 records: 2, size/record: 8, table size: 16
	.data: load addr=00005c70, load size=00000080 bytes, run addr=20200ae4, run size=00000251 bytes, compression=lzss
	.bss: load addr=00005cfc, load size=00000008 bytes, run addr=20200800, run size=000002e4 bytes, compression=zero_init


LINKER GENERATED HANDLER TABLE

__TI_handler_table @ 00005cf0 records: 3, size/record: 4, table size: 12
	index: 0, handler: __TI_decompress_lzss
	index: 1, handler: __TI_decompress_none
	index: 2, handler: __TI_zero_init


FAR CALL TRAMPOLINES

callee name               trampoline name
   callee addr  tramp addr   call addr  call info
--------------  -----------  ---------  ----------------
__aeabi_dsub              $Tramp$TT$L$PI$$__aeabi_dsub
   00001655     00005460     0000545e   libc.a : _printfi.c.obj (.text.OUTLINED_FUNCTION_0)
_c_int00_noargs           $Tramp$TT$L$PI$$_c_int00_noargs
   00004af1     000054c4     000054be   startup_mspm0g350x_ticlang.o (.text.Reset_Handler)

[2 trampolines]
[2 trampoline calls]


GLOBAL SYMBOLS: SORTED ALPHABETICALLY BY Name 

address   name                            
-------   ----                            
0000300d  ADC0_IRQHandler                 
0000300d  ADC1_IRQHandler                 
0000300d  AES_IRQHandler                  
00005221  APP_Init                        
000054ba  C$$EXIT                         
000045bd  C$$IO$$                         
0000300d  CANFD0_IRQHandler               
00001dd1  Control_speed                   
0000300d  DAC0_IRQHandler                 
0000544d  DL_Common_delayCycles           
00003de5  DL_DMA_initChannel              
00004bb1  DL_I2C_setClockConfig           
00001ed9  DL_Timer_initFourCCPWMMode      
000021d1  DL_Timer_initTimerMode          
00004e3d  DL_Timer_setCaptCompUpdateMethod
000050a9  DL_Timer_setCaptureCompareOutCtl
000053b1  DL_Timer_setCaptureCompareValue 
00004e59  DL_Timer_setClockConfig         
00003bfd  DL_UART_drainRXFIFO             
00003f15  DL_UART_init                    
00005349  DL_UART_setClockConfig          
0000300d  DMA_IRQHandler                  
0000300d  Default_Handler                 
20200cf8  Encoder_Left_Value              
20200cfc  Encoder_Right_Value             
20200d00  Encoder_i_Value                 
00002a6f  FeedbackControl                 
0000300d  GROUP0_IRQHandler               
00000df9  GROUP1_IRQHandler               
00005151  Get_Encoder_Left                
00005169  Get_Encoder_Right               
00003fed  Get_TIMER_Count                 
20200d04  HCSR04_StartTime                
00003f5d  HOSTclose                       
000054bb  HOSTexit                        
00003405  HOSTlseek                       
0000387d  HOSTopen                        
00003995  HOSTread                        
00003471  HOSTrename                      
00003fa5  HOSTunlink                      
000039ed  HOSTwrite                       
0000300d  HardFault_Handler               
0000300d  I2C0_IRQHandler                 
0000300d  I2C1_IRQHandler                 
20200acc  LED_count                       
0000300d  NMI_Handler                     
00003b4d  OLED_Clear                      
000054e0  OLED_F8x16                      
00002d2d  OLED_I2C_SendByte               
00003cf5  OLED_I2C_Start                  
000040b9  OLED_I2C_Stop                   
00005181  OLED_Init                       
00001fdd  OLED_Init_Custom                
00004a29  OLED_Pow                        
20200ad0  OLED_SCL_PORT                   
20200ad4  OLED_SDA_PORT                   
00004489  OLED_SetCursor                  
00002b25  OLED_ShowChar                   
000017e9  OLED_ShowFloatNum               
00002bd9  OLED_ShowSignedNum              
00003e7d  OLED_ShowString                 
000048bd  OLED_WriteCommand               
000048e7  OLED_WriteData                  
20200ad8  PID_count                       
0000300d  PendSV_Handler                  
0000300d  RTC_IRQHandler                  
000054bf  Reset_Handler                   
0000300d  SPI0_IRQHandler                 
0000300d  SPI1_IRQHandler                 
20200d30  SR04_Flag                       
000028e1  SR04_GetLength                  
0000300d  SVC_Handler                     
00005199  SYSCFG_DL_DMA_WIT_init          
0000547b  SYSCFG_DL_DMA_init              
000014a9  SYSCFG_DL_GPIO_init             
00003a45  SYSCFG_DL_I2C_MPU6050_init      
00002e69  SYSCFG_DL_PWM_init              
00004bd7  SYSCFG_DL_SYSCTL_init           
00005427  SYSCFG_DL_SYSTICK_init          
000044f5  SYSCFG_DL_TIMER_0_init          
000040f9  SYSCFG_DL_UART_0_init           
000035b5  SYSCFG_DL_UART_WIT_init         
00004419  SYSCFG_DL_init                  
00002ef5  SYSCFG_DL_initPower             
00004e91  SysTick_Handler                 
0000300d  TIMA0_IRQHandler                
0000300d  TIMA1_IRQHandler                
000022b9  TIMG0_IRQHandler                
0000300d  TIMG12_IRQHandler               
0000300d  TIMG6_IRQHandler                
0000300d  TIMG7_IRQHandler                
0000300d  TIMG8_IRQHandler                
0000536d  TI_memcpy_small                 
00005419  TI_memset_small                 
000029ad  Turn_Pid                        
00004725  UART0_IRQHandler                
0000300d  UART1_IRQHandler                
00000a91  UART2_IRQHandler                
0000300d  UART3_IRQHandler                
00004031  WIT_Init                        
20200800  _CIOBUF_                        
20200adc  _OLED_SCL_PIN                   
20200ae0  _OLED_SDA_PIN                   
20200800  __CIOBUF_                       
20208000  __STACK_END                     
00000200  __STACK_SIZE                    
00000800  __SYSMEM_SIZE                   
00000000  __TI_ATRegion0_region_sz        
00000000  __TI_ATRegion0_src_addr         
00000000  __TI_ATRegion0_trg_addr         
00000000  __TI_ATRegion1_region_sz        
00000000  __TI_ATRegion1_src_addr         
00000000  __TI_ATRegion1_trg_addr         
00000000  __TI_ATRegion2_region_sz        
00000000  __TI_ATRegion2_src_addr         
00000000  __TI_ATRegion2_trg_addr         
00005d04  __TI_CINIT_Base                 
00005d14  __TI_CINIT_Limit                
00005d14  __TI_CINIT_Warm                 
00005cf0  __TI_Handler_Table_Base         
00005cfc  __TI_Handler_Table_Limit        
00004365  __TI_auto_init_nobinit_nopinit  
00004529  __TI_cleanup                    
20200cf0  __TI_cleanup_ptr                
00003225  __TI_closefile                  
000032a1  __TI_decompress_lzss            
0000537f  __TI_decompress_none            
00003c51  __TI_doflush                    
20200cf4  __TI_dtors_ptr                  
20200d08  __TI_ft_end                     
00003a9d  __TI_ltoa                       
ffffffff  __TI_pprof_out_hndl             
000000c1  __TI_printfi                    
ffffffff  __TI_prof_data_size             
ffffffff  __TI_prof_data_start            
0000455d  __TI_readmsg                    
00000000  __TI_static_base__              
202009dc  __TI_tmpnams                    
00004591  __TI_writemsg                   
000036eb  __TI_wrt_ok                     
0000520b  __TI_zero_init_nomemset         
0000165f  __adddf3                        
00002813  __addsf3                        
00005ad0  __aeabi_ctype_table_            
00005ad0  __aeabi_ctype_table_C           
00003391  __aeabi_d2f                     
00003ec9  __aeabi_d2iz                    
00004075  __aeabi_d2uiz                   
0000165f  __aeabi_dadd                    
000037b5  __aeabi_dcmpeq                  
000037f1  __aeabi_dcmpge                  
00003805  __aeabi_dcmpgt                  
000037dd  __aeabi_dcmple                  
000037c9  __aeabi_dcmplt                  
00001cc5  __aeabi_ddiv                    
00002489  __aeabi_dmul                    
00001655  __aeabi_dsub                    
20200d0c  __aeabi_errno                   
00005485  __aeabi_errno_addr              
00004179  __aeabi_f2d                     
00004451  __aeabi_f2iz                    
00004661  __aeabi_f2uiz                   
00002813  __aeabi_fadd                    
00003819  __aeabi_fcmpeq                  
00003855  __aeabi_fcmpge                  
00003869  __aeabi_fcmpgt                  
00003841  __aeabi_fcmple                  
0000382d  __aeabi_fcmplt                  
000031a1  __aeabi_fdiv                    
00002f81  __aeabi_fmul                    
00002809  __aeabi_fsub                    
00004839  __aeabi_i2d                     
000042b1  __aeabi_i2f                     
00003ba5  __aeabi_idiv                    
000017e7  __aeabi_idiv0                   
00003ba5  __aeabi_idivmod                 
00002c87  __aeabi_ldiv0                   
00004ccd  __aeabi_llsl                    
00004c45  __aeabi_lmul                    
00005435  __aeabi_memclr                  
00005435  __aeabi_memclr4                 
00005435  __aeabi_memclr8                 
0000548d  __aeabi_memcpy                  
0000548d  __aeabi_memcpy4                 
0000548d  __aeabi_memcpy8                 
000053e1  __aeabi_memset                  
000053e1  __aeabi_memset4                 
000053e1  __aeabi_memset8                 
00004a51  __aeabi_ui2f                    
00004139  __aeabi_uidiv                   
00004139  __aeabi_uidivmod                
000052fd  __aeabi_uldivmod                
00004ccd  __ashldi3                       
ffffffff  __binit__                       
0000361d  __cmpdf2                        
000043a1  __cmpsf2                        
00001cc5  __divdf3                        
000031a1  __divsf3                        
0000361d  __eqdf2                         
000043a1  __eqsf2                         
00004179  __extendsfdf2                   
00003ec9  __fixdfsi                       
00004451  __fixsfsi                       
00004075  __fixunsdfsi                    
00004661  __fixunssfsi                    
00004839  __floatsidf                     
000042b1  __floatsisf                     
00004a51  __floatunsisf                   
0000331d  __gedf2                         
000042ed  __gesf2                         
0000331d  __gtdf2                         
000042ed  __gtsf2                         
0000361d  __ledf2                         
000043a1  __lesf2                         
0000361d  __ltdf2                         
000043a1  __ltsf2                         
UNDEFED   __mpu_init                      
00002489  __muldf3                        
00004c45  __muldi3                        
000043dd  __muldsi3                       
00002f81  __mulsf3                        
0000361d  __nedf2                         
000043a1  __nesf2                         
20207e00  __stack                         
20200000  __start___llvm_prf_bits         
20200000  __start___llvm_prf_cnts         
20200000  __stop___llvm_prf_bits          
20200000  __stop___llvm_prf_cnts          
00001655  __subdf3                        
00002809  __subsf3                        
00003391  __truncdfsf2                    
00002c89  __udivmoddi4                    
00004af1  _c_int00_noargs                 
20200bd4  _device                         
20200ae4  _ftable                         
20200d10  _lock                           
00002d2b  _nop                            
20200c4c  _stream                         
20200000  _sys_memory                     
UNDEFED   _system_post_cinit              
000054d5  _system_pre_init                
20200d14  _unlock                         
000054b5  abort                           
00001bb1  aligned_alloc                   
000041b9  atoi                            
ffffffff  binit                           
00003d95  close                           
0000535b  delay_1us                       
20200d1c  delay_times                     
20200d20  distance                        
000045c5  exit                            
000045f9  finddevice                      
00002dcd  fputc                           
000020d9  fputs                           
000023a1  free                            
000038dd  frexp                           
000038dd  frexpl                          
000054a5  fseek                           
000034dd  fseeko                          
20200920  gPWMBackup                      
00003549  getdevice                       
00000000  interruptVectors                
00002731  ldexp                           
00002731  ldexpl                          
20200d24  left_encoder_value              
00004aa1  lseek                           
0000256d  main                            
00005441  malloc                          
00001bb1  memalign                        
00004c69  memccpy                         
0000311d  mithon_run                      
20200d28  msHcCount                       
20200ac0  parmbuf                         
00003939  printf                          
000054ad  remove                          
20200d2c  right_encoder_value             
00002731  scalbn                          
00002731  scalbnl                         
00002651  setvbuf                         
20200d31  sr04_state                      
00003011  strcmp                          
0000462d  uart0_printf                    
00004865  uart0_send_char                 
00004329  uart0_send_string               
20200a9d  uart_data                       
00004891  unlink                          
000041f9  vsnprintf                       
000053c1  wcslen                          
20200aa0  wit_data                        
20200a7c  wit_dmaBuffer                   
00004ac9  write                           


GLOBAL SYMBOLS: SORTED BY Symbol Address 

address   name                            
-------   ----                            
00000000  __TI_ATRegion0_region_sz        
00000000  __TI_ATRegion0_src_addr         
00000000  __TI_ATRegion0_trg_addr         
00000000  __TI_ATRegion1_region_sz        
00000000  __TI_ATRegion1_src_addr         
00000000  __TI_ATRegion1_trg_addr         
00000000  __TI_ATRegion2_region_sz        
00000000  __TI_ATRegion2_src_addr         
00000000  __TI_ATRegion2_trg_addr         
00000000  __TI_static_base__              
00000000  interruptVectors                
000000c1  __TI_printfi                    
00000200  __STACK_SIZE                    
00000800  __SYSMEM_SIZE                   
00000a91  UART2_IRQHandler                
00000df9  GROUP1_IRQHandler               
000014a9  SYSCFG_DL_GPIO_init             
00001655  __aeabi_dsub                    
00001655  __subdf3                        
0000165f  __adddf3                        
0000165f  __aeabi_dadd                    
000017e7  __aeabi_idiv0                   
000017e9  OLED_ShowFloatNum               
00001bb1  aligned_alloc                   
00001bb1  memalign                        
00001cc5  __aeabi_ddiv                    
00001cc5  __divdf3                        
00001dd1  Control_speed                   
00001ed9  DL_Timer_initFourCCPWMMode      
00001fdd  OLED_Init_Custom                
000020d9  fputs                           
000021d1  DL_Timer_initTimerMode          
000022b9  TIMG0_IRQHandler                
000023a1  free                            
00002489  __aeabi_dmul                    
00002489  __muldf3                        
0000256d  main                            
00002651  setvbuf                         
00002731  ldexp                           
00002731  ldexpl                          
00002731  scalbn                          
00002731  scalbnl                         
00002809  __aeabi_fsub                    
00002809  __subsf3                        
00002813  __addsf3                        
00002813  __aeabi_fadd                    
000028e1  SR04_GetLength                  
000029ad  Turn_Pid                        
00002a6f  FeedbackControl                 
00002b25  OLED_ShowChar                   
00002bd9  OLED_ShowSignedNum              
00002c87  __aeabi_ldiv0                   
00002c89  __udivmoddi4                    
00002d2b  _nop                            
00002d2d  OLED_I2C_SendByte               
00002dcd  fputc                           
00002e69  SYSCFG_DL_PWM_init              
00002ef5  SYSCFG_DL_initPower             
00002f81  __aeabi_fmul                    
00002f81  __mulsf3                        
0000300d  ADC0_IRQHandler                 
0000300d  ADC1_IRQHandler                 
0000300d  AES_IRQHandler                  
0000300d  CANFD0_IRQHandler               
0000300d  DAC0_IRQHandler                 
0000300d  DMA_IRQHandler                  
0000300d  Default_Handler                 
0000300d  GROUP0_IRQHandler               
0000300d  HardFault_Handler               
0000300d  I2C0_IRQHandler                 
0000300d  I2C1_IRQHandler                 
0000300d  NMI_Handler                     
0000300d  PendSV_Handler                  
0000300d  RTC_IRQHandler                  
0000300d  SPI0_IRQHandler                 
0000300d  SPI1_IRQHandler                 
0000300d  SVC_Handler                     
0000300d  TIMA0_IRQHandler                
0000300d  TIMA1_IRQHandler                
0000300d  TIMG12_IRQHandler               
0000300d  TIMG6_IRQHandler                
0000300d  TIMG7_IRQHandler                
0000300d  TIMG8_IRQHandler                
0000300d  UART1_IRQHandler                
0000300d  UART3_IRQHandler                
00003011  strcmp                          
0000311d  mithon_run                      
000031a1  __aeabi_fdiv                    
000031a1  __divsf3                        
00003225  __TI_closefile                  
000032a1  __TI_decompress_lzss            
0000331d  __gedf2                         
0000331d  __gtdf2                         
00003391  __aeabi_d2f                     
00003391  __truncdfsf2                    
00003405  HOSTlseek                       
00003471  HOSTrename                      
000034dd  fseeko                          
00003549  getdevice                       
000035b5  SYSCFG_DL_UART_WIT_init         
0000361d  __cmpdf2                        
0000361d  __eqdf2                         
0000361d  __ledf2                         
0000361d  __ltdf2                         
0000361d  __nedf2                         
000036eb  __TI_wrt_ok                     
000037b5  __aeabi_dcmpeq                  
000037c9  __aeabi_dcmplt                  
000037dd  __aeabi_dcmple                  
000037f1  __aeabi_dcmpge                  
00003805  __aeabi_dcmpgt                  
00003819  __aeabi_fcmpeq                  
0000382d  __aeabi_fcmplt                  
00003841  __aeabi_fcmple                  
00003855  __aeabi_fcmpge                  
00003869  __aeabi_fcmpgt                  
0000387d  HOSTopen                        
000038dd  frexp                           
000038dd  frexpl                          
00003939  printf                          
00003995  HOSTread                        
000039ed  HOSTwrite                       
00003a45  SYSCFG_DL_I2C_MPU6050_init      
00003a9d  __TI_ltoa                       
00003b4d  OLED_Clear                      
00003ba5  __aeabi_idiv                    
00003ba5  __aeabi_idivmod                 
00003bfd  DL_UART_drainRXFIFO             
00003c51  __TI_doflush                    
00003cf5  OLED_I2C_Start                  
00003d95  close                           
00003de5  DL_DMA_initChannel              
00003e7d  OLED_ShowString                 
00003ec9  __aeabi_d2iz                    
00003ec9  __fixdfsi                       
00003f15  DL_UART_init                    
00003f5d  HOSTclose                       
00003fa5  HOSTunlink                      
00003fed  Get_TIMER_Count                 
00004031  WIT_Init                        
00004075  __aeabi_d2uiz                   
00004075  __fixunsdfsi                    
000040b9  OLED_I2C_Stop                   
000040f9  SYSCFG_DL_UART_0_init           
00004139  __aeabi_uidiv                   
00004139  __aeabi_uidivmod                
00004179  __aeabi_f2d                     
00004179  __extendsfdf2                   
000041b9  atoi                            
000041f9  vsnprintf                       
000042b1  __aeabi_i2f                     
000042b1  __floatsisf                     
000042ed  __gesf2                         
000042ed  __gtsf2                         
00004329  uart0_send_string               
00004365  __TI_auto_init_nobinit_nopinit  
000043a1  __cmpsf2                        
000043a1  __eqsf2                         
000043a1  __lesf2                         
000043a1  __ltsf2                         
000043a1  __nesf2                         
000043dd  __muldsi3                       
00004419  SYSCFG_DL_init                  
00004451  __aeabi_f2iz                    
00004451  __fixsfsi                       
00004489  OLED_SetCursor                  
000044f5  SYSCFG_DL_TIMER_0_init          
00004529  __TI_cleanup                    
0000455d  __TI_readmsg                    
00004591  __TI_writemsg                   
000045bd  C$$IO$$                         
000045c5  exit                            
000045f9  finddevice                      
0000462d  uart0_printf                    
00004661  __aeabi_f2uiz                   
00004661  __fixunssfsi                    
00004725  UART0_IRQHandler                
00004839  __aeabi_i2d                     
00004839  __floatsidf                     
00004865  uart0_send_char                 
00004891  unlink                          
000048bd  OLED_WriteCommand               
000048e7  OLED_WriteData                  
00004a29  OLED_Pow                        
00004a51  __aeabi_ui2f                    
00004a51  __floatunsisf                   
00004aa1  lseek                           
00004ac9  write                           
00004af1  _c_int00_noargs                 
00004bb1  DL_I2C_setClockConfig           
00004bd7  SYSCFG_DL_SYSCTL_init           
00004c45  __aeabi_lmul                    
00004c45  __muldi3                        
00004c69  memccpy                         
00004ccd  __aeabi_llsl                    
00004ccd  __ashldi3                       
00004e3d  DL_Timer_setCaptCompUpdateMethod
00004e59  DL_Timer_setClockConfig         
00004e91  SysTick_Handler                 
000050a9  DL_Timer_setCaptureCompareOutCtl
00005151  Get_Encoder_Left                
00005169  Get_Encoder_Right               
00005181  OLED_Init                       
00005199  SYSCFG_DL_DMA_WIT_init          
0000520b  __TI_zero_init_nomemset         
00005221  APP_Init                        
000052fd  __aeabi_uldivmod                
00005349  DL_UART_setClockConfig          
0000535b  delay_1us                       
0000536d  TI_memcpy_small                 
0000537f  __TI_decompress_none            
000053b1  DL_Timer_setCaptureCompareValue 
000053c1  wcslen                          
000053e1  __aeabi_memset                  
000053e1  __aeabi_memset4                 
000053e1  __aeabi_memset8                 
00005419  TI_memset_small                 
00005427  SYSCFG_DL_SYSTICK_init          
00005435  __aeabi_memclr                  
00005435  __aeabi_memclr4                 
00005435  __aeabi_memclr8                 
00005441  malloc                          
0000544d  DL_Common_delayCycles           
0000547b  SYSCFG_DL_DMA_init              
00005485  __aeabi_errno_addr              
0000548d  __aeabi_memcpy                  
0000548d  __aeabi_memcpy4                 
0000548d  __aeabi_memcpy8                 
000054a5  fseek                           
000054ad  remove                          
000054b5  abort                           
000054ba  C$$EXIT                         
000054bb  HOSTexit                        
000054bf  Reset_Handler                   
000054d5  _system_pre_init                
000054e0  OLED_F8x16                      
00005ad0  __aeabi_ctype_table_            
00005ad0  __aeabi_ctype_table_C           
00005cf0  __TI_Handler_Table_Base         
00005cfc  __TI_Handler_Table_Limit        
00005d04  __TI_CINIT_Base                 
00005d14  __TI_CINIT_Limit                
00005d14  __TI_CINIT_Warm                 
20200000  __start___llvm_prf_bits         
20200000  __start___llvm_prf_cnts         
20200000  __stop___llvm_prf_bits          
20200000  __stop___llvm_prf_cnts          
20200000  _sys_memory                     
20200800  _CIOBUF_                        
20200800  __CIOBUF_                       
20200920  gPWMBackup                      
202009dc  __TI_tmpnams                    
20200a7c  wit_dmaBuffer                   
20200a9d  uart_data                       
20200aa0  wit_data                        
20200ac0  parmbuf                         
20200acc  LED_count                       
20200ad0  OLED_SCL_PORT                   
20200ad4  OLED_SDA_PORT                   
20200ad8  PID_count                       
20200adc  _OLED_SCL_PIN                   
20200ae0  _OLED_SDA_PIN                   
20200ae4  _ftable                         
20200bd4  _device                         
20200c4c  _stream                         
20200cf0  __TI_cleanup_ptr                
20200cf4  __TI_dtors_ptr                  
20200cf8  Encoder_Left_Value              
20200cfc  Encoder_Right_Value             
20200d00  Encoder_i_Value                 
20200d04  HCSR04_StartTime                
20200d08  __TI_ft_end                     
20200d0c  __aeabi_errno                   
20200d10  _lock                           
20200d14  _unlock                         
20200d1c  delay_times                     
20200d20  distance                        
20200d24  left_encoder_value              
20200d28  msHcCount                       
20200d2c  right_encoder_value             
20200d30  SR04_Flag                       
20200d31  sr04_state                      
20207e00  __stack                         
20208000  __STACK_END                     
ffffffff  __TI_pprof_out_hndl             
ffffffff  __TI_prof_data_size             
ffffffff  __TI_prof_data_start            
ffffffff  __binit__                       
ffffffff  binit                           
UNDEFED   __mpu_init                      
UNDEFED   _system_post_cinit              

[291 symbols]
