******************************************************************************
            TI ARM Clang Linker PC v4.0.2                      
******************************************************************************
>> Linked Mon Jul  7 12:32:29 2025

OUTPUT FILE NAME:   <MSPM0 balance car.out>
ENTRY POINT SYMBOL: "_c_int00_noargs"  address: 000021f5


MEMORY CONFIGURATION

         name            origin    length      used     unused   attr    fill
----------------------  --------  ---------  --------  --------  ----  --------
  FLASH                 00000000   00020000  00003000  0001d000  R  X
  SRAM                  20200000   00008000  00000e82  0000717e  RW X
  BCR_CONFIG            41c00000   000000ff  00000000  000000ff  R   
  BSL_CONFIG            41c00100   00000080  00000000  00000080  R   


SEGMENT ALLOCATION MAP

run origin  load origin   length   init length attrs members
----------  ----------- ---------- ----------- ----- -------
00000000    00000000    00003000   00003000    r-x
  00000000    00000000    000000c0   000000c0    r-- .intvecs
  000000c0    000000c0    00002860   00002860    r-x .text
  00002920    00002920    00000658   00000658    r-- .rodata
  00002f78    00002f78    00000088   00000088    r-- .cinit
20200000    20200000    00000c85   00000000    rw-
  20200000    20200000    00000800   00000000    rw- .sysmem
  20200800    20200800    0000029d   00000000    rw- .bss
  20200aa0    20200aa0    000001e5   00000000    rw- .data
20207e00    20207e00    00000200   00000000    rw-
  20207e00    20207e00    00000200   00000000    rw- .stack


SECTION ALLOCATION MAP

 output                                  attributes/
section   page    origin      length       input sections
--------  ----  ----------  ----------   ----------------
.intvecs   0    00000000    000000c0     
                  00000000    000000c0     startup_mspm0g350x_ticlang.o (.intvecs)

.text      0    000000c0    00002860     
                  000000c0    00000284     libc.a : _printfi.c.obj (.text:__TI_printfi_minimal)
                  00000344    000001f0     Encoder.o (.text.GROUP1_IRQHandler)
                  00000534    00000164     ti_msp_dl_config.o (.text.SYSCFG_DL_GPIO_init)
                  00000698    00000114     libc.a : memory.c.obj (.text.aligned_alloc)
                  000007ac    00000104     driverlib.a : dl_timer.o (.text.DL_Timer_initFourCCPWMMode)
                  000008b0    000000fc     OLED.o (.text.OLED_Init_Custom)
                  000009ac    000000f8     libc.a : fputs.c.obj (.text.fputs)
                  00000aa4    000000e8     driverlib.a : dl_timer.o (.text.DL_Timer_initTimerMode)
                  00000b8c    000000e8     libc.a : memory.c.obj (.text.free)
                  00000c74    000000e0            : setvbuf.c.obj (.text.setvbuf)
                  00000d54    000000bc     empty.o (.text.main)
                  00000e10    000000b4     OLED.o (.text.OLED_ShowChar)
                  00000ec4    000000ae     OLED.o (.text.OLED_ShowSignedNum)
                  00000f72    00000002     libclang_rt.builtins.a : aeabi_div0.c.obj (.text.__aeabi_idiv0)
                  00000f74    000000a0     OLED.o (.text.OLED_I2C_SendByte)
                  00001014    0000009c     libc.a : fputc.c.obj (.text.fputc)
                  000010b0    00000088            : strcmp-armv6m.S.obj (.text:strcmp)
                  00001138    00000084     ti_msp_dl_config.o (.text.__NVIC_SetPriority)
                  000011bc    0000007c     ti_msp_dl_config.o (.text.SYSCFG_DL_initPower)
                  00001238    0000007c     libc.a : fclose.c.obj (.text.__TI_closefile)
                  000012b4    0000007c            : copy_decompress_lzss.c.obj (.text:decompress:lzss)
                  00001330    0000007a     OLED.o (.text.OLED_ShowNum)
                  000013aa    00000002     libc.a : _lock.c.obj (.text._nop)
                  000013ac    00000078     empty.o (.text.TIMG0_IRQHandler)
                  00001424    0000006c     libsysbm.a : hostlseek.c.obj (.text.HOSTlseek)
                  00001490    0000006c                : hostrename.c.obj (.text.HOSTrename)
                  000014fc    0000006c     libc.a : fseek.c.obj (.text.fseeko)
                  00001568    0000006c            : getdevice.c.obj (.text.getdevice)
                  000015d4    00000064     ti_msp_dl_config.o (.text.SYSCFG_DL_PWM_serov_init)
                  00001638    00000064     libc.a : _io_perm.c.obj (.text.__TI_wrt_ok)
                  0000169c    00000064            : memory.c.obj (.text.split)
                  00001700    00000060     libsysbm.a : hostopen.c.obj (.text.HOSTopen)
                  00001760    0000005c     libc.a : printf.c.obj (.text.printf)
                  000017bc    00000058     libsysbm.a : hostread.c.obj (.text.HOSTread)
                  00001814    00000058                : hostwrite.c.obj (.text.HOSTwrite)
                  0000186c    00000058     ti_msp_dl_config.o (.text.SYSCFG_DL_I2C_MPU6050_init)
                  000018c4    00000056     OLED.o (.text.OLED_Clear)
                  0000191a    00000052     libc.a : fflush.c.obj (.text.__TI_doflush)
                  0000196c    00000050     OLED.o (.text.OLED_I2C_Start)
                  000019bc    00000050     ti_msp_dl_config.o (.text.SysTick_Config)
                  00001a0c    00000050     libsysbm.a : close.c.obj (.text.close)
                  00001a5c    0000004c     ti_msp_dl_config.o (.text.DL_UART_setBaudRateDivisor)
                  00001aa8    0000004a     OLED.o (.text.OLED_ShowString)
                  00001af2    00000002     --HOLE-- [fill = 0]
                  00001af4    00000048     driverlib.a : dl_uart.o (.text.DL_UART_init)
                  00001b3c    00000048     libsysbm.a : hostclose.c.obj (.text.HOSTclose)
                  00001b84    00000048                : hostunlink.c.obj (.text.HOSTunlink)
                  00001bcc    00000040     OLED.o (.text.OLED_I2C_Stop)
                  00001c0c    00000040     ti_msp_dl_config.o (.text.SYSCFG_DL_UART_0_init)
                  00001c4c    00000040     libclang_rt.builtins.a : aeabi_uidivmod.S.obj (.text.__aeabi_uidivmod)
                  00001c8c    0000003c     ti_msp_dl_config.o (.text.DL_GPIO_initPeripheralInputFunctionFeatures)
                  00001cc8    0000003c     ti_msp_dl_config.o (.text.DL_Timer_setCounterControl)
                  00001d04    0000003c     libc.a : autoinit.c.obj (.text:__TI_auto_init_nobinit_nopinit)
                  00001d40    00000036     OLED.o (.text.OLED_SetCursor)
                  00001d76    00000002     --HOLE-- [fill = 0]
                  00001d78    00000034     empty.o (.text.AIN_1_Send_SDA)
                  00001dac    00000034     ti_msp_dl_config.o (.text.DL_GPIO_initDigitalInputFeatures)
                  00001de0    00000034     ti_msp_dl_config.o (.text.SYSCFG_DL_TIMER_0_init)
                  00001e14    00000034     libc.a : fopen.c.obj (.text.__TI_cleanup)
                  00001e48    00000034     libsysbm.a : trgmsg.c.obj (.text.__TI_readmsg)
                  00001e7c    00000034                : trgmsg.c.obj (.text.__TI_writemsg)
                  00001eb0    00000034     libc.a : exit.c.obj (.text.exit)
                  00001ee4    00000034            : getdevice.c.obj (.text.finddevice)
                  00001f18    00000030     empty.o (.text.AIN_2_Send_SCL)
                  00001f48    00000030     ti_msp_dl_config.o (.text.DL_GPIO_initDigitalOutputFeatures)
                  00001f78    00000030     ti_msp_dl_config.o (.text.SYSCFG_DL_init)
                  00001fa8    00000030     Serial.o (.text.UART0_IRQHandler)
                  00001fd8    0000002c     empty.o (.text.__NVIC_ClearPendingIRQ)
                  00002004    0000002c     empty.o (.text.__NVIC_EnableIRQ)
                  00002030    0000002c     Serial.o (.text.uart0_send_char)
                  0000205c    0000002c     libsysbm.a : unlink.c.obj (.text.unlink)
                  00002088    0000002a     OLED.o (.text.OLED_WriteCommand)
                  000020b2    0000002a     OLED.o (.text.OLED_WriteData)
                  000020dc    00000028     ti_msp_dl_config.o (.text.DL_Common_updateReg)
                  00002104    00000028     ti_msp_dl_config.o (.text.DL_I2C_setControllerRXFIFOThreshold)
                  0000212c    00000028     ti_msp_dl_config.o (.text.DL_I2C_setControllerTXFIFOThreshold)
                  00002154    00000028     OLED.o (.text.OLED_Pow)
                  0000217c    00000028     libc.a : memory.c.obj (.text.free_list_insert)
                  000021a4    00000028     libsysbm.a : lseek.c.obj (.text.lseek)
                  000021cc    00000028                : write.c.obj (.text.write)
                  000021f4    00000028     libc.a : boot_cortex_m.c.obj (.text:_c_int00_noargs)
                  0000221c    00000026     ti_msp_dl_config.o (.text.DL_I2C_setAnalogGlitchFilterPulseWidth)
                  00002242    00000026     driverlib.a : dl_i2c.o (.text.DL_I2C_setClockConfig)
                  00002268    00000022     libc.a : memccpy.c.obj (.text.memccpy)
                  0000228a    00000002     --HOLE-- [fill = 0]
                  0000228c    00000020     ti_msp_dl_config.o (.text.DL_GPIO_initPeripheralInputFunction)
                  000022ac    00000020     delay.o (.text.delay_ms)
                  000022cc    0000001e     ti_msp_dl_config.o (.text.DL_UART_setOversampling)
                  000022ea    0000001e     ti_msp_dl_config.o (.text.SYSCFG_DL_SYSCTL_init)
                  00002308    0000001c     Encoder.o (.text.DL_GPIO_clearInterruptStatus)
                  00002324    0000001c     ti_msp_dl_config.o (.text.DL_GPIO_clearInterruptStatus)
                  00002340    0000001c     ti_msp_dl_config.o (.text.DL_GPIO_enableHiZ)
                  0000235c    0000001c     ti_msp_dl_config.o (.text.DL_GPIO_enableInterrupt)
                  00002378    0000001c     ti_msp_dl_config.o (.text.DL_GPIO_initPeripheralOutputFunction)
                  00002394    0000001c     ti_msp_dl_config.o (.text.DL_GPIO_setLowerPinsPolarity)
                  000023b0    0000001c     ti_msp_dl_config.o (.text.DL_SYSCTL_setSYSOSCFreq)
                  000023cc    0000001c     ti_msp_dl_config.o (.text.DL_Timer_enableInterrupt)
                  000023e8    0000001c     driverlib.a : dl_timer.o (.text.DL_Timer_setCaptCompUpdateMethod)
                  00002404    0000001c                 : dl_timer.o (.text.DL_Timer_setClockConfig)
                  00002420    0000001c     delay.o (.text.SysTick_Handler)
                  0000243c    0000001c     libc.a : memory.c.obj (.text.free_list_remove)
                  00002458    00000018     ti_msp_dl_config.o (.text.DL_GPIO_enableOutput)
                  00002470    00000018     ti_msp_dl_config.o (.text.DL_GPIO_enablePower)
                  00002488    00000018     Encoder.o (.text.DL_GPIO_getEnabledInterruptStatus)
                  000024a0    00000018     ti_msp_dl_config.o (.text.DL_GPIO_initDigitalOutput)
                  000024b8    00000018     ti_msp_dl_config.o (.text.DL_GPIO_reset)
                  000024d0    00000018     OLED.o (.text.DL_GPIO_setPins)
                  000024e8    00000018     empty.o (.text.DL_GPIO_setPins)
                  00002500    00000018     ti_msp_dl_config.o (.text.DL_GPIO_setPins)
                  00002518    00000018     ti_msp_dl_config.o (.text.DL_GPIO_setUpperPinsPolarity)
                  00002530    00000018     empty.o (.text.DL_GPIO_togglePins)
                  00002548    00000018     ti_msp_dl_config.o (.text.DL_I2C_enableAnalogGlitchFilter)
                  00002560    00000018     ti_msp_dl_config.o (.text.DL_I2C_enableController)
                  00002578    00000018     ti_msp_dl_config.o (.text.DL_I2C_enableControllerClockStretching)
                  00002590    00000018     ti_msp_dl_config.o (.text.DL_I2C_enablePower)
                  000025a8    00000018     ti_msp_dl_config.o (.text.DL_I2C_reset)
                  000025c0    00000018     ti_msp_dl_config.o (.text.DL_I2C_setTimerPeriod)
                  000025d8    00000018     ti_msp_dl_config.o (.text.DL_SYSCTL_setBORThreshold)
                  000025f0    00000018     ti_msp_dl_config.o (.text.DL_Timer_enablePower)
                  00002608    00000018     ti_msp_dl_config.o (.text.DL_Timer_reset)
                  00002620    00000018     driverlib.a : dl_timer.o (.text.DL_Timer_setCaptureCompareOutCtl)
                  00002638    00000018     ti_msp_dl_config.o (.text.DL_UART_enablePower)
                  00002650    00000018     Serial.o (.text.DL_UART_isBusy)
                  00002668    00000018     ti_msp_dl_config.o (.text.DL_UART_reset)
                  00002680    00000018     Encoder.o (.text.Get_Encoder_Left)
                  00002698    00000018     Encoder.o (.text.Get_Encoder_Right)
                  000026b0    00000018     OLED.o (.text.OLED_Init)
                  000026c8    00000016     Encoder.o (.text.DL_GPIO_readPins)
                  000026de    00000016     ti_msp_dl_config.o (.text.DL_UART_enable)
                  000026f4    00000016     Serial.o (.text.DL_UART_transmitData)
                  0000270a    00000016     libc.a : copy_zero_init.c.obj (.text:decompress:ZI:__TI_zero_init_nomemset)
                  00002720    00000014     OLED.o (.text.DL_GPIO_clearPins)
                  00002734    00000014     empty.o (.text.DL_GPIO_clearPins)
                  00002748    00000014     ti_msp_dl_config.o (.text.DL_GPIO_clearPins)
                  0000275c    00000014     ti_msp_dl_config.o (.text.DL_I2C_resetControllerTransfer)
                  00002770    00000014     ti_msp_dl_config.o (.text.DL_SYSCTL_disableSYSPLL)
                  00002784    00000014     ti_msp_dl_config.o (.text.DL_Timer_enableClock)
                  00002798    00000014     ti_msp_dl_config.o (.text.DL_Timer_setCCPDirection)
                  000027ac    00000014     Serial.o (.text.DL_UART_receiveData)
                  000027c0    00000012     empty.o (.text.DL_Timer_getPendingInterrupt)
                  000027d2    00000012     Serial.o (.text.DL_UART_getPendingInterrupt)
                  000027e4    00000012     driverlib.a : dl_uart.o (.text.DL_UART_setClockConfig)
                  000027f6    00000012     libc.a : memcpy16.S.obj (.text:TI_memcpy_small)
                  00002808    00000012            : copy_decompress_none.c.obj (.text:decompress:none)
                  0000281a    00000002     --HOLE-- [fill = 0]
                  0000281c    00000010     ti_msp_dl_config.o (.text.DL_SYSCTL_disableHFXT)
                  0000282c    00000010     driverlib.a : dl_timer.o (.text.DL_Timer_setCaptureCompareValue)
                  0000283c    00000010     empty.o (.text.forward)
                  0000284c    0000000e     libc.a : memory.c.obj (.text.OUTLINED_FUNCTION_0)
                  0000285a    00000002     --HOLE-- [fill = 0]
                  0000285c    0000000e     libclang_rt.builtins.a : aeabi_memset.S.obj (.text.__aeabi_memset)
                  0000286a    0000000e     libsysbm.a : hostrename.c.obj (.text.strcpy)
                  00002878    0000000e     libc.a : _printfi.c.obj (.text.strlen)
                  00002886    0000000e     libsysbm.a : hostrename.c.obj (.text.strlen)
                  00002894    0000000e     libc.a : memset16.S.obj (.text:TI_memset_small)
                  000028a2    0000000c     ti_msp_dl_config.o (.text.SYSCFG_DL_SYSTICK_init)
                  000028ae    00000002     --HOLE-- [fill = 0]
                  000028b0    0000000c     libclang_rt.builtins.a : aeabi_memset.S.obj (.text.__aeabi_memclr)
                  000028bc    0000000c     libc.a : memory.c.obj (.text.malloc)
                  000028c8    0000000a     driverlib.a : dl_common.o (.text.DL_Common_delayCycles)
                  000028d2    00000002     --HOLE-- [fill = 0]
                  000028d4    00000008     libclang_rt.builtins.a : aeabi_memcpy.S.obj (.text.__aeabi_memcpy)
                  000028dc    00000008     libc.a : printf.c.obj (.text._outc)
                  000028e4    00000008            : printf.c.obj (.text._outs)
                  000028ec    00000008            : fseek.c.obj (.text.fseek)
                  000028f4    00000008     libsysbm.a : remove.c.obj (.text.remove)
                  000028fc    00000006     libc.a : exit.c.obj (.text:abort)
                  00002902    00000004     startup_mspm0g350x_ticlang.o (.text.Default_Handler)
                  00002906    00000004     libsysbm.a : hostexit.c.obj (.text.HOSTexit)
                  0000290a    00000004     startup_mspm0g350x_ticlang.o (.text.Reset_Handler)
                  0000290e    00000004     libc.a : pre_init.c.obj (.text._system_pre_init)
                  00002912    0000000e     --HOLE-- [fill = 0]

.cinit     0    00002f78    00000088     
                  00002f78    00000062     (.cinit..data.load) [load image, compression = lzss]
                  00002fda    00000002     --HOLE-- [fill = 0]
                  00002fdc    0000000c     (__TI_handler_table)
                  00002fe8    00000008     (.cinit..bss.load) [load image, compression = zero_init]
                  00002ff0    00000010     (__TI_cinit_table)

.rodata    0    00002920    00000658     
                  00002920    000005f0     OLED.o (.rodata.OLED_F8x16)
                  00002f10    00000014     ti_msp_dl_config.o (.rodata.gTIMER_0TimerConfig)
                  00002f24    00000011     libc.a : _printfi.c.obj (.rodata.str1.15363888844622738466.1)
                  00002f35    0000000e     empty.o (.rodata.str1.11898133897667081452.1)
                  00002f43    00000001     --HOLE-- [fill = 0]
                  00002f44    0000000a     ti_msp_dl_config.o (.rodata.gUART_0Config)
                  00002f4e    00000002     ti_msp_dl_config.o (.rodata.gI2C_MPU6050ClockConfig)
                  00002f50    00000008     ti_msp_dl_config.o (.rodata.gPWM_serovConfig)
                  00002f58    00000008     empty.o (.rodata.str1.9517790425240694019.1)
                  00002f60    00000003     ti_msp_dl_config.o (.rodata.gPWM_serovClockConfig)
                  00002f63    00000003     ti_msp_dl_config.o (.rodata.gTIMER_0ClockConfig)
                  00002f66    00000003     empty.o (.rodata.str1.14685083708502177989.1)
                  00002f69    00000003     empty.o (.rodata.str1.17669528882079347314.1)
                  00002f6c    00000003     empty.o (.rodata.str1.254342170260855183.1)
                  00002f6f    00000002     ti_msp_dl_config.o (.rodata.gUART_0ClockConfig)
                  00002f71    00000007     --HOLE-- [fill = 0]

.init_array 
*          0    00000000    00000000     UNINITIALIZED

.binit     0    00000000    00000000     

.sysmem    0    20200000    00000800     UNINITIALIZED
                  20200000    00000010     libc.a : memory.c.obj (.sysmem)
                  20200010    000007f0     --HOLE--

.bss       0    20200800    0000029d     UNINITIALIZED
                  20200800    00000120     libsysbm.a : trgmsg.c.obj (.bss:_CIOBUF_)
                  20200920    000000bc     (.common:gPWM_serovBackup)
                  202009dc    000000a0     libc.a : defs.c.obj (.bss.__TI_tmpnams)
                  20200a7c    00000008     libsysbm.a : hostopen.c.obj (.bss.parmbuf)
                  20200a84    00000004     libc.a : memory.c.obj (.bss.sys_free)
                  20200a88    00000004     (.common:OLED_SCL_PORT)
                  20200a8c    00000004     (.common:OLED_SDA_PORT)
                  20200a90    00000004     (.common:_OLED_SCL_PIN)
                  20200a94    00000004     (.common:_OLED_SDA_PIN)
                  20200a98    00000004     (.common:consthh)
                  20200a9c    00000001     (.common:uart_data)

.data      0    20200aa0    000001e5     UNINITIALIZED
                  20200aa0    000000f0     libc.a : defs.c.obj (.data._ftable)
                  20200b90    00000078     libsysbm.a : host_device.c.obj (.data._device)
                  20200c08    00000050                : host_device.c.obj (.data._stream)
                  20200c58    00000008     libc.a : exit.c.obj (.data..L_MergedGlobals)
                  20200c60    00000004     Encoder.o (.data.Encoder_Left_Value)
                  20200c64    00000004     Encoder.o (.data.Encoder_Right_Value)
                  20200c68    00000004     libc.a : defs.c.obj (.data.__TI_ft_end)
                  20200c6c    00000004            : _lock.c.obj (.data._lock)
                  20200c70    00000004            : _lock.c.obj (.data._unlock)
                  20200c74    00000004     delay.o (.data.delay_times)
                  20200c78    00000004     empty.o (.data.i)
                  20200c7c    00000004     empty.o (.data.left_encoder_value)
                  20200c80    00000004     empty.o (.data.right_encoder_value)
                  20200c84    00000001     libc.a : memory.c.obj (.data.memory_is_initialized)

.stack     0    20207e00    00000200     UNINITIALIZED
                  20207e00    00000004     libc.a : boot_cortex_m.c.obj (.stack)
                  20207e04    000001fc     --HOLE--

__llvm_prf_cnts 
*          0    20200000    00000000     UNINITIALIZED

__llvm_prf_bits 
*          0    20200000    00000000     UNINITIALIZED

MODULE SUMMARY

       Module                         code    ro data   rw data
       ------                         ----    -------   -------
    .\
       ti_msp_dl_config.o             2344    48        188    
       empty.o                        598     31        16     
       startup_mspm0g350x_ticlang.o   8       192       0      
    +--+------------------------------+-------+---------+---------+
       Total:                         2950    271       204    
                                                               
    .\Hardware\Encoder\
       Encoder.o                      618     0         8      
    +--+------------------------------+-------+---------+---------+
       Total:                         618     0         8      
                                                               
    .\Hardware\OLED\
       OLED.o                         1438    1520      16     
    +--+------------------------------+-------+---------+---------+
       Total:                         1438    1520      16     
                                                               
    .\Hardware\Serial\
       Serial.o                       176     0         1      
    +--+------------------------------+-------+---------+---------+
       Total:                         176     0         1      
                                                               
    .\system\delay\
       delay.o                        60      0         4      
    +--+------------------------------+-------+---------+---------+
       Total:                         60      0         4      
                                                               
    C:/TI/mspm0_sdk_2_04_00_06/source/ti/driverlib/lib/ticlang/m0p/mspm0g1x0x_g3x0x/driverlib.a
       dl_timer.o                     588     0         0      
       dl_uart.o                      90      0         0      
       dl_i2c.o                       38      0         0      
       dl_common.o                    10      0         0      
    +--+------------------------------+-------+---------+---------+
       Total:                         726     0         0      
                                                               
    D:\ti\ccs\tools\compiler\ti-cgt-armllvm_4.0.2.LTS\lib\armv6m-ti-none-eabi/c/libc.a
       memory.c.obj                   702     0         5      
       _printfi.c.obj                 658     17        0      
       defs.c.obj                     0       0         404    
       fputs.c.obj                    248     0         0      
       setvbuf.c.obj                  224     0         0      
       getdevice.c.obj                160     0         0      
       fputc.c.obj                    156     0         0      
       strcmp-armv6m.S.obj            136     0         0      
       copy_decompress_lzss.c.obj     124     0         0      
       fclose.c.obj                   124     0         0      
       fseek.c.obj                    116     0         0      
       printf.c.obj                   108     0         0      
       _io_perm.c.obj                 100     0         0      
       fflush.c.obj                   82      0         0      
       exit.c.obj                     58      0         8      
       autoinit.c.obj                 60      0         0      
       fopen.c.obj                    52      0         0      
       boot_cortex_m.c.obj            40      0         0      
       memccpy.c.obj                  34      0         0      
       copy_zero_init.c.obj           22      0         0      
       copy_decompress_none.c.obj     18      0         0      
       memcpy16.S.obj                 18      0         0      
       memset16.S.obj                 14      0         0      
       _lock.c.obj                    2       0         8      
       pre_init.c.obj                 4       0         0      
    +--+------------------------------+-------+---------+---------+
       Total:                         3260    17        425    
                                                               
    D:\ti\ccs\tools\compiler\ti-cgt-armllvm_4.0.2.LTS\lib\armv6m-ti-none-eabi/c/libsysbm.a
       trgmsg.c.obj                   104     0         288    
       host_device.c.obj              0       0         200    
       hostrename.c.obj               136     0         0      
       hostlseek.c.obj                108     0         0      
       hostopen.c.obj                 96      0         8      
       hostread.c.obj                 88      0         0      
       hostwrite.c.obj                88      0         0      
       close.c.obj                    80      0         0      
       hostclose.c.obj                72      0         0      
       hostunlink.c.obj               72      0         0      
       unlink.c.obj                   44      0         0      
       lseek.c.obj                    40      0         0      
       write.c.obj                    40      0         0      
       remove.c.obj                   8       0         0      
       hostexit.c.obj                 4       0         0      
    +--+------------------------------+-------+---------+---------+
       Total:                         980     0         496    
                                                               
    D:\ti\ccs\tools\compiler\ti-cgt-armllvm_4.0.2.LTS\lib\armv6m-ti-none-eabi/libclang_rt.builtins.a
       aeabi_uidivmod.S.obj           64      0         0      
       aeabi_memset.S.obj             26      0         0      
       aeabi_memcpy.S.obj             8       0         0      
       aeabi_div0.c.obj               2       0         0      
    +--+------------------------------+-------+---------+---------+
       Total:                         100     0         0      
                                                               
       Heap:                          0       0         2048   
       Stack:                         0       0         512    
       Linker Generated:              0       134       0      
    +--+------------------------------+-------+---------+---------+
       Grand Total:                   10308   1942      3714   


LINKER GENERATED COPY TABLES

__TI_cinit_table @ 00002ff0 records: 2, size/record: 8, table size: 16
	.data: load addr=00002f78, load size=00000062 bytes, run addr=20200aa0, run size=000001e5 bytes, compression=lzss
	.bss: load addr=00002fe8, load size=00000008 bytes, run addr=20200800, run size=0000029d bytes, compression=zero_init


LINKER GENERATED HANDLER TABLE

__TI_handler_table @ 00002fdc records: 3, size/record: 4, table size: 12
	index: 0, handler: __TI_decompress_lzss
	index: 1, handler: __TI_decompress_none
	index: 2, handler: __TI_zero_init


GLOBAL SYMBOLS: SORTED ALPHABETICALLY BY Name 

address   name                            
-------   ----                            
00002903  ADC0_IRQHandler                 
00002903  ADC1_IRQHandler                 
00002903  AES_IRQHandler                  
00001d79  AIN_1_Send_SDA                  
00001f19  AIN_2_Send_SCL                  
00002906  C$$EXIT                         
00001ea9  C$$IO$$                         
00002903  CANFD0_IRQHandler               
00002903  DAC0_IRQHandler                 
000028c9  DL_Common_delayCycles           
00002243  DL_I2C_setClockConfig           
000007ad  DL_Timer_initFourCCPWMMode      
00000aa5  DL_Timer_initTimerMode          
000023e9  DL_Timer_setCaptCompUpdateMethod
00002621  DL_Timer_setCaptureCompareOutCtl
0000282d  DL_Timer_setCaptureCompareValue 
00002405  DL_Timer_setClockConfig         
00001af5  DL_UART_init                    
000027e5  DL_UART_setClockConfig          
00002903  DMA_IRQHandler                  
00002903  Default_Handler                 
20200c60  Encoder_Left_Value              
20200c64  Encoder_Right_Value             
00002903  GROUP0_IRQHandler               
00000345  GROUP1_IRQHandler               
00002681  Get_Encoder_Left                
00002699  Get_Encoder_Right               
00001b3d  HOSTclose                       
00002907  HOSTexit                        
00001425  HOSTlseek                       
00001701  HOSTopen                        
000017bd  HOSTread                        
00001491  HOSTrename                      
00001b85  HOSTunlink                      
00001815  HOSTwrite                       
00002903  HardFault_Handler               
00002903  I2C0_IRQHandler                 
00002903  I2C1_IRQHandler                 
00002903  NMI_Handler                     
000018c5  OLED_Clear                      
00002920  OLED_F8x16                      
00000f75  OLED_I2C_SendByte               
0000196d  OLED_I2C_Start                  
00001bcd  OLED_I2C_Stop                   
000026b1  OLED_Init                       
000008b1  OLED_Init_Custom                
00002155  OLED_Pow                        
20200a88  OLED_SCL_PORT                   
20200a8c  OLED_SDA_PORT                   
00001d41  OLED_SetCursor                  
00000e11  OLED_ShowChar                   
00001331  OLED_ShowNum                    
00000ec5  OLED_ShowSignedNum              
00001aa9  OLED_ShowString                 
00002089  OLED_WriteCommand               
000020b3  OLED_WriteData                  
00002903  PendSV_Handler                  
00002903  RTC_IRQHandler                  
0000290b  Reset_Handler                   
00002903  SPI0_IRQHandler                 
00002903  SPI1_IRQHandler                 
00002903  SVC_Handler                     
00000535  SYSCFG_DL_GPIO_init             
0000186d  SYSCFG_DL_I2C_MPU6050_init      
000015d5  SYSCFG_DL_PWM_serov_init        
000022eb  SYSCFG_DL_SYSCTL_init           
000028a3  SYSCFG_DL_SYSTICK_init          
00001de1  SYSCFG_DL_TIMER_0_init          
00001c0d  SYSCFG_DL_UART_0_init           
00001f79  SYSCFG_DL_init                  
000011bd  SYSCFG_DL_initPower             
00002421  SysTick_Handler                 
00002903  TIMA0_IRQHandler                
00002903  TIMA1_IRQHandler                
000013ad  TIMG0_IRQHandler                
00002903  TIMG12_IRQHandler               
00002903  TIMG6_IRQHandler                
00002903  TIMG7_IRQHandler                
00002903  TIMG8_IRQHandler                
000027f7  TI_memcpy_small                 
00002895  TI_memset_small                 
00001fa9  UART0_IRQHandler                
00002903  UART1_IRQHandler                
00002903  UART2_IRQHandler                
00002903  UART3_IRQHandler                
20200800  _CIOBUF_                        
20200a90  _OLED_SCL_PIN                   
20200a94  _OLED_SDA_PIN                   
20200800  __CIOBUF_                       
20208000  __STACK_END                     
00000200  __STACK_SIZE                    
00000800  __SYSMEM_SIZE                   
00000000  __TI_ATRegion0_region_sz        
00000000  __TI_ATRegion0_src_addr         
00000000  __TI_ATRegion0_trg_addr         
00000000  __TI_ATRegion1_region_sz        
00000000  __TI_ATRegion1_src_addr         
00000000  __TI_ATRegion1_trg_addr         
00000000  __TI_ATRegion2_region_sz        
00000000  __TI_ATRegion2_src_addr         
00000000  __TI_ATRegion2_trg_addr         
00002ff0  __TI_CINIT_Base                 
00003000  __TI_CINIT_Limit                
00003000  __TI_CINIT_Warm                 
00002fdc  __TI_Handler_Table_Base         
00002fe8  __TI_Handler_Table_Limit        
00001d05  __TI_auto_init_nobinit_nopinit  
00001e15  __TI_cleanup                    
20200c58  __TI_cleanup_ptr                
00001239  __TI_closefile                  
000012b5  __TI_decompress_lzss            
00002809  __TI_decompress_none            
0000191b  __TI_doflush                    
20200c5c  __TI_dtors_ptr                  
20200c68  __TI_ft_end                     
ffffffff  __TI_pprof_out_hndl             
000000c1  __TI_printfi_minimal            
ffffffff  __TI_prof_data_size             
ffffffff  __TI_prof_data_start            
00001e49  __TI_readmsg                    
00000000  __TI_static_base__              
202009dc  __TI_tmpnams                    
00001e7d  __TI_writemsg                   
00001639  __TI_wrt_ok                     
0000270b  __TI_zero_init_nomemset         
00000f73  __aeabi_idiv0                   
000028b1  __aeabi_memclr                  
000028b1  __aeabi_memclr4                 
000028b1  __aeabi_memclr8                 
000028d5  __aeabi_memcpy                  
000028d5  __aeabi_memcpy4                 
000028d5  __aeabi_memcpy8                 
0000285d  __aeabi_memset                  
0000285d  __aeabi_memset4                 
0000285d  __aeabi_memset8                 
00001c4d  __aeabi_uidiv                   
00001c4d  __aeabi_uidivmod                
ffffffff  __binit__                       
UNDEFED   __mpu_init                      
20207e00  __stack                         
20200000  __start___llvm_prf_bits         
20200000  __start___llvm_prf_cnts         
20200000  __stop___llvm_prf_bits          
20200000  __stop___llvm_prf_cnts          
000021f5  _c_int00_noargs                 
20200b90  _device                         
20200aa0  _ftable                         
20200c6c  _lock                           
000013ab  _nop                            
20200c08  _stream                         
20200000  _sys_memory                     
UNDEFED   _system_post_cinit              
0000290f  _system_pre_init                
20200c70  _unlock                         
000028fd  abort                           
00000699  aligned_alloc                   
ffffffff  binit                           
00001a0d  close                           
20200a98  consthh                         
000022ad  delay_ms                        
20200c74  delay_times                     
00001eb1  exit                            
00001ee5  finddevice                      
0000283d  forward                         
00001015  fputc                           
000009ad  fputs                           
00000b8d  free                            
000028ed  fseek                           
000014fd  fseeko                          
20200920  gPWM_serovBackup                
00001569  getdevice                       
20200c78  i                               
00000000  interruptVectors                
20200c7c  left_encoder_value              
000021a5  lseek                           
00000d55  main                            
000028bd  malloc                          
00000699  memalign                        
00002269  memccpy                         
20200a7c  parmbuf                         
00001761  printf                          
000028f5  remove                          
20200c80  right_encoder_value             
00000c75  setvbuf                         
000010b1  strcmp                          
00002031  uart0_send_char                 
20200a9c  uart_data                       
0000205d  unlink                          
000021cd  write                           


GLOBAL SYMBOLS: SORTED BY Symbol Address 

address   name                            
-------   ----                            
00000000  __TI_ATRegion0_region_sz        
00000000  __TI_ATRegion0_src_addr         
00000000  __TI_ATRegion0_trg_addr         
00000000  __TI_ATRegion1_region_sz        
00000000  __TI_ATRegion1_src_addr         
00000000  __TI_ATRegion1_trg_addr         
00000000  __TI_ATRegion2_region_sz        
00000000  __TI_ATRegion2_src_addr         
00000000  __TI_ATRegion2_trg_addr         
00000000  __TI_static_base__              
00000000  interruptVectors                
000000c1  __TI_printfi_minimal            
00000200  __STACK_SIZE                    
00000345  GROUP1_IRQHandler               
00000535  SYSCFG_DL_GPIO_init             
00000699  aligned_alloc                   
00000699  memalign                        
000007ad  DL_Timer_initFourCCPWMMode      
00000800  __SYSMEM_SIZE                   
000008b1  OLED_Init_Custom                
000009ad  fputs                           
00000aa5  DL_Timer_initTimerMode          
00000b8d  free                            
00000c75  setvbuf                         
00000d55  main                            
00000e11  OLED_ShowChar                   
00000ec5  OLED_ShowSignedNum              
00000f73  __aeabi_idiv0                   
00000f75  OLED_I2C_SendByte               
00001015  fputc                           
000010b1  strcmp                          
000011bd  SYSCFG_DL_initPower             
00001239  __TI_closefile                  
000012b5  __TI_decompress_lzss            
00001331  OLED_ShowNum                    
000013ab  _nop                            
000013ad  TIMG0_IRQHandler                
00001425  HOSTlseek                       
00001491  HOSTrename                      
000014fd  fseeko                          
00001569  getdevice                       
000015d5  SYSCFG_DL_PWM_serov_init        
00001639  __TI_wrt_ok                     
00001701  HOSTopen                        
00001761  printf                          
000017bd  HOSTread                        
00001815  HOSTwrite                       
0000186d  SYSCFG_DL_I2C_MPU6050_init      
000018c5  OLED_Clear                      
0000191b  __TI_doflush                    
0000196d  OLED_I2C_Start                  
00001a0d  close                           
00001aa9  OLED_ShowString                 
00001af5  DL_UART_init                    
00001b3d  HOSTclose                       
00001b85  HOSTunlink                      
00001bcd  OLED_I2C_Stop                   
00001c0d  SYSCFG_DL_UART_0_init           
00001c4d  __aeabi_uidiv                   
00001c4d  __aeabi_uidivmod                
00001d05  __TI_auto_init_nobinit_nopinit  
00001d41  OLED_SetCursor                  
00001d79  AIN_1_Send_SDA                  
00001de1  SYSCFG_DL_TIMER_0_init          
00001e15  __TI_cleanup                    
00001e49  __TI_readmsg                    
00001e7d  __TI_writemsg                   
00001ea9  C$$IO$$                         
00001eb1  exit                            
00001ee5  finddevice                      
00001f19  AIN_2_Send_SCL                  
00001f79  SYSCFG_DL_init                  
00001fa9  UART0_IRQHandler                
00002031  uart0_send_char                 
0000205d  unlink                          
00002089  OLED_WriteCommand               
000020b3  OLED_WriteData                  
00002155  OLED_Pow                        
000021a5  lseek                           
000021cd  write                           
000021f5  _c_int00_noargs                 
00002243  DL_I2C_setClockConfig           
00002269  memccpy                         
000022ad  delay_ms                        
000022eb  SYSCFG_DL_SYSCTL_init           
000023e9  DL_Timer_setCaptCompUpdateMethod
00002405  DL_Timer_setClockConfig         
00002421  SysTick_Handler                 
00002621  DL_Timer_setCaptureCompareOutCtl
00002681  Get_Encoder_Left                
00002699  Get_Encoder_Right               
000026b1  OLED_Init                       
0000270b  __TI_zero_init_nomemset         
000027e5  DL_UART_setClockConfig          
000027f7  TI_memcpy_small                 
00002809  __TI_decompress_none            
0000282d  DL_Timer_setCaptureCompareValue 
0000283d  forward                         
0000285d  __aeabi_memset                  
0000285d  __aeabi_memset4                 
0000285d  __aeabi_memset8                 
00002895  TI_memset_small                 
000028a3  SYSCFG_DL_SYSTICK_init          
000028b1  __aeabi_memclr                  
000028b1  __aeabi_memclr4                 
000028b1  __aeabi_memclr8                 
000028bd  malloc                          
000028c9  DL_Common_delayCycles           
000028d5  __aeabi_memcpy                  
000028d5  __aeabi_memcpy4                 
000028d5  __aeabi_memcpy8                 
000028ed  fseek                           
000028f5  remove                          
000028fd  abort                           
00002903  ADC0_IRQHandler                 
00002903  ADC1_IRQHandler                 
00002903  AES_IRQHandler                  
00002903  CANFD0_IRQHandler               
00002903  DAC0_IRQHandler                 
00002903  DMA_IRQHandler                  
00002903  Default_Handler                 
00002903  GROUP0_IRQHandler               
00002903  HardFault_Handler               
00002903  I2C0_IRQHandler                 
00002903  I2C1_IRQHandler                 
00002903  NMI_Handler                     
00002903  PendSV_Handler                  
00002903  RTC_IRQHandler                  
00002903  SPI0_IRQHandler                 
00002903  SPI1_IRQHandler                 
00002903  SVC_Handler                     
00002903  TIMA0_IRQHandler                
00002903  TIMA1_IRQHandler                
00002903  TIMG12_IRQHandler               
00002903  TIMG6_IRQHandler                
00002903  TIMG7_IRQHandler                
00002903  TIMG8_IRQHandler                
00002903  UART1_IRQHandler                
00002903  UART2_IRQHandler                
00002903  UART3_IRQHandler                
00002906  C$$EXIT                         
00002907  HOSTexit                        
0000290b  Reset_Handler                   
0000290f  _system_pre_init                
00002920  OLED_F8x16                      
00002fdc  __TI_Handler_Table_Base         
00002fe8  __TI_Handler_Table_Limit        
00002ff0  __TI_CINIT_Base                 
00003000  __TI_CINIT_Limit                
00003000  __TI_CINIT_Warm                 
20200000  __start___llvm_prf_bits         
20200000  __start___llvm_prf_cnts         
20200000  __stop___llvm_prf_bits          
20200000  __stop___llvm_prf_cnts          
20200000  _sys_memory                     
20200800  _CIOBUF_                        
20200800  __CIOBUF_                       
20200920  gPWM_serovBackup                
202009dc  __TI_tmpnams                    
20200a7c  parmbuf                         
20200a88  OLED_SCL_PORT                   
20200a8c  OLED_SDA_PORT                   
20200a90  _OLED_SCL_PIN                   
20200a94  _OLED_SDA_PIN                   
20200a98  consthh                         
20200a9c  uart_data                       
20200aa0  _ftable                         
20200b90  _device                         
20200c08  _stream                         
20200c58  __TI_cleanup_ptr                
20200c5c  __TI_dtors_ptr                  
20200c60  Encoder_Left_Value              
20200c64  Encoder_Right_Value             
20200c68  __TI_ft_end                     
20200c6c  _lock                           
20200c70  _unlock                         
20200c74  delay_times                     
20200c78  i                               
20200c7c  left_encoder_value              
20200c80  right_encoder_value             
20207e00  __stack                         
20208000  __STACK_END                     
ffffffff  __TI_pprof_out_hndl             
ffffffff  __TI_prof_data_size             
ffffffff  __TI_prof_data_start            
ffffffff  __binit__                       
ffffffff  binit                           
UNDEFED   __mpu_init                      
UNDEFED   _system_post_cinit              

[189 symbols]
