******************************************************************************
            TI ARM Clang Linker PC v4.0.2                      
******************************************************************************
>> Linked Sat Jul  5 22:17:29 2025

OUTPUT FILE NAME:   <MSPM0 balance car.out>
ENTRY POINT SYMBOL: "_c_int00_noargs"  address: 00001931


MEMORY CONFIGURATION

         name            origin    length      used     unused   attr    fill
----------------------  --------  ---------  --------  --------  ----  --------
  FLASH                 00000000   00020000  00002008  0001dff8  R  X
  SRAM                  20200000   00008000  00000db2  0000724e  RW X
  BCR_CONFIG            41c00000   000000ff  00000000  000000ff  R   
  BSL_CONFIG            41c00100   00000080  00000000  00000080  R   


SEGMENT ALLOCATION MAP

run origin  load origin   length   init length attrs members
----------  ----------- ---------- ----------- ----- -------
00000000    00000000    00002008   00002008    r-x
  00000000    00000000    000000c0   000000c0    r-- .intvecs
  000000c0    000000c0    00001e50   00001e50    r-x .text
  00001f10    00001f10    00000070   00000070    r-- .rodata
  00001f80    00001f80    00000088   00000088    r-- .cinit
20200000    20200000    00000bb5   00000000    rw-
  20200000    20200000    00000800   00000000    rw- .sysmem
  20200800    20200800    000001e5   00000000    rw- .bss
  202009e8    202009e8    000001cd   00000000    rw- .data
20207e00    20207e00    00000200   00000000    rw-
  20207e00    20207e00    00000200   00000000    rw- .stack


SECTION ALLOCATION MAP

 output                                  attributes/
section   page    origin      length       input sections
--------  ----  ----------  ----------   ----------------
.intvecs   0    00000000    000000c0     
                  00000000    000000c0     startup_mspm0g350x_ticlang.o (.intvecs)

.text      0    000000c0    00001e50     
                  000000c0    00000284     libc.a : _printfi.c.obj (.text:__TI_printfi_minimal)
                  00000344    00000144     ti_msp_dl_config.o (.text.SYSCFG_DL_GPIO_init)
                  00000488    00000114     libc.a : memory.c.obj (.text.aligned_alloc)
                  0000059c    00000100     empty.o (.text.GROUP1_IRQHandler)
                  0000069c    000000fc     OLED.o (.text.OLED_Init_Custom)
                  00000798    000000f8     libc.a : fputs.c.obj (.text.fputs)
                  00000890    000000e8            : memory.c.obj (.text.free)
                  00000978    000000e0            : setvbuf.c.obj (.text.setvbuf)
                  00000a58    0000009c            : fputc.c.obj (.text.fputc)
                  00000af4    0000000c     ti_msp_dl_config.o (.text.SYSCFG_DL_SYSTICK_init)
                  00000b00    00000088     libc.a : strcmp-armv6m.S.obj (.text:strcmp)
                  00000b88    00000084     ti_msp_dl_config.o (.text.__NVIC_SetPriority)
                  00000c0c    0000007c     libc.a : fclose.c.obj (.text.__TI_closefile)
                  00000c88    0000007c            : copy_decompress_lzss.c.obj (.text:decompress:lzss)
                  00000d04    0000006c     libsysbm.a : hostlseek.c.obj (.text.HOSTlseek)
                  00000d70    0000006c                : hostrename.c.obj (.text.HOSTrename)
                  00000ddc    0000006c     libc.a : fseek.c.obj (.text.fseeko)
                  00000e48    0000006c            : getdevice.c.obj (.text.getdevice)
                  00000eb4    00000064            : _io_perm.c.obj (.text.__TI_wrt_ok)
                  00000f18    00000064            : memory.c.obj (.text.split)
                  00000f7c    00000060     libsysbm.a : hostopen.c.obj (.text.HOSTopen)
                  00000fdc    0000005c     libc.a : printf.c.obj (.text.printf)
                  00001038    00000058     libsysbm.a : hostread.c.obj (.text.HOSTread)
                  00001090    00000058                : hostwrite.c.obj (.text.HOSTwrite)
                  000010e8    00000058     ti_msp_dl_config.o (.text.SYSCFG_DL_I2C_MPU6050_init)
                  00001140    00000058     ti_msp_dl_config.o (.text.SYSCFG_DL_initPower)
                  00001198    00000056     OLED.o (.text.OLED_Clear)
                  000011ee    00000054     OLED.o (.text.OLED_I2C_SendByte)
                  00001242    00000052     libc.a : fflush.c.obj (.text.__TI_doflush)
                  00001294    00000050     ti_msp_dl_config.o (.text.SysTick_Config)
                  000012e4    00000050     libsysbm.a : close.c.obj (.text.close)
                  00001334    0000004c     ti_msp_dl_config.o (.text.DL_UART_setBaudRateDivisor)
                  00001380    00000048     driverlib.a : dl_uart.o (.text.DL_UART_init)
                  000013c8    00000048     libsysbm.a : hostclose.c.obj (.text.HOSTclose)
                  00001410    00000048                : hostunlink.c.obj (.text.HOSTunlink)
                  00001458    00000040     ti_msp_dl_config.o (.text.SYSCFG_DL_UART_0_init)
                  00001498    00000040     libclang_rt.builtins.a : aeabi_uidivmod.S.obj (.text.__aeabi_uidivmod)
                  000014d8    0000003c     ti_msp_dl_config.o (.text.DL_GPIO_initPeripheralInputFunctionFeatures)
                  00001514    0000003c     OLED.o (.text.OLED_Send_SCL)
                  00001550    0000003c     OLED.o (.text.OLED_Send_SDA)
                  0000158c    0000003c     libc.a : autoinit.c.obj (.text:__TI_auto_init_nobinit_nopinit)
                  000015c8    00000036     OLED.o (.text.OLED_SetCursor)
                  000015fe    00000002     libclang_rt.builtins.a : aeabi_div0.c.obj (.text.__aeabi_idiv0)
                  00001600    00000034     ti_msp_dl_config.o (.text.DL_GPIO_initDigitalInputFeatures)
                  00001634    00000034     libc.a : fopen.c.obj (.text.__TI_cleanup)
                  00001668    00000034     libsysbm.a : trgmsg.c.obj (.text.__TI_readmsg)
                  0000169c    00000034                : trgmsg.c.obj (.text.__TI_writemsg)
                  000016d0    00000034     libc.a : exit.c.obj (.text.exit)
                  00001704    00000034            : getdevice.c.obj (.text.finddevice)
                  00001738    00000030     Serial.o (.text.UART0_IRQHandler)
                  00001768    0000002c     empty.o (.text.__NVIC_EnableIRQ)
                  00001794    0000002c     Serial.o (.text.uart0_send_char)
                  000017c0    0000002c     libsysbm.a : unlink.c.obj (.text.unlink)
                  000017ec    0000002a     OLED.o (.text.OLED_WriteCommand)
                  00001816    0000002a     OLED.o (.text.OLED_WriteData)
                  00001840    00000028     ti_msp_dl_config.o (.text.DL_Common_updateReg)
                  00001868    00000028     ti_msp_dl_config.o (.text.DL_I2C_setControllerRXFIFOThreshold)
                  00001890    00000028     ti_msp_dl_config.o (.text.DL_I2C_setControllerTXFIFOThreshold)
                  000018b8    00000028     libc.a : memory.c.obj (.text.free_list_insert)
                  000018e0    00000028     libsysbm.a : lseek.c.obj (.text.lseek)
                  00001908    00000028                : write.c.obj (.text.write)
                  00001930    00000028     libc.a : boot_cortex_m.c.obj (.text:_c_int00_noargs)
                  00001958    00000026     ti_msp_dl_config.o (.text.DL_I2C_setAnalogGlitchFilterPulseWidth)
                  0000197e    00000026     driverlib.a : dl_i2c.o (.text.DL_I2C_setClockConfig)
                  000019a4    00000024     OLED.o (.text.OLED_I2C_Start)
                  000019c8    00000022     empty.o (.text.main)
                  000019ea    00000022     libc.a : memccpy.c.obj (.text.memccpy)
                  00001a0c    00000020     ti_msp_dl_config.o (.text.DL_GPIO_initPeripheralInputFunction)
                  00001a2c    0000001e     ti_msp_dl_config.o (.text.DL_UART_setOversampling)
                  00001a4a    0000001e     ti_msp_dl_config.o (.text.SYSCFG_DL_SYSCTL_init)
                  00001a68    0000001c     ti_msp_dl_config.o (.text.DL_GPIO_clearInterruptStatus)
                  00001a84    0000001c     ti_msp_dl_config.o (.text.DL_GPIO_enableHiZ)
                  00001aa0    0000001c     ti_msp_dl_config.o (.text.DL_GPIO_enableInterrupt)
                  00001abc    0000001c     ti_msp_dl_config.o (.text.DL_GPIO_initPeripheralOutputFunction)
                  00001ad8    0000001c     ti_msp_dl_config.o (.text.DL_GPIO_setLowerPinsPolarity)
                  00001af4    0000001c     empty.o (.text.DL_Interrupt_getPendingGroup)
                  00001b10    0000001c     ti_msp_dl_config.o (.text.DL_SYSCTL_setSYSOSCFreq)
                  00001b2c    0000001c     OLED.o (.text.OLED_I2C_Stop)
                  00001b48    0000001c     ti_msp_dl_config.o (.text.SYSCFG_DL_init)
                  00001b64    0000001c     libc.a : memory.c.obj (.text.free_list_remove)
                  00001b80    00000018     ti_msp_dl_config.o (.text.DL_GPIO_enableOutput)
                  00001b98    00000018     ti_msp_dl_config.o (.text.DL_GPIO_enablePower)
                  00001bb0    00000018     empty.o (.text.DL_GPIO_getEnabledInterruptStatus)
                  00001bc8    00000018     ti_msp_dl_config.o (.text.DL_GPIO_initDigitalOutput)
                  00001be0    00000018     ti_msp_dl_config.o (.text.DL_GPIO_reset)
                  00001bf8    00000018     OLED.o (.text.DL_GPIO_setPins)
                  00001c10    00000018     ti_msp_dl_config.o (.text.DL_GPIO_setPins)
                  00001c28    00000018     ti_msp_dl_config.o (.text.DL_I2C_enableAnalogGlitchFilter)
                  00001c40    00000018     ti_msp_dl_config.o (.text.DL_I2C_enableController)
                  00001c58    00000018     ti_msp_dl_config.o (.text.DL_I2C_enableControllerClockStretching)
                  00001c70    00000018     ti_msp_dl_config.o (.text.DL_I2C_enablePower)
                  00001c88    00000018     ti_msp_dl_config.o (.text.DL_I2C_reset)
                  00001ca0    00000018     ti_msp_dl_config.o (.text.DL_I2C_setTimerPeriod)
                  00001cb8    00000018     ti_msp_dl_config.o (.text.DL_SYSCTL_setBORThreshold)
                  00001cd0    00000018     ti_msp_dl_config.o (.text.DL_UART_enablePower)
                  00001ce8    00000018     Serial.o (.text.DL_UART_isBusy)
                  00001d00    00000018     ti_msp_dl_config.o (.text.DL_UART_reset)
                  00001d18    00000018     OLED.o (.text.OLED_Init)
                  00001d30    00000016     empty.o (.text.DL_GPIO_readPins)
                  00001d46    00000016     ti_msp_dl_config.o (.text.DL_UART_enable)
                  00001d5c    00000016     Serial.o (.text.DL_UART_transmitData)
                  00001d72    00000016     libc.a : copy_zero_init.c.obj (.text:decompress:ZI:__TI_zero_init_nomemset)
                  00001d88    00000014     OLED.o (.text.DL_GPIO_clearPins)
                  00001d9c    00000014     ti_msp_dl_config.o (.text.DL_GPIO_clearPins)
                  00001db0    00000014     ti_msp_dl_config.o (.text.DL_I2C_resetControllerTransfer)
                  00001dc4    00000014     ti_msp_dl_config.o (.text.DL_SYSCTL_disableSYSPLL)
                  00001dd8    00000014     Serial.o (.text.DL_UART_receiveData)
                  00001dec    00000012     Serial.o (.text.DL_UART_getPendingInterrupt)
                  00001dfe    00000012     driverlib.a : dl_uart.o (.text.DL_UART_setClockConfig)
                  00001e10    00000012     libc.a : memcpy16.S.obj (.text:TI_memcpy_small)
                  00001e22    00000012            : copy_decompress_none.c.obj (.text:decompress:none)
                  00001e34    00000010     ti_msp_dl_config.o (.text.DL_SYSCTL_disableHFXT)
                  00001e44    00000010     mspm0_clock.o (.text.SysTick_Handler)
                  00001e54    0000000e     libc.a : memory.c.obj (.text.OUTLINED_FUNCTION_0)
                  00001e62    00000002            : _lock.c.obj (.text._nop)
                  00001e64    0000000e     libclang_rt.builtins.a : aeabi_memset.S.obj (.text.__aeabi_memset)
                  00001e72    0000000e     libsysbm.a : hostrename.c.obj (.text.strcpy)
                  00001e80    0000000e     libc.a : _printfi.c.obj (.text.strlen)
                  00001e8e    0000000e     libsysbm.a : hostrename.c.obj (.text.strlen)
                  00001e9c    0000000e     libc.a : memset16.S.obj (.text:TI_memset_small)
                  00001eaa    00000002     --HOLE-- [fill = 0]
                  00001eac    0000000c     libclang_rt.builtins.a : aeabi_memset.S.obj (.text.__aeabi_memclr)
                  00001eb8    0000000c     libc.a : memory.c.obj (.text.malloc)
                  00001ec4    0000000a     driverlib.a : dl_common.o (.text.DL_Common_delayCycles)
                  00001ece    00000002     --HOLE-- [fill = 0]
                  00001ed0    00000008     libclang_rt.builtins.a : aeabi_memcpy.S.obj (.text.__aeabi_memcpy)
                  00001ed8    00000008     libc.a : printf.c.obj (.text._outc)
                  00001ee0    00000008            : printf.c.obj (.text._outs)
                  00001ee8    00000008            : fseek.c.obj (.text.fseek)
                  00001ef0    00000008     libsysbm.a : remove.c.obj (.text.remove)
                  00001ef8    00000006     libc.a : exit.c.obj (.text:abort)
                  00001efe    00000004     startup_mspm0g350x_ticlang.o (.text.Default_Handler)
                  00001f02    00000004     libsysbm.a : hostexit.c.obj (.text.HOSTexit)
                  00001f06    00000004     startup_mspm0g350x_ticlang.o (.text.Reset_Handler)
                  00001f0a    00000004     libc.a : pre_init.c.obj (.text._system_pre_init)
                  00001f0e    00000002     --HOLE-- [fill = 0]

.cinit     0    00001f80    00000088     
                  00001f80    00000062     (.cinit..data.load) [load image, compression = lzss]
                  00001fe2    00000002     --HOLE-- [fill = 0]
                  00001fe4    0000000c     (__TI_handler_table)
                  00001ff0    00000008     (.cinit..bss.load) [load image, compression = zero_init]
                  00001ff8    00000010     (__TI_cinit_table)

.rodata    0    00001f10    00000070     
                  00001f10    00000018     empty.o (.rodata.str1.11898133897667081452.1)
                  00001f28    00000018     empty.o (.rodata.str1.7401042497206923953.1)
                  00001f40    00000017     empty.o (.rodata.str1.9517790425240694019.1)
                  00001f57    00000011     libc.a : _printfi.c.obj (.rodata.str1.15363888844622738466.1)
                  00001f68    0000000a     ti_msp_dl_config.o (.rodata.gUART_0Config)
                  00001f72    00000003     empty.o (.rodata.str1.254342170260855183.1)
                  00001f75    00000002     ti_msp_dl_config.o (.rodata.gI2C_MPU6050ClockConfig)
                  00001f77    00000002     ti_msp_dl_config.o (.rodata.gUART_0ClockConfig)
                  00001f79    00000002     empty.o (.rodata.str1.14685083708502177989.1)
                  00001f7b    00000002     empty.o (.rodata.str1.17669528882079347314.1)
                  00001f7d    00000003     --HOLE-- [fill = 0]

.init_array 
*          0    00000000    00000000     UNINITIALIZED

.binit     0    00000000    00000000     

.sysmem    0    20200000    00000800     UNINITIALIZED
                  20200000    00000010     libc.a : memory.c.obj (.sysmem)
                  20200010    000007f0     --HOLE--

.bss       0    20200800    000001e5     UNINITIALIZED
                  20200800    00000120     libsysbm.a : trgmsg.c.obj (.bss:_CIOBUF_)
                  20200920    000000a0     libc.a : defs.c.obj (.bss.__TI_tmpnams)
                  202009c0    00000008     libsysbm.a : hostopen.c.obj (.bss.parmbuf)
                  202009c8    00000004     libc.a : memory.c.obj (.bss.sys_free)
                  202009cc    00000004     (.common:OLED_SCL_PIN)
                  202009d0    00000004     (.common:OLED_SCL_PORT)
                  202009d4    00000004     (.common:OLED_SDA_PIN)
                  202009d8    00000004     (.common:OLED_SDA_PORT)
                  202009dc    00000004     (.common:conts)
                  202009e0    00000004     (.common:tick_ms)
                  202009e4    00000001     (.common:uart_data)

.data      0    202009e8    000001cd     UNINITIALIZED
                  202009e8    000000f0     libc.a : defs.c.obj (.data._ftable)
                  20200ad8    00000078     libsysbm.a : host_device.c.obj (.data._device)
                  20200b50    00000050                : host_device.c.obj (.data._stream)
                  20200ba0    00000008     libc.a : exit.c.obj (.data..L_MergedGlobals)
                  20200ba8    00000004            : defs.c.obj (.data.__TI_ft_end)
                  20200bac    00000004            : _lock.c.obj (.data._lock)
                  20200bb0    00000004            : _lock.c.obj (.data._unlock)
                  20200bb4    00000001            : memory.c.obj (.data.memory_is_initialized)

.stack     0    20207e00    00000200     UNINITIALIZED
                  20207e00    00000004     libc.a : boot_cortex_m.c.obj (.stack)
                  20207e04    000001fc     --HOLE--

__llvm_prf_cnts 
*          0    20200000    00000000     UNINITIALIZED

__llvm_prf_bits 
*          0    20200000    00000000     UNINITIALIZED

MODULE SUMMARY

       Module                         code   ro data   rw data
       ------                         ----   -------   -------
    .\
       ti_msp_dl_config.o             1856   14        0      
       empty.o                        408    78        4      
       startup_mspm0g350x_ticlang.o   8      192       0      
    +--+------------------------------+------+---------+---------+
       Total:                         2272   284       4      
                                                              
    .\Hardware\MPU6050\
       mspm0_clock.o                  16     0         4      
    +--+------------------------------+------+---------+---------+
       Total:                         16     0         4      
                                                              
    .\Hardware\OLED\
       OLED.o                         812    0         16     
    +--+------------------------------+------+---------+---------+
       Total:                         812    0         16     
                                                              
    .\Hardware\Serial\
       Serial.o                       176    0         1      
    +--+------------------------------+------+---------+---------+
       Total:                         176    0         1      
                                                              
    C:/TI/mspm0_sdk_2_04_00_06/source/ti/driverlib/lib/ticlang/m0p/mspm0g1x0x_g3x0x/driverlib.a
       dl_uart.o                      90     0         0      
       dl_i2c.o                       38     0         0      
       dl_common.o                    10     0         0      
    +--+------------------------------+------+---------+---------+
       Total:                         138    0         0      
                                                              
    D:\ti\ccs\tools\compiler\ti-cgt-armllvm_4.0.2.LTS\lib\armv6m-ti-none-eabi/c/libc.a
       memory.c.obj                   702    0         5      
       _printfi.c.obj                 658    17        0      
       defs.c.obj                     0      0         404    
       fputs.c.obj                    248    0         0      
       setvbuf.c.obj                  224    0         0      
       getdevice.c.obj                160    0         0      
       fputc.c.obj                    156    0         0      
       strcmp-armv6m.S.obj            136    0         0      
       copy_decompress_lzss.c.obj     124    0         0      
       fclose.c.obj                   124    0         0      
       fseek.c.obj                    116    0         0      
       printf.c.obj                   108    0         0      
       _io_perm.c.obj                 100    0         0      
       fflush.c.obj                   82     0         0      
       exit.c.obj                     58     0         8      
       autoinit.c.obj                 60     0         0      
       fopen.c.obj                    52     0         0      
       boot_cortex_m.c.obj            40     0         0      
       memccpy.c.obj                  34     0         0      
       copy_zero_init.c.obj           22     0         0      
       copy_decompress_none.c.obj     18     0         0      
       memcpy16.S.obj                 18     0         0      
       memset16.S.obj                 14     0         0      
       _lock.c.obj                    2      0         8      
       pre_init.c.obj                 4      0         0      
    +--+------------------------------+------+---------+---------+
       Total:                         3260   17        425    
                                                              
    D:\ti\ccs\tools\compiler\ti-cgt-armllvm_4.0.2.LTS\lib\armv6m-ti-none-eabi/c/libsysbm.a
       trgmsg.c.obj                   104    0         288    
       host_device.c.obj              0      0         200    
       hostrename.c.obj               136    0         0      
       hostlseek.c.obj                108    0         0      
       hostopen.c.obj                 96     0         8      
       hostread.c.obj                 88     0         0      
       hostwrite.c.obj                88     0         0      
       close.c.obj                    80     0         0      
       hostclose.c.obj                72     0         0      
       hostunlink.c.obj               72     0         0      
       unlink.c.obj                   44     0         0      
       lseek.c.obj                    40     0         0      
       write.c.obj                    40     0         0      
       remove.c.obj                   8      0         0      
       hostexit.c.obj                 4      0         0      
    +--+------------------------------+------+---------+---------+
       Total:                         980    0         496    
                                                              
    D:\ti\ccs\tools\compiler\ti-cgt-armllvm_4.0.2.LTS\lib\armv6m-ti-none-eabi/libclang_rt.builtins.a
       aeabi_uidivmod.S.obj           64     0         0      
       aeabi_memset.S.obj             26     0         0      
       aeabi_memcpy.S.obj             8      0         0      
       aeabi_div0.c.obj               2      0         0      
    +--+------------------------------+------+---------+---------+
       Total:                         100    0         0      
                                                              
       Heap:                          0      0         2048   
       Stack:                         0      0         512    
       Linker Generated:              0      134       0      
    +--+------------------------------+------+---------+---------+
       Grand Total:                   7754   435       3506   


LINKER GENERATED COPY TABLES

__TI_cinit_table @ 00001ff8 records: 2, size/record: 8, table size: 16
	.data: load addr=00001f80, load size=00000062 bytes, run addr=202009e8, run size=000001cd bytes, compression=lzss
	.bss: load addr=00001ff0, load size=00000008 bytes, run addr=20200800, run size=000001e5 bytes, compression=zero_init


LINKER GENERATED HANDLER TABLE

__TI_handler_table @ 00001fe4 records: 3, size/record: 4, table size: 12
	index: 0, handler: __TI_decompress_lzss
	index: 1, handler: __TI_decompress_none
	index: 2, handler: __TI_zero_init


GLOBAL SYMBOLS: SORTED ALPHABETICALLY BY Name 

address   name                          
-------   ----                          
00001eff  ADC0_IRQHandler               
00001eff  ADC1_IRQHandler               
00001eff  AES_IRQHandler                
00001f02  C$$EXIT                       
000016c9  C$$IO$$                       
00001eff  CANFD0_IRQHandler             
00001eff  DAC0_IRQHandler               
00001ec5  DL_Common_delayCycles         
0000197f  DL_I2C_setClockConfig         
00001381  DL_UART_init                  
00001dff  DL_UART_setClockConfig        
00001eff  DMA_IRQHandler                
00001eff  Default_Handler               
00001eff  GROUP0_IRQHandler             
0000059d  GROUP1_IRQHandler             
000013c9  HOSTclose                     
00001f03  HOSTexit                      
00000d05  HOSTlseek                     
00000f7d  HOSTopen                      
00001039  HOSTread                      
00000d71  HOSTrename                    
00001411  HOSTunlink                    
00001091  HOSTwrite                     
00001eff  HardFault_Handler             
00001eff  I2C0_IRQHandler               
00001eff  I2C1_IRQHandler               
00001eff  NMI_Handler                   
00001199  OLED_Clear                    
000011ef  OLED_I2C_SendByte             
000019a5  OLED_I2C_Start                
00001b2d  OLED_I2C_Stop                 
00001d19  OLED_Init                     
0000069d  OLED_Init_Custom              
202009cc  OLED_SCL_PIN                  
202009d0  OLED_SCL_PORT                 
202009d4  OLED_SDA_PIN                  
202009d8  OLED_SDA_PORT                 
00001515  OLED_Send_SCL                 
00001551  OLED_Send_SDA                 
000015c9  OLED_SetCursor                
000017ed  OLED_WriteCommand             
00001817  OLED_WriteData                
00001eff  PendSV_Handler                
00001eff  RTC_IRQHandler                
00001f07  Reset_Handler                 
00001eff  SPI0_IRQHandler               
00001eff  SPI1_IRQHandler               
00001eff  SVC_Handler                   
00000345  SYSCFG_DL_GPIO_init           
000010e9  SYSCFG_DL_I2C_MPU6050_init    
00001a4b  SYSCFG_DL_SYSCTL_init         
00000af5  SYSCFG_DL_SYSTICK_init        
00001459  SYSCFG_DL_UART_0_init         
00001b49  SYSCFG_DL_init                
00001141  SYSCFG_DL_initPower           
00001e45  SysTick_Handler               
00001eff  TIMA0_IRQHandler              
00001eff  TIMA1_IRQHandler              
00001eff  TIMG0_IRQHandler              
00001eff  TIMG12_IRQHandler             
00001eff  TIMG6_IRQHandler              
00001eff  TIMG7_IRQHandler              
00001eff  TIMG8_IRQHandler              
00001e11  TI_memcpy_small               
00001e9d  TI_memset_small               
00001739  UART0_IRQHandler              
00001eff  UART1_IRQHandler              
00001eff  UART2_IRQHandler              
00001eff  UART3_IRQHandler              
20200800  _CIOBUF_                      
20200800  __CIOBUF_                     
20208000  __STACK_END                   
00000200  __STACK_SIZE                  
00000800  __SYSMEM_SIZE                 
00000000  __TI_ATRegion0_region_sz      
00000000  __TI_ATRegion0_src_addr       
00000000  __TI_ATRegion0_trg_addr       
00000000  __TI_ATRegion1_region_sz      
00000000  __TI_ATRegion1_src_addr       
00000000  __TI_ATRegion1_trg_addr       
00000000  __TI_ATRegion2_region_sz      
00000000  __TI_ATRegion2_src_addr       
00000000  __TI_ATRegion2_trg_addr       
00001ff8  __TI_CINIT_Base               
00002008  __TI_CINIT_Limit              
00002008  __TI_CINIT_Warm               
00001fe4  __TI_Handler_Table_Base       
00001ff0  __TI_Handler_Table_Limit      
0000158d  __TI_auto_init_nobinit_nopinit
00001635  __TI_cleanup                  
20200ba0  __TI_cleanup_ptr              
00000c0d  __TI_closefile                
00000c89  __TI_decompress_lzss          
00001e23  __TI_decompress_none          
00001243  __TI_doflush                  
20200ba4  __TI_dtors_ptr                
20200ba8  __TI_ft_end                   
ffffffff  __TI_pprof_out_hndl           
000000c1  __TI_printfi_minimal          
ffffffff  __TI_prof_data_size           
ffffffff  __TI_prof_data_start          
00001669  __TI_readmsg                  
00000000  __TI_static_base__            
20200920  __TI_tmpnams                  
0000169d  __TI_writemsg                 
00000eb5  __TI_wrt_ok                   
00001d73  __TI_zero_init_nomemset       
000015ff  __aeabi_idiv0                 
00001ead  __aeabi_memclr                
00001ead  __aeabi_memclr4               
00001ead  __aeabi_memclr8               
00001ed1  __aeabi_memcpy                
00001ed1  __aeabi_memcpy4               
00001ed1  __aeabi_memcpy8               
00001e65  __aeabi_memset                
00001e65  __aeabi_memset4               
00001e65  __aeabi_memset8               
00001499  __aeabi_uidiv                 
00001499  __aeabi_uidivmod              
ffffffff  __binit__                     
UNDEFED   __mpu_init                    
20207e00  __stack                       
20200000  __start___llvm_prf_bits       
20200000  __start___llvm_prf_cnts       
20200000  __stop___llvm_prf_bits        
20200000  __stop___llvm_prf_cnts        
00001931  _c_int00_noargs               
20200ad8  _device                       
202009e8  _ftable                       
20200bac  _lock                         
00001e63  _nop                          
20200b50  _stream                       
20200000  _sys_memory                   
UNDEFED   _system_post_cinit            
00001f0b  _system_pre_init              
20200bb0  _unlock                       
00001ef9  abort                         
00000489  aligned_alloc                 
ffffffff  binit                         
000012e5  close                         
202009dc  conts                         
000016d1  exit                          
00001705  finddevice                    
00000a59  fputc                         
00000799  fputs                         
00000891  free                          
00001ee9  fseek                         
00000ddd  fseeko                        
00000e49  getdevice                     
00000000  interruptVectors              
000018e1  lseek                         
000019c9  main                          
00001eb9  malloc                        
00000489  memalign                      
000019eb  memccpy                       
202009c0  parmbuf                       
00000fdd  printf                        
00001ef1  remove                        
00000979  setvbuf                       
00000b01  strcmp                        
202009e0  tick_ms                       
00001795  uart0_send_char               
202009e4  uart_data                     
000017c1  unlink                        
00001909  write                         


GLOBAL SYMBOLS: SORTED BY Symbol Address 

address   name                          
-------   ----                          
00000000  __TI_ATRegion0_region_sz      
00000000  __TI_ATRegion0_src_addr       
00000000  __TI_ATRegion0_trg_addr       
00000000  __TI_ATRegion1_region_sz      
00000000  __TI_ATRegion1_src_addr       
00000000  __TI_ATRegion1_trg_addr       
00000000  __TI_ATRegion2_region_sz      
00000000  __TI_ATRegion2_src_addr       
00000000  __TI_ATRegion2_trg_addr       
00000000  __TI_static_base__            
00000000  interruptVectors              
000000c1  __TI_printfi_minimal          
00000200  __STACK_SIZE                  
00000345  SYSCFG_DL_GPIO_init           
00000489  aligned_alloc                 
00000489  memalign                      
0000059d  GROUP1_IRQHandler             
0000069d  OLED_Init_Custom              
00000799  fputs                         
00000800  __SYSMEM_SIZE                 
00000891  free                          
00000979  setvbuf                       
00000a59  fputc                         
00000af5  SYSCFG_DL_SYSTICK_init        
00000b01  strcmp                        
00000c0d  __TI_closefile                
00000c89  __TI_decompress_lzss          
00000d05  HOSTlseek                     
00000d71  HOSTrename                    
00000ddd  fseeko                        
00000e49  getdevice                     
00000eb5  __TI_wrt_ok                   
00000f7d  HOSTopen                      
00000fdd  printf                        
00001039  HOSTread                      
00001091  HOSTwrite                     
000010e9  SYSCFG_DL_I2C_MPU6050_init    
00001141  SYSCFG_DL_initPower           
00001199  OLED_Clear                    
000011ef  OLED_I2C_SendByte             
00001243  __TI_doflush                  
000012e5  close                         
00001381  DL_UART_init                  
000013c9  HOSTclose                     
00001411  HOSTunlink                    
00001459  SYSCFG_DL_UART_0_init         
00001499  __aeabi_uidiv                 
00001499  __aeabi_uidivmod              
00001515  OLED_Send_SCL                 
00001551  OLED_Send_SDA                 
0000158d  __TI_auto_init_nobinit_nopinit
000015c9  OLED_SetCursor                
000015ff  __aeabi_idiv0                 
00001635  __TI_cleanup                  
00001669  __TI_readmsg                  
0000169d  __TI_writemsg                 
000016c9  C$$IO$$                       
000016d1  exit                          
00001705  finddevice                    
00001739  UART0_IRQHandler              
00001795  uart0_send_char               
000017c1  unlink                        
000017ed  OLED_WriteCommand             
00001817  OLED_WriteData                
000018e1  lseek                         
00001909  write                         
00001931  _c_int00_noargs               
0000197f  DL_I2C_setClockConfig         
000019a5  OLED_I2C_Start                
000019c9  main                          
000019eb  memccpy                       
00001a4b  SYSCFG_DL_SYSCTL_init         
00001b2d  OLED_I2C_Stop                 
00001b49  SYSCFG_DL_init                
00001d19  OLED_Init                     
00001d73  __TI_zero_init_nomemset       
00001dff  DL_UART_setClockConfig        
00001e11  TI_memcpy_small               
00001e23  __TI_decompress_none          
00001e45  SysTick_Handler               
00001e63  _nop                          
00001e65  __aeabi_memset                
00001e65  __aeabi_memset4               
00001e65  __aeabi_memset8               
00001e9d  TI_memset_small               
00001ead  __aeabi_memclr                
00001ead  __aeabi_memclr4               
00001ead  __aeabi_memclr8               
00001eb9  malloc                        
00001ec5  DL_Common_delayCycles         
00001ed1  __aeabi_memcpy                
00001ed1  __aeabi_memcpy4               
00001ed1  __aeabi_memcpy8               
00001ee9  fseek                         
00001ef1  remove                        
00001ef9  abort                         
00001eff  ADC0_IRQHandler               
00001eff  ADC1_IRQHandler               
00001eff  AES_IRQHandler                
00001eff  CANFD0_IRQHandler             
00001eff  DAC0_IRQHandler               
00001eff  DMA_IRQHandler                
00001eff  Default_Handler               
00001eff  GROUP0_IRQHandler             
00001eff  HardFault_Handler             
00001eff  I2C0_IRQHandler               
00001eff  I2C1_IRQHandler               
00001eff  NMI_Handler                   
00001eff  PendSV_Handler                
00001eff  RTC_IRQHandler                
00001eff  SPI0_IRQHandler               
00001eff  SPI1_IRQHandler               
00001eff  SVC_Handler                   
00001eff  TIMA0_IRQHandler              
00001eff  TIMA1_IRQHandler              
00001eff  TIMG0_IRQHandler              
00001eff  TIMG12_IRQHandler             
00001eff  TIMG6_IRQHandler              
00001eff  TIMG7_IRQHandler              
00001eff  TIMG8_IRQHandler              
00001eff  UART1_IRQHandler              
00001eff  UART2_IRQHandler              
00001eff  UART3_IRQHandler              
00001f02  C$$EXIT                       
00001f03  HOSTexit                      
00001f07  Reset_Handler                 
00001f0b  _system_pre_init              
00001fe4  __TI_Handler_Table_Base       
00001ff0  __TI_Handler_Table_Limit      
00001ff8  __TI_CINIT_Base               
00002008  __TI_CINIT_Limit              
00002008  __TI_CINIT_Warm               
20200000  __start___llvm_prf_bits       
20200000  __start___llvm_prf_cnts       
20200000  __stop___llvm_prf_bits        
20200000  __stop___llvm_prf_cnts        
20200000  _sys_memory                   
20200800  _CIOBUF_                      
20200800  __CIOBUF_                     
20200920  __TI_tmpnams                  
202009c0  parmbuf                       
202009cc  OLED_SCL_PIN                  
202009d0  OLED_SCL_PORT                 
202009d4  OLED_SDA_PIN                  
202009d8  OLED_SDA_PORT                 
202009dc  conts                         
202009e0  tick_ms                       
202009e4  uart_data                     
202009e8  _ftable                       
20200ad8  _device                       
20200b50  _stream                       
20200ba0  __TI_cleanup_ptr              
20200ba4  __TI_dtors_ptr                
20200ba8  __TI_ft_end                   
20200bac  _lock                         
20200bb0  _unlock                       
20207e00  __stack                       
20208000  __STACK_END                   
ffffffff  __TI_pprof_out_hndl           
ffffffff  __TI_prof_data_size           
ffffffff  __TI_prof_data_start          
ffffffff  __binit__                     
ffffffff  binit                         
UNDEFED   __mpu_init                    
UNDEFED   _system_post_cinit            

[165 symbols]
