******************************************************************************
            TI ARM Clang Linker PC v4.0.2                      
******************************************************************************
>> Linked Tue May 20 16:03:41 2025

OUTPUT FILE NAME:   <MSPM0 balance car.out>
ENTRY POINT SYMBOL: "_c_int00_noargs"  address: 00000a81


MEMORY CONFIGURATION

         name            origin    length      used     unused   attr    fill
----------------------  --------  ---------  --------  --------  ----  --------
  FLASH                 00000000   00020000  000014b8  0001eb48  R  X
  SRAM                  20200000   00008000  00000228  00007dd8  RW X
  BCR_CONFIG            41c00000   000000ff  00000000  000000ff  R   
  BSL_CONFIG            41c00100   00000080  00000000  00000080  R   


SEGMENT ALLOCATION MAP

run origin  load origin   length   init length attrs members
----------  ----------- ---------- ----------- ----- -------
00000000    00000000    000014b8   000014b8    r-x
  00000000    00000000    000000c0   000000c0    r-- .intvecs
  000000c0    000000c0    00000dc8   00000dc8    r-x .text
  00000e88    00000e88    00000610   00000610    r-- .rodata
  00001498    00001498    00000008   00000008    r-- .init_array
  000014a0    000014a0    00000018   00000018    r-- .cinit
20200000    20200000    00000028   00000000    rw-
  20200000    20200000    00000028   00000000    rw- .data
20207e00    20207e00    00000200   00000000    rw-
  20207e00    20207e00    00000200   00000000    rw- .stack


SECTION ALLOCATION MAP

 output                                  attributes/
section   page    origin      length       input sections
--------  ----  ----------  ----------   ----------------
.intvecs   0    00000000    000000c0     
                  00000000    000000c0     startup_mspm0g350x_ticlang.o (.intvecs)

.binit     0    00000000    00000000     

.text      0    000000c0    00000dc8     
                  000000c0    00000100     OLED.o (.text._ZN4OLED4InitEv)
                  000001c0    000000c0     OLED.o (.text._ZN4OLED8ShowCharEhhc)
                  00000280    000000ac     ti_msp_dl_config.o (.text.SYSCFG_DL_GPIO_init)
                  0000032c    00000084     ti_msp_dl_config.o (.text.__NVIC_SetPriority)
                  000003b0    0000007c     libc.a : copy_decompress_lzss.c.obj (.text:decompress:lzss)
                  0000042c    00000066     OLED.o (.text._ZN4OLED3I2C8SendByteEh)
                  00000492    00000060     OLED.o (.text._ZN4OLED5ClearEv)
                  000004f2    00000002     --HOLE-- [fill = 0]
                  000004f4    00000058     ti_msp_dl_config.o (.text.SYSCFG_DL_I2C_MPU6050_init)
                  0000054c    00000058     ti_msp_dl_config.o (.text.SYSCFG_DL_initPower)
                  000005a4    00000054     empty_cpp.o (.text.main)
                  000005f8    00000054     libc.a : autoinit.c.obj (.text:__TI_auto_init_nobinit)
                  0000064c    00000052     OLED.o (.text._ZN4OLED10ShowStringEhhPKc)
                  0000069e    00000002     --HOLE-- [fill = 0]
                  000006a0    00000050     ti_msp_dl_config.o (.text.SysTick_Config)
                  000006f0    0000004c     ti_msp_dl_config.o (.text.DL_UART_setBaudRateDivisor)
                  0000073c    00000048     driverlib.a : dl_uart.o (.text.DL_UART_init)
                  00000784    00000044     OLED.o (.text._ZN4OLED9SetCursorEhh)
                  000007c8    00000040     ti_msp_dl_config.o (.text.SYSCFG_DL_UART_0_init)
                  00000808    0000003c     ti_msp_dl_config.o (.text.DL_GPIO_initPeripheralInputFunctionFeatures)
                  00000844    0000003a     OLED.o (.text._ZN4OLED12WriteCommandEh)
                  0000087e    0000003a     OLED.o (.text._ZN4OLED9WriteDataEh)
                  000008b8    00000034     ti_msp_dl_config.o (.text.DL_GPIO_initDigitalInputFeatures)
                  000008ec    00000034     OLED.o (.text._ZN4OLED3I2C5StartEv)
                  00000920    00000034     OLED.o (.text._ZN4OLED8Send_SCLEb)
                  00000954    00000034     OLED.o (.text._ZN4OLED8Send_SDAEb)
                  00000988    0000002c     empty_cpp.o (.text._ZN4OLEDC2EP9GPIO_RegsjS1_j)
                  000009b4    0000002a     OLED.o (.text._ZN4OLED3I2C4StopEv)
                  000009de    00000028     ti_msp_dl_config.o (.text.DL_Common_updateReg)
                  00000a06    00000002     --HOLE-- [fill = 0]
                  00000a08    00000028     ti_msp_dl_config.o (.text.DL_I2C_setControllerRXFIFOThreshold)
                  00000a30    00000028     ti_msp_dl_config.o (.text.DL_I2C_setControllerTXFIFOThreshold)
                  00000a58    00000028     empty_cpp.o (.text._ZN4OLEDC2Ev)
                  00000a80    00000028     libc.a : boot_cortex_m.c.obj (.text:_c_int00_noargs)
                  00000aa8    00000026     ti_msp_dl_config.o (.text.DL_I2C_setAnalogGlitchFilterPulseWidth)
                  00000ace    00000026     driverlib.a : dl_i2c.o (.text.DL_I2C_setClockConfig)
                  00000af4    00000020     ti_msp_dl_config.o (.text.DL_GPIO_initPeripheralInputFunction)
                  00000b14    00000020     empty_cpp.o (.text.__cxx_global_var_init)
                  00000b34    0000001e     ti_msp_dl_config.o (.text.DL_UART_setOversampling)
                  00000b52    0000001e     ti_msp_dl_config.o (.text.SYSCFG_DL_SYSCTL_init)
                  00000b70    0000001c     ti_msp_dl_config.o (.text.DL_GPIO_clearInterruptStatus)
                  00000b8c    0000001c     ti_msp_dl_config.o (.text.DL_GPIO_enableHiZ)
                  00000ba8    0000001c     ti_msp_dl_config.o (.text.DL_GPIO_enableInterrupt)
                  00000bc4    0000001c     ti_msp_dl_config.o (.text.DL_GPIO_initPeripheralOutputFunction)
                  00000be0    0000001c     ti_msp_dl_config.o (.text.DL_GPIO_setLowerPinsPolarity)
                  00000bfc    0000001c     ti_msp_dl_config.o (.text.DL_SYSCTL_setSYSOSCFreq)
                  00000c18    0000001c     ti_msp_dl_config.o (.text.SYSCFG_DL_init)
                  00000c34    00000018     ti_msp_dl_config.o (.text.DL_GPIO_enableOutput)
                  00000c4c    00000018     ti_msp_dl_config.o (.text.DL_GPIO_enablePower)
                  00000c64    00000018     ti_msp_dl_config.o (.text.DL_GPIO_initDigitalOutput)
                  00000c7c    00000018     ti_msp_dl_config.o (.text.DL_GPIO_reset)
                  00000c94    00000018     ti_msp_dl_config.o (.text.DL_I2C_enableAnalogGlitchFilter)
                  00000cac    00000018     ti_msp_dl_config.o (.text.DL_I2C_enableController)
                  00000cc4    00000018     ti_msp_dl_config.o (.text.DL_I2C_enableControllerClockStretching)
                  00000cdc    00000018     ti_msp_dl_config.o (.text.DL_I2C_enablePower)
                  00000cf4    00000018     ti_msp_dl_config.o (.text.DL_I2C_reset)
                  00000d0c    00000018     ti_msp_dl_config.o (.text.DL_I2C_setTimerPeriod)
                  00000d24    00000018     ti_msp_dl_config.o (.text.DL_SYSCTL_setBORThreshold)
                  00000d3c    00000018     ti_msp_dl_config.o (.text.DL_UART_enablePower)
                  00000d54    00000018     ti_msp_dl_config.o (.text.DL_UART_reset)
                  00000d6c    00000018     OLED.o (.text._ZL15DL_GPIO_setPinsP9GPIO_Regsj)
                  00000d84    00000016     ti_msp_dl_config.o (.text.DL_UART_enable)
                  00000d9a    00000014     ti_msp_dl_config.o (.text.DL_GPIO_clearPins)
                  00000dae    00000002     --HOLE-- [fill = 0]
                  00000db0    00000014     ti_msp_dl_config.o (.text.DL_I2C_resetControllerTransfer)
                  00000dc4    00000014     ti_msp_dl_config.o (.text.DL_SYSCTL_disableSYSPLL)
                  00000dd8    00000014     OLED.o (.text._ZL17DL_GPIO_clearPinsP9GPIO_Regsj)
                  00000dec    00000012     driverlib.a : dl_uart.o (.text.DL_UART_setClockConfig)
                  00000dfe    00000012     libc.a : memcpy16.S.obj (.text:TI_memcpy_small)
                  00000e10    00000012            : copy_decompress_none.c.obj (.text:decompress:none)
                  00000e22    00000002     --HOLE-- [fill = 0]
                  00000e24    00000010     ti_msp_dl_config.o (.text.DL_SYSCTL_disableHFXT)
                  00000e34    00000010     empty_cpp.o (.text.__cxx_global_var_init.1)
                  00000e44    0000000c     ti_msp_dl_config.o (.text.SYSCFG_DL_SYSTICK_init)
                  00000e50    0000000c     empty_cpp.o (.text._GLOBAL__sub_I_empty_cpp.cpp)
                  00000e5c    0000000a     driverlib.a : dl_common.o (.text.DL_Common_delayCycles)
                  00000e66    00000002     --HOLE-- [fill = 0]
                  00000e68    00000008     libclang_rt.builtins.a : aeabi_memcpy.S.obj (.text.__aeabi_memcpy)
                  00000e70    00000006     libc.a : exit.c.obj (.text:abort)
                  00000e76    00000004     startup_mspm0g350x_ticlang.o (.text.Default_Handler)
                  00000e7a    00000004     libsysbm.a : hostexit.c.obj (.text.HOSTexit)
                  00000e7e    00000004     startup_mspm0g350x_ticlang.o (.text.Reset_Handler)
                  00000e82    00000004     libc.a : pre_init.c.obj (.text._system_pre_init)
                  00000e86    00000002     --HOLE-- [fill = 0]

.cinit     0    000014a0    00000018     
                  000014a0    00000008     (.cinit..data.load) [load image, compression = lzss]
                  000014a8    00000008     (__TI_handler_table)
                  000014b0    00000008     (__TI_cinit_table)

.rodata    0    00000e88    00000610     
                  00000e88    000005f0     OLED.o (.rodata._ZL10OLED_F8x16)
                  00001478    0000000c     empty_cpp.o (.rodata.str1.2915824401333092370.1)
                  00001484    0000000a     ti_msp_dl_config.o (.rodata.gUART_0Config)
                  0000148e    00000002     ti_msp_dl_config.o (.rodata.gI2C_MPU6050ClockConfig)
                  00001490    00000002     ti_msp_dl_config.o (.rodata.gUART_0ClockConfig)
                  00001492    00000006     --HOLE-- [fill = 0]

.init_array 
*          0    00001498    00000008     
                  00001498    00000004     empty_cpp.o (.init_array)
                  0000149c    00000004     --HOLE-- [fill = 0]

.data      0    20200000    00000028     UNINITIALIZED
                  20200000    00000014     empty_cpp.o (.data.oled2)
                  20200014    00000014     empty_cpp.o (.data.oled)

.stack     0    20207e00    00000200     UNINITIALIZED
                  20207e00    00000004     libc.a : boot_cortex_m.c.obj (.stack)
                  20207e04    000001fc     --HOLE--

__llvm_prf_cnts 
*          0    20200000    00000000     UNINITIALIZED

__llvm_prf_bits 
*          0    20200000    00000000     UNINITIALIZED

MODULE SUMMARY

       Module                         code   ro data   rw data
       ------                         ----   -------   -------
    .\
       ti_msp_dl_config.o             1680   14        0      
       empty_cpp.o                    228    16        40     
       startup_mspm0g350x_ticlang.o   8      192       0      
    +--+------------------------------+------+---------+---------+
       Total:                         1916   222       40     
                                                              
    .\Hardware\OLED\
       OLED.o                         1154   1520      0      
    +--+------------------------------+------+---------+---------+
       Total:                         1154   1520      0      
                                                              
    C:/TI/mspm0_sdk_2_04_00_06/source/ti/driverlib/lib/ticlang/m0p/mspm0g1x0x_g3x0x/driverlib.a
       dl_uart.o                      90     0         0      
       dl_i2c.o                       38     0         0      
       dl_common.o                    10     0         0      
    +--+------------------------------+------+---------+---------+
       Total:                         138    0         0      
                                                              
    D:\ti\ccs\tools\compiler\ti-cgt-armllvm_4.0.2.LTS\lib\armv6m-ti-none-eabi/c/libc.a
       copy_decompress_lzss.c.obj     124    0         0      
       autoinit.c.obj                 84     0         0      
       boot_cortex_m.c.obj            40     0         0      
       copy_decompress_none.c.obj     18     0         0      
       memcpy16.S.obj                 18     0         0      
       exit.c.obj                     6      0         0      
       pre_init.c.obj                 4      0         0      
    +--+------------------------------+------+---------+---------+
       Total:                         294    0         0      
                                                              
    D:\ti\ccs\tools\compiler\ti-cgt-armllvm_4.0.2.LTS\lib\armv6m-ti-none-eabi/c/libsysbm.a
       hostexit.c.obj                 4      0         0      
    +--+------------------------------+------+---------+---------+
       Total:                         4      0         0      
                                                              
    D:\ti\ccs\tools\compiler\ti-cgt-armllvm_4.0.2.LTS\lib\armv6m-ti-none-eabi/libclang_rt.builtins.a
       aeabi_memcpy.S.obj             8      0         0      
    +--+------------------------------+------+---------+---------+
       Total:                         8      0         0      
                                                              
       Stack:                         0      0         512    
       Linker Generated:              0      24        0      
    +--+------------------------------+------+---------+---------+
       Grand Total:                   3514   1766      552    


LINKER GENERATED COPY TABLES

__TI_cinit_table @ 000014b0 records: 1, size/record: 8, table size: 8
	.data: load addr=000014a0, load size=00000008 bytes, run addr=20200000, run size=00000028 bytes, compression=lzss


LINKER GENERATED HANDLER TABLE

__TI_handler_table @ 000014a8 records: 2, size/record: 4, table size: 8
	index: 0, handler: __TI_decompress_lzss
	index: 1, handler: __TI_decompress_none


GLOBAL SYMBOLS: SORTED ALPHABETICALLY BY Name 

address   name                       
-------   ----                       
00000e77  ADC0_IRQHandler            
00000e77  ADC1_IRQHandler            
00000e77  AES_IRQHandler             
00000e7a  C$$EXIT                    
00000e77  CANFD0_IRQHandler          
00000e77  DAC0_IRQHandler            
00000e5d  DL_Common_delayCycles      
00000acf  DL_I2C_setClockConfig      
0000073d  DL_UART_init               
00000ded  DL_UART_setClockConfig     
00000e77  DMA_IRQHandler             
00000e77  Default_Handler            
00000e77  GROUP0_IRQHandler          
00000e77  GROUP1_IRQHandler          
00000e7b  HOSTexit                   
00000e77  HardFault_Handler          
00000e77  I2C0_IRQHandler            
00000e77  I2C1_IRQHandler            
00000e77  NMI_Handler                
00000e77  PendSV_Handler             
00000e77  RTC_IRQHandler             
00000e7f  Reset_Handler              
00001498  SHT$$INIT_ARRAY$$Base      
0000149c  SHT$$INIT_ARRAY$$Limit     
00000e77  SPI0_IRQHandler            
00000e77  SPI1_IRQHandler            
00000e77  SVC_Handler                
00000281  SYSCFG_DL_GPIO_init        
000004f5  SYSCFG_DL_I2C_MPU6050_init 
00000b53  SYSCFG_DL_SYSCTL_init      
00000e45  SYSCFG_DL_SYSTICK_init     
000007c9  SYSCFG_DL_UART_0_init      
00000c19  SYSCFG_DL_init             
0000054d  SYSCFG_DL_initPower        
00000e77  SysTick_Handler            
00000e77  TIMA0_IRQHandler           
00000e77  TIMA1_IRQHandler           
00000e77  TIMG0_IRQHandler           
00000e77  TIMG12_IRQHandler          
00000e77  TIMG6_IRQHandler           
00000e77  TIMG7_IRQHandler           
00000e77  TIMG8_IRQHandler           
00000dff  TI_memcpy_small            
00000e77  UART0_IRQHandler           
00000e77  UART1_IRQHandler           
00000e77  UART2_IRQHandler           
00000e77  UART3_IRQHandler           
0000064d  _ZN4OLED10ShowStringEhhPKc 
00000845  _ZN4OLED12WriteCommandEh   
000009b5  _ZN4OLED3I2C4StopEv        
000008ed  _ZN4OLED3I2C5StartEv       
0000042d  _ZN4OLED3I2C8SendByteEh    
000000c1  _ZN4OLED4InitEv            
00000493  _ZN4OLED5ClearEv           
00000921  _ZN4OLED8Send_SCLEb        
00000955  _ZN4OLED8Send_SDAEb        
000001c1  _ZN4OLED8ShowCharEhhc      
00000785  _ZN4OLED9SetCursorEhh      
0000087f  _ZN4OLED9WriteDataEh       
00000989  _ZN4OLEDC2EP9GPIO_RegsjS1_j
00000a59  _ZN4OLEDC2Ev               
20208000  __STACK_END                
00000200  __STACK_SIZE               
00000000  __TI_ATRegion0_region_sz   
00000000  __TI_ATRegion0_src_addr    
00000000  __TI_ATRegion0_trg_addr    
00000000  __TI_ATRegion1_region_sz   
00000000  __TI_ATRegion1_src_addr    
00000000  __TI_ATRegion1_trg_addr    
00000000  __TI_ATRegion2_region_sz   
00000000  __TI_ATRegion2_src_addr    
00000000  __TI_ATRegion2_trg_addr    
000014b0  __TI_CINIT_Base            
000014b8  __TI_CINIT_Limit           
000014b8  __TI_CINIT_Warm            
000014a8  __TI_Handler_Table_Base    
000014b0  __TI_Handler_Table_Limit   
000005f9  __TI_auto_init_nobinit     
000003b1  __TI_decompress_lzss       
00000e11  __TI_decompress_none       
ffffffff  __TI_pprof_out_hndl        
ffffffff  __TI_prof_data_size        
ffffffff  __TI_prof_data_start       
00000000  __TI_static_base__         
00000e69  __aeabi_memcpy             
00000e69  __aeabi_memcpy4            
00000e69  __aeabi_memcpy8            
ffffffff  __binit__                  
UNDEFED   __mpu_init                 
20207e00  __stack                    
20200000  __start___llvm_prf_bits    
20200000  __start___llvm_prf_cnts    
20200000  __stop___llvm_prf_bits     
20200000  __stop___llvm_prf_cnts     
00000a81  _c_int00_noargs            
UNDEFED   _system_post_cinit         
00000e83  _system_pre_init           
00000e71  abort                      
ffffffff  binit                      
00000000  interruptVectors           
000005a5  main                       
20200014  oled                       
20200000  oled2                      


GLOBAL SYMBOLS: SORTED BY Symbol Address 

address   name                       
-------   ----                       
00000000  __TI_ATRegion0_region_sz   
00000000  __TI_ATRegion0_src_addr    
00000000  __TI_ATRegion0_trg_addr    
00000000  __TI_ATRegion1_region_sz   
00000000  __TI_ATRegion1_src_addr    
00000000  __TI_ATRegion1_trg_addr    
00000000  __TI_ATRegion2_region_sz   
00000000  __TI_ATRegion2_src_addr    
00000000  __TI_ATRegion2_trg_addr    
00000000  __TI_static_base__         
00000000  interruptVectors           
000000c1  _ZN4OLED4InitEv            
000001c1  _ZN4OLED8ShowCharEhhc      
00000200  __STACK_SIZE               
00000281  SYSCFG_DL_GPIO_init        
000003b1  __TI_decompress_lzss       
0000042d  _ZN4OLED3I2C8SendByteEh    
00000493  _ZN4OLED5ClearEv           
000004f5  SYSCFG_DL_I2C_MPU6050_init 
0000054d  SYSCFG_DL_initPower        
000005a5  main                       
000005f9  __TI_auto_init_nobinit     
0000064d  _ZN4OLED10ShowStringEhhPKc 
0000073d  DL_UART_init               
00000785  _ZN4OLED9SetCursorEhh      
000007c9  SYSCFG_DL_UART_0_init      
00000845  _ZN4OLED12WriteCommandEh   
0000087f  _ZN4OLED9WriteDataEh       
000008ed  _ZN4OLED3I2C5StartEv       
00000921  _ZN4OLED8Send_SCLEb        
00000955  _ZN4OLED8Send_SDAEb        
00000989  _ZN4OLEDC2EP9GPIO_RegsjS1_j
000009b5  _ZN4OLED3I2C4StopEv        
00000a59  _ZN4OLEDC2Ev               
00000a81  _c_int00_noargs            
00000acf  DL_I2C_setClockConfig      
00000b53  SYSCFG_DL_SYSCTL_init      
00000c19  SYSCFG_DL_init             
00000ded  DL_UART_setClockConfig     
00000dff  TI_memcpy_small            
00000e11  __TI_decompress_none       
00000e45  SYSCFG_DL_SYSTICK_init     
00000e5d  DL_Common_delayCycles      
00000e69  __aeabi_memcpy             
00000e69  __aeabi_memcpy4            
00000e69  __aeabi_memcpy8            
00000e71  abort                      
00000e77  ADC0_IRQHandler            
00000e77  ADC1_IRQHandler            
00000e77  AES_IRQHandler             
00000e77  CANFD0_IRQHandler          
00000e77  DAC0_IRQHandler            
00000e77  DMA_IRQHandler             
00000e77  Default_Handler            
00000e77  GROUP0_IRQHandler          
00000e77  GROUP1_IRQHandler          
00000e77  HardFault_Handler          
00000e77  I2C0_IRQHandler            
00000e77  I2C1_IRQHandler            
00000e77  NMI_Handler                
00000e77  PendSV_Handler             
00000e77  RTC_IRQHandler             
00000e77  SPI0_IRQHandler            
00000e77  SPI1_IRQHandler            
00000e77  SVC_Handler                
00000e77  SysTick_Handler            
00000e77  TIMA0_IRQHandler           
00000e77  TIMA1_IRQHandler           
00000e77  TIMG0_IRQHandler           
00000e77  TIMG12_IRQHandler          
00000e77  TIMG6_IRQHandler           
00000e77  TIMG7_IRQHandler           
00000e77  TIMG8_IRQHandler           
00000e77  UART0_IRQHandler           
00000e77  UART1_IRQHandler           
00000e77  UART2_IRQHandler           
00000e77  UART3_IRQHandler           
00000e7a  C$$EXIT                    
00000e7b  HOSTexit                   
00000e7f  Reset_Handler              
00000e83  _system_pre_init           
00001498  SHT$$INIT_ARRAY$$Base      
0000149c  SHT$$INIT_ARRAY$$Limit     
000014a8  __TI_Handler_Table_Base    
000014b0  __TI_CINIT_Base            
000014b0  __TI_Handler_Table_Limit   
000014b8  __TI_CINIT_Limit           
000014b8  __TI_CINIT_Warm            
20200000  __start___llvm_prf_bits    
20200000  __start___llvm_prf_cnts    
20200000  __stop___llvm_prf_bits     
20200000  __stop___llvm_prf_cnts     
20200000  oled2                      
20200014  oled                       
20207e00  __stack                    
20208000  __STACK_END                
ffffffff  __TI_pprof_out_hndl        
ffffffff  __TI_prof_data_size        
ffffffff  __TI_prof_data_start       
ffffffff  __binit__                  
ffffffff  binit                      
UNDEFED   __mpu_init                 
UNDEFED   _system_post_cinit         

[103 symbols]
