<?xml version="1.0" encoding="ISO-8859-1" ?>
<link_info>
   <banner>TI ARM Clang Linker PC v4.0.2.LTS</banner>
   <copyright>Copyright (c) 1996-2018 Texas Instruments Incorporated</copyright>
   <command_line>D:\ti\ccs\tools\compiler\ti-cgt-armllvm_4.0.2.LTS\bin\tiarmlnk -ID:\ti\ccs\tools\compiler\ti-cgt-armllvm_4.0.2.LTS\lib -o MSPM0 balance car.out -mMSPM0 balance car.map -iC:/TI/mspm0_sdk_2_04_00_06/source -iC:/Users/xinge/workspace_ccstheia/MSPM0 balance car -iC:/Users/xinge/workspace_ccstheia/MSPM0 balance car/Debug/syscfg -iD:/ti/ccs/tools/compiler/ti-cgt-armllvm_4.0.2.LTS/lib --diag_wrap=off --display_error_number --warn_sections --xml_link_info=MSPM0 balance car_linkInfo.xml --rom_model ./empty.o ./ti_msp_dl_config.o ./startup_mspm0g350x_ticlang.o ./Hardware/APP/APP.o ./Hardware/Control/Control.o ./Hardware/Encoder/Encoder.o ./Hardware/HTS221/HTS221.o ./Hardware/MPU6050/inv_mpu.o ./Hardware/MPU6050/inv_mpu_dmp_motion_driver.o ./Hardware/MPU6050/mpu6050.o ./Hardware/MPU6050/mspm0_clock.o ./Hardware/MPU6050/mspm0_i2c.o ./Hardware/OLED/OLED.o ./Hardware/PID/pid.o ./Hardware/Serial/Serial.o ./system/delay/delay.o ./system/sys/sys.o -l./device_linker.cmd -ldevice.cmd.genlibs -llibc.a --start-group -llibc++.a -llibc++abi.a -llibc.a -llibsys.a -llibsysbm.a -llibclang_rt.builtins.a -llibclang_rt.profile.a --end-group --cg_opt_level=0</command_line>
   <link_time>0x686d28e9</link_time>
   <link_errors>0x0</link_errors>
   <output_file>C:\Users\xinge\workspace_ccstheia\MSPM0 balance car\Debug\MSPM0 balance car.out</output_file>
   <entry_point>
      <name>_c_int00_noargs</name>
      <address>0x3ab1</address>
   </entry_point>
   <input_file_list>
      <input_file id="fl-1">
         <path>C:\Users\xinge\workspace_ccstheia\MSPM0 balance car\Debug\.\</path>
         <kind>object</kind>
         <file>empty.o</file>
         <name>empty.o</name>
      </input_file>
      <input_file id="fl-2">
         <path>C:\Users\xinge\workspace_ccstheia\MSPM0 balance car\Debug\.\</path>
         <kind>object</kind>
         <file>ti_msp_dl_config.o</file>
         <name>ti_msp_dl_config.o</name>
      </input_file>
      <input_file id="fl-3">
         <path>C:\Users\xinge\workspace_ccstheia\MSPM0 balance car\Debug\.\</path>
         <kind>object</kind>
         <file>startup_mspm0g350x_ticlang.o</file>
         <name>startup_mspm0g350x_ticlang.o</name>
      </input_file>
      <input_file id="fl-4">
         <path>C:\Users\xinge\workspace_ccstheia\MSPM0 balance car\Debug\.\Hardware\APP\</path>
         <kind>object</kind>
         <file>APP.o</file>
         <name>APP.o</name>
      </input_file>
      <input_file id="fl-5">
         <path>C:\Users\xinge\workspace_ccstheia\MSPM0 balance car\Debug\.\Hardware\Control\</path>
         <kind>object</kind>
         <file>Control.o</file>
         <name>Control.o</name>
      </input_file>
      <input_file id="fl-6">
         <path>C:\Users\xinge\workspace_ccstheia\MSPM0 balance car\Debug\.\Hardware\Encoder\</path>
         <kind>object</kind>
         <file>Encoder.o</file>
         <name>Encoder.o</name>
      </input_file>
      <input_file id="fl-7">
         <path>C:\Users\xinge\workspace_ccstheia\MSPM0 balance car\Debug\.\Hardware\HTS221\</path>
         <kind>object</kind>
         <file>HTS221.o</file>
         <name>HTS221.o</name>
      </input_file>
      <input_file id="fl-8">
         <path>C:\Users\xinge\workspace_ccstheia\MSPM0 balance car\Debug\.\Hardware\MPU6050\</path>
         <kind>object</kind>
         <file>inv_mpu.o</file>
         <name>inv_mpu.o</name>
      </input_file>
      <input_file id="fl-9">
         <path>C:\Users\xinge\workspace_ccstheia\MSPM0 balance car\Debug\.\Hardware\MPU6050\</path>
         <kind>object</kind>
         <file>inv_mpu_dmp_motion_driver.o</file>
         <name>inv_mpu_dmp_motion_driver.o</name>
      </input_file>
      <input_file id="fl-a">
         <path>C:\Users\xinge\workspace_ccstheia\MSPM0 balance car\Debug\.\Hardware\MPU6050\</path>
         <kind>object</kind>
         <file>mpu6050.o</file>
         <name>mpu6050.o</name>
      </input_file>
      <input_file id="fl-b">
         <path>C:\Users\xinge\workspace_ccstheia\MSPM0 balance car\Debug\.\Hardware\MPU6050\</path>
         <kind>object</kind>
         <file>mspm0_clock.o</file>
         <name>mspm0_clock.o</name>
      </input_file>
      <input_file id="fl-c">
         <path>C:\Users\xinge\workspace_ccstheia\MSPM0 balance car\Debug\.\Hardware\MPU6050\</path>
         <kind>object</kind>
         <file>mspm0_i2c.o</file>
         <name>mspm0_i2c.o</name>
      </input_file>
      <input_file id="fl-d">
         <path>C:\Users\xinge\workspace_ccstheia\MSPM0 balance car\Debug\.\Hardware\OLED\</path>
         <kind>object</kind>
         <file>OLED.o</file>
         <name>OLED.o</name>
      </input_file>
      <input_file id="fl-e">
         <path>C:\Users\xinge\workspace_ccstheia\MSPM0 balance car\Debug\.\Hardware\PID\</path>
         <kind>object</kind>
         <file>pid.o</file>
         <name>pid.o</name>
      </input_file>
      <input_file id="fl-f">
         <path>C:\Users\xinge\workspace_ccstheia\MSPM0 balance car\Debug\.\Hardware\Serial\</path>
         <kind>object</kind>
         <file>Serial.o</file>
         <name>Serial.o</name>
      </input_file>
      <input_file id="fl-10">
         <path>C:\Users\xinge\workspace_ccstheia\MSPM0 balance car\Debug\.\system\delay\</path>
         <kind>object</kind>
         <file>delay.o</file>
         <name>delay.o</name>
      </input_file>
      <input_file id="fl-11">
         <path>C:\Users\xinge\workspace_ccstheia\MSPM0 balance car\Debug\.\system\sys\</path>
         <kind>object</kind>
         <file>sys.o</file>
         <name>sys.o</name>
      </input_file>
      <input_file id="fl-1e">
         <path>C:\Users\xinge\workspace_ccstheia\MSPM0 balance car\Debug\</path>
         <kind>object</kind>
         <file>&lt;internal&gt;</file>
         <name>&lt;internal&gt;</name>
      </input_file>
      <input_file id="fl-1f">
         <path>C:\TI\mspm0_sdk_2_04_00_06\source\ti\driverlib\lib\ticlang\m0p\mspm0g1x0x_g3x0x\</path>
         <kind>archive</kind>
         <file>driverlib.a</file>
         <name>dl_common.o</name>
      </input_file>
      <input_file id="fl-20">
         <path>C:\TI\mspm0_sdk_2_04_00_06\source\ti\driverlib\lib\ticlang\m0p\mspm0g1x0x_g3x0x\</path>
         <kind>archive</kind>
         <file>driverlib.a</file>
         <name>dl_i2c.o</name>
      </input_file>
      <input_file id="fl-21">
         <path>C:\TI\mspm0_sdk_2_04_00_06\source\ti\driverlib\lib\ticlang\m0p\mspm0g1x0x_g3x0x\</path>
         <kind>archive</kind>
         <file>driverlib.a</file>
         <name>dl_timer.o</name>
      </input_file>
      <input_file id="fl-22">
         <path>C:\TI\mspm0_sdk_2_04_00_06\source\ti\driverlib\lib\ticlang\m0p\mspm0g1x0x_g3x0x\</path>
         <kind>archive</kind>
         <file>driverlib.a</file>
         <name>dl_uart.o</name>
      </input_file>
      <input_file id="fl-39">
         <path>D:\ti\ccs\tools\compiler\ti-cgt-armllvm_4.0.2.LTS\lib\armv6m-ti-none-eabi\c\</path>
         <kind>archive</kind>
         <file>libc.a</file>
         <name>e_asin.c.obj</name>
      </input_file>
      <input_file id="fl-3a">
         <path>D:\ti\ccs\tools\compiler\ti-cgt-armllvm_4.0.2.LTS\lib\armv6m-ti-none-eabi\c\</path>
         <kind>archive</kind>
         <file>libc.a</file>
         <name>e_atan2.c.obj</name>
      </input_file>
      <input_file id="fl-3b">
         <path>D:\ti\ccs\tools\compiler\ti-cgt-armllvm_4.0.2.LTS\lib\armv6m-ti-none-eabi\c\</path>
         <kind>archive</kind>
         <file>libc.a</file>
         <name>e_sqrt.c.obj</name>
      </input_file>
      <input_file id="fl-3c">
         <path>D:\ti\ccs\tools\compiler\ti-cgt-armllvm_4.0.2.LTS\lib\armv6m-ti-none-eabi\c\</path>
         <kind>archive</kind>
         <file>libc.a</file>
         <name>s_atan.c.obj</name>
      </input_file>
      <input_file id="fl-3d">
         <path>D:\ti\ccs\tools\compiler\ti-cgt-armllvm_4.0.2.LTS\lib\armv6m-ti-none-eabi\c\</path>
         <kind>archive</kind>
         <file>libc.a</file>
         <name>printf.c.obj</name>
      </input_file>
      <input_file id="fl-3e">
         <path>D:\ti\ccs\tools\compiler\ti-cgt-armllvm_4.0.2.LTS\lib\armv6m-ti-none-eabi\c\</path>
         <kind>archive</kind>
         <file>libc.a</file>
         <name>_printfi.c.obj</name>
      </input_file>
      <input_file id="fl-3f">
         <path>D:\ti\ccs\tools\compiler\ti-cgt-armllvm_4.0.2.LTS\lib\armv6m-ti-none-eabi\c\</path>
         <kind>archive</kind>
         <file>libc.a</file>
         <name>snprintf.c.obj</name>
      </input_file>
      <input_file id="fl-40">
         <path>D:\ti\ccs\tools\compiler\ti-cgt-armllvm_4.0.2.LTS\lib\armv6m-ti-none-eabi\c\</path>
         <kind>archive</kind>
         <file>libc.a</file>
         <name>vsnprintf.c.obj</name>
      </input_file>
      <input_file id="fl-41">
         <path>D:\ti\ccs\tools\compiler\ti-cgt-armllvm_4.0.2.LTS\lib\armv6m-ti-none-eabi\c\</path>
         <kind>archive</kind>
         <file>libc.a</file>
         <name>fputc.c.obj</name>
      </input_file>
      <input_file id="fl-42">
         <path>D:\ti\ccs\tools\compiler\ti-cgt-armllvm_4.0.2.LTS\lib\armv6m-ti-none-eabi\c\</path>
         <kind>archive</kind>
         <file>libc.a</file>
         <name>fputs.c.obj</name>
      </input_file>
      <input_file id="fl-43">
         <path>D:\ti\ccs\tools\compiler\ti-cgt-armllvm_4.0.2.LTS\lib\armv6m-ti-none-eabi\c\</path>
         <kind>archive</kind>
         <file>libc.a</file>
         <name>_io_perm.c.obj</name>
      </input_file>
      <input_file id="fl-44">
         <path>D:\ti\ccs\tools\compiler\ti-cgt-armllvm_4.0.2.LTS\lib\armv6m-ti-none-eabi\c\</path>
         <kind>archive</kind>
         <file>libc.a</file>
         <name>setvbuf.c.obj</name>
      </input_file>
      <input_file id="fl-45">
         <path>D:\ti\ccs\tools\compiler\ti-cgt-armllvm_4.0.2.LTS\lib\armv6m-ti-none-eabi\c\</path>
         <kind>archive</kind>
         <file>libc.a</file>
         <name>aeabi_portable.c.obj</name>
      </input_file>
      <input_file id="fl-46">
         <path>D:\ti\ccs\tools\compiler\ti-cgt-armllvm_4.0.2.LTS\lib\armv6m-ti-none-eabi\c\</path>
         <kind>archive</kind>
         <file>libc.a</file>
         <name>exit.c.obj</name>
      </input_file>
      <input_file id="fl-47">
         <path>D:\ti\ccs\tools\compiler\ti-cgt-armllvm_4.0.2.LTS\lib\armv6m-ti-none-eabi\c\</path>
         <kind>archive</kind>
         <file>libc.a</file>
         <name>_lock.c.obj</name>
      </input_file>
      <input_file id="fl-48">
         <path>D:\ti\ccs\tools\compiler\ti-cgt-armllvm_4.0.2.LTS\lib\armv6m-ti-none-eabi\c\</path>
         <kind>archive</kind>
         <file>libc.a</file>
         <name>_ltoa.c.obj</name>
      </input_file>
      <input_file id="fl-49">
         <path>D:\ti\ccs\tools\compiler\ti-cgt-armllvm_4.0.2.LTS\lib\armv6m-ti-none-eabi\c\</path>
         <kind>archive</kind>
         <file>libc.a</file>
         <name>assert.c.obj</name>
      </input_file>
      <input_file id="fl-4a">
         <path>D:\ti\ccs\tools\compiler\ti-cgt-armllvm_4.0.2.LTS\lib\armv6m-ti-none-eabi\c\</path>
         <kind>archive</kind>
         <file>libc.a</file>
         <name>atoi.c.obj</name>
      </input_file>
      <input_file id="fl-4b">
         <path>D:\ti\ccs\tools\compiler\ti-cgt-armllvm_4.0.2.LTS\lib\armv6m-ti-none-eabi\c\</path>
         <kind>archive</kind>
         <file>libc.a</file>
         <name>defs.c.obj</name>
      </input_file>
      <input_file id="fl-4c">
         <path>D:\ti\ccs\tools\compiler\ti-cgt-armllvm_4.0.2.LTS\lib\armv6m-ti-none-eabi\c\</path>
         <kind>archive</kind>
         <file>libc.a</file>
         <name>memccpy.c.obj</name>
      </input_file>
      <input_file id="fl-4d">
         <path>D:\ti\ccs\tools\compiler\ti-cgt-armllvm_4.0.2.LTS\lib\armv6m-ti-none-eabi\c\</path>
         <kind>archive</kind>
         <file>libc.a</file>
         <name>memcmp.c.obj</name>
      </input_file>
      <input_file id="fl-4e">
         <path>D:\ti\ccs\tools\compiler\ti-cgt-armllvm_4.0.2.LTS\lib\armv6m-ti-none-eabi\c\</path>
         <kind>archive</kind>
         <file>libc.a</file>
         <name>memory.c.obj</name>
      </input_file>
      <input_file id="fl-4f">
         <path>D:\ti\ccs\tools\compiler\ti-cgt-armllvm_4.0.2.LTS\lib\armv6m-ti-none-eabi\c\</path>
         <kind>archive</kind>
         <file>libc.a</file>
         <name>boot_cortex_m.c.obj</name>
      </input_file>
      <input_file id="fl-50">
         <path>D:\ti\ccs\tools\compiler\ti-cgt-armllvm_4.0.2.LTS\lib\armv6m-ti-none-eabi\c\</path>
         <kind>archive</kind>
         <file>libc.a</file>
         <name>mathacl_init.c.obj</name>
      </input_file>
      <input_file id="fl-51">
         <path>D:\ti\ccs\tools\compiler\ti-cgt-armllvm_4.0.2.LTS\lib\armv6m-ti-none-eabi\c\</path>
         <kind>archive</kind>
         <file>libc.a</file>
         <name>autoinit.c.obj</name>
      </input_file>
      <input_file id="fl-52">
         <path>D:\ti\ccs\tools\compiler\ti-cgt-armllvm_4.0.2.LTS\lib\armv6m-ti-none-eabi\c\</path>
         <kind>archive</kind>
         <file>libc.a</file>
         <name>pre_init.c.obj</name>
      </input_file>
      <input_file id="fl-53">
         <path>D:\ti\ccs\tools\compiler\ti-cgt-armllvm_4.0.2.LTS\lib\armv6m-ti-none-eabi\c\</path>
         <kind>archive</kind>
         <file>libc.a</file>
         <name>cpy_tbl.c.obj</name>
      </input_file>
      <input_file id="fl-54">
         <path>D:\ti\ccs\tools\compiler\ti-cgt-armllvm_4.0.2.LTS\lib\armv6m-ti-none-eabi\c\</path>
         <kind>archive</kind>
         <file>libc.a</file>
         <name>copy_zero_init.c.obj</name>
      </input_file>
      <input_file id="fl-55">
         <path>D:\ti\ccs\tools\compiler\ti-cgt-armllvm_4.0.2.LTS\lib\armv6m-ti-none-eabi\c\</path>
         <kind>archive</kind>
         <file>libc.a</file>
         <name>copy_decompress_none.c.obj</name>
      </input_file>
      <input_file id="fl-56">
         <path>D:\ti\ccs\tools\compiler\ti-cgt-armllvm_4.0.2.LTS\lib\armv6m-ti-none-eabi\c\</path>
         <kind>archive</kind>
         <file>libc.a</file>
         <name>copy_decompress_lzss.c.obj</name>
      </input_file>
      <input_file id="fl-57">
         <path>D:\ti\ccs\tools\compiler\ti-cgt-armllvm_4.0.2.LTS\lib\armv6m-ti-none-eabi\c\</path>
         <kind>archive</kind>
         <file>libc.a</file>
         <name>s_frexp.c.obj</name>
      </input_file>
      <input_file id="fl-58">
         <path>D:\ti\ccs\tools\compiler\ti-cgt-armllvm_4.0.2.LTS\lib\armv6m-ti-none-eabi\c\</path>
         <kind>archive</kind>
         <file>libc.a</file>
         <name>s_scalbn.c.obj</name>
      </input_file>
      <input_file id="fl-59">
         <path>D:\ti\ccs\tools\compiler\ti-cgt-armllvm_4.0.2.LTS\lib\armv6m-ti-none-eabi\c\</path>
         <kind>archive</kind>
         <file>libc.a</file>
         <name>wcslen.c.obj</name>
      </input_file>
      <input_file id="fl-5a">
         <path>D:\ti\ccs\tools\compiler\ti-cgt-armllvm_4.0.2.LTS\lib\armv6m-ti-none-eabi\c\</path>
         <kind>archive</kind>
         <file>libc.a</file>
         <name>sprintf.c.obj</name>
      </input_file>
      <input_file id="fl-5b">
         <path>D:\ti\ccs\tools\compiler\ti-cgt-armllvm_4.0.2.LTS\lib\armv6m-ti-none-eabi\c\</path>
         <kind>archive</kind>
         <file>libc.a</file>
         <name>fflush.c.obj</name>
      </input_file>
      <input_file id="fl-5c">
         <path>D:\ti\ccs\tools\compiler\ti-cgt-armllvm_4.0.2.LTS\lib\armv6m-ti-none-eabi\c\</path>
         <kind>archive</kind>
         <file>libc.a</file>
         <name>fopen.c.obj</name>
      </input_file>
      <input_file id="fl-5d">
         <path>D:\ti\ccs\tools\compiler\ti-cgt-armllvm_4.0.2.LTS\lib\armv6m-ti-none-eabi\c\</path>
         <kind>archive</kind>
         <file>libc.a</file>
         <name>fseek.c.obj</name>
      </input_file>
      <input_file id="fl-5e">
         <path>D:\ti\ccs\tools\compiler\ti-cgt-armllvm_4.0.2.LTS\lib\armv6m-ti-none-eabi\c\</path>
         <kind>archive</kind>
         <file>libc.a</file>
         <name>aeabi_ctype.S.obj</name>
      </input_file>
      <input_file id="fl-5f">
         <path>D:\ti\ccs\tools\compiler\ti-cgt-armllvm_4.0.2.LTS\lib\armv6m-ti-none-eabi\c\</path>
         <kind>archive</kind>
         <file>libc.a</file>
         <name>args_main.c.obj</name>
      </input_file>
      <input_file id="fl-60">
         <path>D:\ti\ccs\tools\compiler\ti-cgt-armllvm_4.0.2.LTS\lib\armv6m-ti-none-eabi\c\</path>
         <kind>archive</kind>
         <file>libc.a</file>
         <name>fclose.c.obj</name>
      </input_file>
      <input_file id="fl-100">
         <path>D:\ti\ccs\tools\compiler\ti-cgt-armllvm_4.0.2.LTS\lib\armv6m-ti-none-eabi\c\</path>
         <kind>archive</kind>
         <file>libsysbm.a</file>
         <name>hostexit.c.obj</name>
      </input_file>
      <input_file id="fl-101">
         <path>D:\ti\ccs\tools\compiler\ti-cgt-armllvm_4.0.2.LTS\lib\armv6m-ti-none-eabi\c\</path>
         <kind>archive</kind>
         <file>libsysbm.a</file>
         <name>write.c.obj</name>
      </input_file>
      <input_file id="fl-102">
         <path>D:\ti\ccs\tools\compiler\ti-cgt-armllvm_4.0.2.LTS\lib\armv6m-ti-none-eabi\c\</path>
         <kind>archive</kind>
         <file>libsysbm.a</file>
         <name>host_device.c.obj</name>
      </input_file>
      <input_file id="fl-103">
         <path>D:\ti\ccs\tools\compiler\ti-cgt-armllvm_4.0.2.LTS\lib\armv6m-ti-none-eabi\c\</path>
         <kind>archive</kind>
         <file>libsysbm.a</file>
         <name>remove.c.obj</name>
      </input_file>
      <input_file id="fl-104">
         <path>D:\ti\ccs\tools\compiler\ti-cgt-armllvm_4.0.2.LTS\lib\armv6m-ti-none-eabi\c\</path>
         <kind>archive</kind>
         <file>libsysbm.a</file>
         <name>open.c.obj</name>
      </input_file>
      <input_file id="fl-105">
         <path>D:\ti\ccs\tools\compiler\ti-cgt-armllvm_4.0.2.LTS\lib\armv6m-ti-none-eabi\c\</path>
         <kind>archive</kind>
         <file>libsysbm.a</file>
         <name>lseek.c.obj</name>
      </input_file>
      <input_file id="fl-106">
         <path>D:\ti\ccs\tools\compiler\ti-cgt-armllvm_4.0.2.LTS\lib\armv6m-ti-none-eabi\c\</path>
         <kind>archive</kind>
         <file>libsysbm.a</file>
         <name>close.c.obj</name>
      </input_file>
      <input_file id="fl-107">
         <path>D:\ti\ccs\tools\compiler\ti-cgt-armllvm_4.0.2.LTS\lib\armv6m-ti-none-eabi\c\</path>
         <kind>archive</kind>
         <file>libsysbm.a</file>
         <name>unlink.c.obj</name>
      </input_file>
      <input_file id="fl-108">
         <path>D:\ti\ccs\tools\compiler\ti-cgt-armllvm_4.0.2.LTS\lib\armv6m-ti-none-eabi\c\</path>
         <kind>archive</kind>
         <file>libsysbm.a</file>
         <name>hostclose.c.obj</name>
      </input_file>
      <input_file id="fl-109">
         <path>D:\ti\ccs\tools\compiler\ti-cgt-armllvm_4.0.2.LTS\lib\armv6m-ti-none-eabi\c\</path>
         <kind>archive</kind>
         <file>libsysbm.a</file>
         <name>hostlseek.c.obj</name>
      </input_file>
      <input_file id="fl-10a">
         <path>D:\ti\ccs\tools\compiler\ti-cgt-armllvm_4.0.2.LTS\lib\armv6m-ti-none-eabi\c\</path>
         <kind>archive</kind>
         <file>libsysbm.a</file>
         <name>hostopen.c.obj</name>
      </input_file>
      <input_file id="fl-10b">
         <path>D:\ti\ccs\tools\compiler\ti-cgt-armllvm_4.0.2.LTS\lib\armv6m-ti-none-eabi\c\</path>
         <kind>archive</kind>
         <file>libsysbm.a</file>
         <name>hostread.c.obj</name>
      </input_file>
      <input_file id="fl-10c">
         <path>D:\ti\ccs\tools\compiler\ti-cgt-armllvm_4.0.2.LTS\lib\armv6m-ti-none-eabi\c\</path>
         <kind>archive</kind>
         <file>libsysbm.a</file>
         <name>hostrename.c.obj</name>
      </input_file>
      <input_file id="fl-10d">
         <path>D:\ti\ccs\tools\compiler\ti-cgt-armllvm_4.0.2.LTS\lib\armv6m-ti-none-eabi\c\</path>
         <kind>archive</kind>
         <file>libsysbm.a</file>
         <name>hostunlink.c.obj</name>
      </input_file>
      <input_file id="fl-10e">
         <path>D:\ti\ccs\tools\compiler\ti-cgt-armllvm_4.0.2.LTS\lib\armv6m-ti-none-eabi\c\</path>
         <kind>archive</kind>
         <file>libsysbm.a</file>
         <name>hostwrite.c.obj</name>
      </input_file>
      <input_file id="fl-10f">
         <path>D:\ti\ccs\tools\compiler\ti-cgt-armllvm_4.0.2.LTS\lib\armv6m-ti-none-eabi\c\</path>
         <kind>archive</kind>
         <file>libsysbm.a</file>
         <name>trgmsg.c.obj</name>
      </input_file>
      <input_file id="fl-110">
         <path>D:\ti\ccs\tools\compiler\ti-cgt-armllvm_4.0.2.LTS\lib\armv6m-ti-none-eabi\</path>
         <kind>archive</kind>
         <file>libclang_rt.builtins.a</file>
         <name>addsf3.S.obj</name>
      </input_file>
      <input_file id="fl-111">
         <path>D:\ti\ccs\tools\compiler\ti-cgt-armllvm_4.0.2.LTS\lib\armv6m-ti-none-eabi\</path>
         <kind>archive</kind>
         <file>libclang_rt.builtins.a</file>
         <name>adddf3.S.obj</name>
      </input_file>
      <input_file id="fl-112">
         <path>D:\ti\ccs\tools\compiler\ti-cgt-armllvm_4.0.2.LTS\lib\armv6m-ti-none-eabi\</path>
         <kind>archive</kind>
         <file>libclang_rt.builtins.a</file>
         <name>muldf3.S.obj</name>
      </input_file>
      <input_file id="fl-113">
         <path>D:\ti\ccs\tools\compiler\ti-cgt-armllvm_4.0.2.LTS\lib\armv6m-ti-none-eabi\</path>
         <kind>archive</kind>
         <file>libclang_rt.builtins.a</file>
         <name>muldsi3.S.obj</name>
      </input_file>
      <input_file id="fl-114">
         <path>D:\ti\ccs\tools\compiler\ti-cgt-armllvm_4.0.2.LTS\lib\armv6m-ti-none-eabi\</path>
         <kind>archive</kind>
         <file>libclang_rt.builtins.a</file>
         <name>mulsf3.S.obj</name>
      </input_file>
      <input_file id="fl-115">
         <path>D:\ti\ccs\tools\compiler\ti-cgt-armllvm_4.0.2.LTS\lib\armv6m-ti-none-eabi\</path>
         <kind>archive</kind>
         <file>libclang_rt.builtins.a</file>
         <name>divsf3.S.obj</name>
      </input_file>
      <input_file id="fl-116">
         <path>D:\ti\ccs\tools\compiler\ti-cgt-armllvm_4.0.2.LTS\lib\armv6m-ti-none-eabi\</path>
         <kind>archive</kind>
         <file>libclang_rt.builtins.a</file>
         <name>divdf3.S.obj</name>
      </input_file>
      <input_file id="fl-117">
         <path>D:\ti\ccs\tools\compiler\ti-cgt-armllvm_4.0.2.LTS\lib\armv6m-ti-none-eabi\</path>
         <kind>archive</kind>
         <file>libclang_rt.builtins.a</file>
         <name>extendsfdf2.S.obj</name>
      </input_file>
      <input_file id="fl-118">
         <path>D:\ti\ccs\tools\compiler\ti-cgt-armllvm_4.0.2.LTS\lib\armv6m-ti-none-eabi\</path>
         <kind>archive</kind>
         <file>libclang_rt.builtins.a</file>
         <name>fixdfsi.S.obj</name>
      </input_file>
      <input_file id="fl-119">
         <path>D:\ti\ccs\tools\compiler\ti-cgt-armllvm_4.0.2.LTS\lib\armv6m-ti-none-eabi\</path>
         <kind>archive</kind>
         <file>libclang_rt.builtins.a</file>
         <name>fixsfsi.S.obj</name>
      </input_file>
      <input_file id="fl-11a">
         <path>D:\ti\ccs\tools\compiler\ti-cgt-armllvm_4.0.2.LTS\lib\armv6m-ti-none-eabi\</path>
         <kind>archive</kind>
         <file>libclang_rt.builtins.a</file>
         <name>floatsidf.S.obj</name>
      </input_file>
      <input_file id="fl-11b">
         <path>D:\ti\ccs\tools\compiler\ti-cgt-armllvm_4.0.2.LTS\lib\armv6m-ti-none-eabi\</path>
         <kind>archive</kind>
         <file>libclang_rt.builtins.a</file>
         <name>floatsisf.S.obj</name>
      </input_file>
      <input_file id="fl-11c">
         <path>D:\ti\ccs\tools\compiler\ti-cgt-armllvm_4.0.2.LTS\lib\armv6m-ti-none-eabi\</path>
         <kind>archive</kind>
         <file>libclang_rt.builtins.a</file>
         <name>floatunsisf.S.obj</name>
      </input_file>
      <input_file id="fl-11d">
         <path>D:\ti\ccs\tools\compiler\ti-cgt-armllvm_4.0.2.LTS\lib\armv6m-ti-none-eabi\</path>
         <kind>archive</kind>
         <file>libclang_rt.builtins.a</file>
         <name>muldi3.S.obj</name>
      </input_file>
      <input_file id="fl-11e">
         <path>D:\ti\ccs\tools\compiler\ti-cgt-armllvm_4.0.2.LTS\lib\armv6m-ti-none-eabi\</path>
         <kind>archive</kind>
         <file>libclang_rt.builtins.a</file>
         <name>truncdfsf2.S.obj</name>
      </input_file>
      <input_file id="fl-11f">
         <path>D:\ti\ccs\tools\compiler\ti-cgt-armllvm_4.0.2.LTS\lib\armv6m-ti-none-eabi\</path>
         <kind>archive</kind>
         <file>libclang_rt.builtins.a</file>
         <name>aeabi_dcmp.S.obj</name>
      </input_file>
      <input_file id="fl-120">
         <path>D:\ti\ccs\tools\compiler\ti-cgt-armllvm_4.0.2.LTS\lib\armv6m-ti-none-eabi\</path>
         <kind>archive</kind>
         <file>libclang_rt.builtins.a</file>
         <name>aeabi_fcmp.S.obj</name>
      </input_file>
      <input_file id="fl-121">
         <path>D:\ti\ccs\tools\compiler\ti-cgt-armllvm_4.0.2.LTS\lib\armv6m-ti-none-eabi\</path>
         <kind>archive</kind>
         <file>libclang_rt.builtins.a</file>
         <name>aeabi_idivmod.S.obj</name>
      </input_file>
      <input_file id="fl-122">
         <path>D:\ti\ccs\tools\compiler\ti-cgt-armllvm_4.0.2.LTS\lib\armv6m-ti-none-eabi\</path>
         <kind>archive</kind>
         <file>libclang_rt.builtins.a</file>
         <name>aeabi_ldivmod.S.obj</name>
      </input_file>
      <input_file id="fl-123">
         <path>D:\ti\ccs\tools\compiler\ti-cgt-armllvm_4.0.2.LTS\lib\armv6m-ti-none-eabi\</path>
         <kind>archive</kind>
         <file>libclang_rt.builtins.a</file>
         <name>aeabi_memcpy.S.obj</name>
      </input_file>
      <input_file id="fl-124">
         <path>D:\ti\ccs\tools\compiler\ti-cgt-armllvm_4.0.2.LTS\lib\armv6m-ti-none-eabi\</path>
         <kind>archive</kind>
         <file>libclang_rt.builtins.a</file>
         <name>aeabi_memset.S.obj</name>
      </input_file>
      <input_file id="fl-125">
         <path>D:\ti\ccs\tools\compiler\ti-cgt-armllvm_4.0.2.LTS\lib\armv6m-ti-none-eabi\</path>
         <kind>archive</kind>
         <file>libclang_rt.builtins.a</file>
         <name>aeabi_uidivmod.S.obj</name>
      </input_file>
      <input_file id="fl-126">
         <path>D:\ti\ccs\tools\compiler\ti-cgt-armllvm_4.0.2.LTS\lib\armv6m-ti-none-eabi\</path>
         <kind>archive</kind>
         <file>libclang_rt.builtins.a</file>
         <name>aeabi_uldivmod.S.obj</name>
      </input_file>
      <input_file id="fl-127">
         <path>D:\ti\ccs\tools\compiler\ti-cgt-armllvm_4.0.2.LTS\lib\armv6m-ti-none-eabi\</path>
         <kind>archive</kind>
         <file>libclang_rt.builtins.a</file>
         <name>comparesf2.S.obj</name>
      </input_file>
      <input_file id="fl-128">
         <path>D:\ti\ccs\tools\compiler\ti-cgt-armllvm_4.0.2.LTS\lib\armv6m-ti-none-eabi\</path>
         <kind>archive</kind>
         <file>libclang_rt.builtins.a</file>
         <name>udivmoddi4.S.obj</name>
      </input_file>
      <input_file id="fl-129">
         <path>D:\ti\ccs\tools\compiler\ti-cgt-armllvm_4.0.2.LTS\lib\armv6m-ti-none-eabi\</path>
         <kind>archive</kind>
         <file>libclang_rt.builtins.a</file>
         <name>ashldi3.S.obj</name>
      </input_file>
      <input_file id="fl-12a">
         <path>D:\ti\ccs\tools\compiler\ti-cgt-armllvm_4.0.2.LTS\lib\armv6m-ti-none-eabi\</path>
         <kind>archive</kind>
         <file>libclang_rt.builtins.a</file>
         <name>comparedf2.c.obj</name>
      </input_file>
      <input_file id="fl-12b">
         <path>D:\ti\ccs\tools\compiler\ti-cgt-armllvm_4.0.2.LTS\lib\armv6m-ti-none-eabi\</path>
         <kind>archive</kind>
         <file>libclang_rt.builtins.a</file>
         <name>divmoddi4.c.obj</name>
      </input_file>
      <input_file id="fl-12c">
         <path>D:\ti\ccs\tools\compiler\ti-cgt-armllvm_4.0.2.LTS\lib\armv6m-ti-none-eabi\</path>
         <kind>archive</kind>
         <file>libclang_rt.builtins.a</file>
         <name>aeabi_div0.c.obj</name>
      </input_file>
      <input_file id="fl-12d">
         <path>D:\ti\ccs\tools\compiler\ti-cgt-armllvm_4.0.2.LTS\lib\armv6m-ti-none-eabi\c\</path>
         <kind>archive</kind>
         <file>libc.a</file>
         <name>getdevice.c.obj</name>
      </input_file>
      <input_file id="fl-12e">
         <path>D:\ti\ccs\tools\compiler\ti-cgt-armllvm_4.0.2.LTS\lib\armv6m-ti-none-eabi\c\</path>
         <kind>archive</kind>
         <file>libc.a</file>
         <name>memcpy16.S.obj</name>
      </input_file>
      <input_file id="fl-12f">
         <path>D:\ti\ccs\tools\compiler\ti-cgt-armllvm_4.0.2.LTS\lib\armv6m-ti-none-eabi\c\</path>
         <kind>archive</kind>
         <file>libc.a</file>
         <name>memset16.S.obj</name>
      </input_file>
      <input_file id="fl-130">
         <path>D:\ti\ccs\tools\compiler\ti-cgt-armllvm_4.0.2.LTS\lib\armv6m-ti-none-eabi\c\</path>
         <kind>archive</kind>
         <file>libc.a</file>
         <name>strcmp-armv6m.S.obj</name>
      </input_file>
   </input_file_list>
   <object_component_list>
      <object_component id="oc-18">
         <name>.intvecs</name>
         <load_address>0x0</load_address>
         <readonly>true</readonly>
         <run_address>0x0</run_address>
         <size>0xc0</size>
         <alignment>0x4</alignment>
         <input_file_ref idref="fl-3"/>
      </object_component>
      <object_component id="oc-138">
         <name>.text:__TI_printfi</name>
         <load_address>0xc0</load_address>
         <readonly>true</readonly>
         <executable>true</executable>
         <run_address>0xc0</run_address>
         <size>0x9d0</size>
         <alignment>0x4</alignment>
         <input_file_ref idref="fl-3e"/>
      </object_component>
      <object_component id="oc-1cf">
         <name>.text._pconv_a</name>
         <load_address>0xa90</load_address>
         <readonly>true</readonly>
         <executable>true</executable>
         <run_address>0xa90</run_address>
         <size>0x220</size>
         <alignment>0x4</alignment>
         <input_file_ref idref="fl-3e"/>
      </object_component>
      <object_component id="oc-39">
         <name>.text.GROUP1_IRQHandler</name>
         <load_address>0xcb0</load_address>
         <readonly>true</readonly>
         <executable>true</executable>
         <run_address>0xcb0</run_address>
         <size>0x1fc</size>
         <alignment>0x4</alignment>
         <input_file_ref idref="fl-6"/>
      </object_component>
      <object_component id="oc-1d4">
         <name>.text._pconv_g</name>
         <load_address>0xeac</load_address>
         <readonly>true</readonly>
         <executable>true</executable>
         <run_address>0xeac</run_address>
         <size>0x1dc</size>
         <alignment>0x4</alignment>
         <input_file_ref idref="fl-3e"/>
      </object_component>
      <object_component id="oc-23a">
         <name>.text.adddf3_subdf3</name>
         <load_address>0x1088</load_address>
         <readonly>true</readonly>
         <executable>true</executable>
         <run_address>0x1088</run_address>
         <size>0x192</size>
         <alignment>0x4</alignment>
         <input_file_ref idref="fl-111"/>
      </object_component>
      <object_component id="oc-19f">
         <name>.text.__aeabi_idiv0</name>
         <load_address>0x121a</load_address>
         <readonly>true</readonly>
         <executable>true</executable>
         <run_address>0x121a</run_address>
         <size>0x2</size>
         <alignment>0x2</alignment>
         <input_file_ref idref="fl-12c"/>
      </object_component>
      <object_component id="oc-fb">
         <name>.text.SYSCFG_DL_GPIO_init</name>
         <load_address>0x121c</load_address>
         <readonly>true</readonly>
         <executable>true</executable>
         <run_address>0x121c</run_address>
         <size>0x174</size>
         <alignment>0x4</alignment>
         <input_file_ref idref="fl-2"/>
      </object_component>
      <object_component id="oc-23e">
         <name>.text.fcvt</name>
         <load_address>0x1390</load_address>
         <readonly>true</readonly>
         <executable>true</executable>
         <run_address>0x1390</run_address>
         <size>0x13c</size>
         <alignment>0x4</alignment>
         <input_file_ref idref="fl-3e"/>
      </object_component>
      <object_component id="oc-1d6">
         <name>.text._pconv_e</name>
         <load_address>0x14cc</load_address>
         <readonly>true</readonly>
         <executable>true</executable>
         <run_address>0x14cc</run_address>
         <size>0x120</size>
         <alignment>0x4</alignment>
         <input_file_ref idref="fl-3e"/>
      </object_component>
      <object_component id="oc-293">
         <name>.text.aligned_alloc</name>
         <load_address>0x15ec</load_address>
         <readonly>true</readonly>
         <executable>true</executable>
         <run_address>0x15ec</run_address>
         <size>0x114</size>
         <alignment>0x4</alignment>
         <input_file_ref idref="fl-4e"/>
      </object_component>
      <object_component id="oc-236">
         <name>.text.__divdf3</name>
         <load_address>0x1700</load_address>
         <readonly>true</readonly>
         <executable>true</executable>
         <run_address>0x1700</run_address>
         <size>0x10c</size>
         <alignment>0x4</alignment>
         <input_file_ref idref="fl-116"/>
      </object_component>
      <object_component id="oc-c8">
         <name>.text.Control_speed</name>
         <load_address>0x180c</load_address>
         <readonly>true</readonly>
         <executable>true</executable>
         <run_address>0x180c</run_address>
         <size>0x108</size>
         <alignment>0x4</alignment>
         <input_file_ref idref="fl-5"/>
      </object_component>
      <object_component id="oc-16e">
         <name>.text.DL_Timer_initFourCCPWMMode</name>
         <load_address>0x1914</load_address>
         <readonly>true</readonly>
         <executable>true</executable>
         <run_address>0x1914</run_address>
         <size>0x104</size>
         <alignment>0x4</alignment>
         <input_file_ref idref="fl-21"/>
      </object_component>
      <object_component id="oc-105">
         <name>.text.OLED_Init_Custom</name>
         <load_address>0x1a18</load_address>
         <readonly>true</readonly>
         <executable>true</executable>
         <run_address>0x1a18</run_address>
         <size>0xfc</size>
         <alignment>0x4</alignment>
         <input_file_ref idref="fl-d"/>
      </object_component>
      <object_component id="oc-142">
         <name>.text.fputs</name>
         <load_address>0x1b14</load_address>
         <readonly>true</readonly>
         <executable>true</executable>
         <run_address>0x1b14</run_address>
         <size>0xf8</size>
         <alignment>0x4</alignment>
         <input_file_ref idref="fl-42"/>
      </object_component>
      <object_component id="oc-176">
         <name>.text.DL_Timer_initTimerMode</name>
         <load_address>0x1c0c</load_address>
         <readonly>true</readonly>
         <executable>true</executable>
         <run_address>0x1c0c</run_address>
         <size>0xe8</size>
         <alignment>0x4</alignment>
         <input_file_ref idref="fl-21"/>
      </object_component>
      <object_component id="oc-273">
         <name>.text.free</name>
         <load_address>0x1cf4</load_address>
         <readonly>true</readonly>
         <executable>true</executable>
         <run_address>0x1cf4</run_address>
         <size>0xe8</size>
         <alignment>0x4</alignment>
         <input_file_ref idref="fl-4e"/>
      </object_component>
      <object_component id="oc-226">
         <name>.text.__muldf3</name>
         <load_address>0x1ddc</load_address>
         <readonly>true</readonly>
         <executable>true</executable>
         <run_address>0x1ddc</run_address>
         <size>0xe4</size>
         <alignment>0x4</alignment>
         <input_file_ref idref="fl-112"/>
      </object_component>
      <object_component id="oc-246">
         <name>.text.setvbuf</name>
         <load_address>0x1ec0</load_address>
         <readonly>true</readonly>
         <executable>true</executable>
         <run_address>0x1ec0</run_address>
         <size>0xe0</size>
         <alignment>0x4</alignment>
         <input_file_ref idref="fl-44"/>
      </object_component>
      <object_component id="oc-215">
         <name>.text.scalbn</name>
         <load_address>0x1fa0</load_address>
         <readonly>true</readonly>
         <executable>true</executable>
         <run_address>0x1fa0</run_address>
         <size>0xd8</size>
         <alignment>0x4</alignment>
         <input_file_ref idref="fl-58"/>
      </object_component>
      <object_component id="oc-8e">
         <name>.text.main</name>
         <load_address>0x2078</load_address>
         <readonly>true</readonly>
         <executable>true</executable>
         <run_address>0x2078</run_address>
         <size>0xd0</size>
         <alignment>0x4</alignment>
         <input_file_ref idref="fl-1"/>
      </object_component>
      <object_component id="oc-110">
         <name>.text.OLED_ShowChar</name>
         <load_address>0x2148</load_address>
         <readonly>true</readonly>
         <executable>true</executable>
         <run_address>0x2148</run_address>
         <size>0xb4</size>
         <alignment>0x4</alignment>
         <input_file_ref idref="fl-d"/>
      </object_component>
      <object_component id="oc-c7">
         <name>.text.OLED_ShowSignedNum</name>
         <load_address>0x21fc</load_address>
         <readonly>true</readonly>
         <executable>true</executable>
         <run_address>0x21fc</run_address>
         <size>0xae</size>
         <alignment>0x2</alignment>
         <input_file_ref idref="fl-d"/>
      </object_component>
      <object_component id="oc-256">
         <name>.text.__aeabi_ldiv0</name>
         <load_address>0x22aa</load_address>
         <readonly>true</readonly>
         <executable>true</executable>
         <run_address>0x22aa</run_address>
         <size>0x2</size>
         <alignment>0x2</alignment>
         <input_file_ref idref="fl-12c"/>
      </object_component>
      <object_component id="oc-20c">
         <name>.text</name>
         <load_address>0x22ac</load_address>
         <readonly>true</readonly>
         <executable>true</executable>
         <run_address>0x22ac</run_address>
         <size>0xa2</size>
         <alignment>0x4</alignment>
         <input_file_ref idref="fl-128"/>
      </object_component>
      <object_component id="oc-139">
         <name>.text._nop</name>
         <load_address>0x234e</load_address>
         <readonly>true</readonly>
         <executable>true</executable>
         <run_address>0x234e</run_address>
         <size>0x2</size>
         <alignment>0x2</alignment>
         <input_file_ref idref="fl-47"/>
      </object_component>
      <object_component id="oc-1f4">
         <name>.text.OLED_I2C_SendByte</name>
         <load_address>0x2350</load_address>
         <readonly>true</readonly>
         <executable>true</executable>
         <run_address>0x2350</run_address>
         <size>0xa0</size>
         <alignment>0x4</alignment>
         <input_file_ref idref="fl-d"/>
      </object_component>
      <object_component id="oc-148">
         <name>.text.fputc</name>
         <load_address>0x23f0</load_address>
         <readonly>true</readonly>
         <executable>true</executable>
         <run_address>0x23f0</run_address>
         <size>0x9c</size>
         <alignment>0x4</alignment>
         <input_file_ref idref="fl-41"/>
      </object_component>
      <object_component id="oc-fd">
         <name>.text.SYSCFG_DL_PWM_init</name>
         <load_address>0x248c</load_address>
         <readonly>true</readonly>
         <executable>true</executable>
         <run_address>0x248c</run_address>
         <size>0x8c</size>
         <alignment>0x4</alignment>
         <input_file_ref idref="fl-2"/>
      </object_component>
      <object_component id="oc-1c1">
         <name>.text.__aeabi_errno_addr</name>
         <load_address>0x2518</load_address>
         <readonly>true</readonly>
         <executable>true</executable>
         <run_address>0x2518</run_address>
         <size>0x8</size>
         <alignment>0x4</alignment>
         <input_file_ref idref="fl-45"/>
      </object_component>
      <object_component id="oc-303">
         <name>.text:strcmp</name>
         <load_address>0x2520</load_address>
         <readonly>true</readonly>
         <executable>true</executable>
         <run_address>0x2520</run_address>
         <size>0x88</size>
         <alignment>0x10</alignment>
         <input_file_ref idref="fl-130"/>
      </object_component>
      <object_component id="oc-16c">
         <name>.text.__NVIC_SetPriority</name>
         <load_address>0x25a8</load_address>
         <readonly>true</readonly>
         <executable>true</executable>
         <run_address>0x25a8</run_address>
         <size>0x84</size>
         <alignment>0x4</alignment>
         <input_file_ref idref="fl-2"/>
      </object_component>
      <object_component id="oc-fa">
         <name>.text.SYSCFG_DL_initPower</name>
         <load_address>0x262c</load_address>
         <readonly>true</readonly>
         <executable>true</executable>
         <run_address>0x262c</run_address>
         <size>0x7c</size>
         <alignment>0x4</alignment>
         <input_file_ref idref="fl-2"/>
      </object_component>
      <object_component id="oc-294">
         <name>.text.__TI_closefile</name>
         <load_address>0x26a8</load_address>
         <readonly>true</readonly>
         <executable>true</executable>
         <run_address>0x26a8</run_address>
         <size>0x7c</size>
         <alignment>0x4</alignment>
         <input_file_ref idref="fl-60"/>
      </object_component>
      <object_component id="oc-1c">
         <name>.text:decompress:lzss</name>
         <load_address>0x2724</load_address>
         <readonly>true</readonly>
         <executable>true</executable>
         <run_address>0x2724</run_address>
         <size>0x7c</size>
         <alignment>0x4</alignment>
         <input_file_ref idref="fl-56"/>
      </object_component>
      <object_component id="oc-234">
         <name>.text.__gedf2</name>
         <load_address>0x27a0</load_address>
         <readonly>true</readonly>
         <executable>true</executable>
         <run_address>0x27a0</run_address>
         <size>0x74</size>
         <alignment>0x4</alignment>
         <input_file_ref idref="fl-12a"/>
      </object_component>
      <object_component id="oc-2ad">
         <name>.text.HOSTlseek</name>
         <load_address>0x2814</load_address>
         <readonly>true</readonly>
         <executable>true</executable>
         <run_address>0x2814</run_address>
         <size>0x6c</size>
         <alignment>0x4</alignment>
         <input_file_ref idref="fl-109"/>
      </object_component>
      <object_component id="oc-2b5">
         <name>.text.HOSTrename</name>
         <load_address>0x2880</load_address>
         <readonly>true</readonly>
         <executable>true</executable>
         <run_address>0x2880</run_address>
         <size>0x6c</size>
         <alignment>0x4</alignment>
         <input_file_ref idref="fl-10c"/>
      </object_component>
      <object_component id="oc-270">
         <name>.text.fseeko</name>
         <load_address>0x28ec</load_address>
         <readonly>true</readonly>
         <executable>true</executable>
         <run_address>0x28ec</run_address>
         <size>0x6c</size>
         <alignment>0x4</alignment>
         <input_file_ref idref="fl-5d"/>
      </object_component>
      <object_component id="oc-2f7">
         <name>.text.getdevice</name>
         <load_address>0x2958</load_address>
         <readonly>true</readonly>
         <executable>true</executable>
         <run_address>0x2958</run_address>
         <size>0x6c</size>
         <alignment>0x4</alignment>
         <input_file_ref idref="fl-12d"/>
      </object_component>
      <object_component id="oc-22e">
         <name>.text.__ledf2</name>
         <load_address>0x29c4</load_address>
         <readonly>true</readonly>
         <executable>true</executable>
         <run_address>0x29c4</run_address>
         <size>0x68</size>
         <alignment>0x4</alignment>
         <input_file_ref idref="fl-12a"/>
      </object_component>
      <object_component id="oc-22d">
         <name>.text._mcpy</name>
         <load_address>0x2a2c</load_address>
         <readonly>true</readonly>
         <executable>true</executable>
         <run_address>0x2a2c</run_address>
         <size>0x66</size>
         <alignment>0x2</alignment>
         <input_file_ref idref="fl-3e"/>
      </object_component>
      <object_component id="oc-1d7">
         <name>.text.__TI_wrt_ok</name>
         <load_address>0x2a92</load_address>
         <readonly>true</readonly>
         <executable>true</executable>
         <run_address>0x2a92</run_address>
         <size>0x64</size>
         <alignment>0x2</alignment>
         <input_file_ref idref="fl-43"/>
      </object_component>
      <object_component id="oc-2bf">
         <name>.text.split</name>
         <load_address>0x2af8</load_address>
         <readonly>true</readonly>
         <executable>true</executable>
         <run_address>0x2af8</run_address>
         <size>0x64</size>
         <alignment>0x4</alignment>
         <input_file_ref idref="fl-4e"/>
      </object_component>
      <object_component id="oc-1d0">
         <name>.text.__aeabi_dcmp</name>
         <load_address>0x2b5c</load_address>
         <readonly>true</readonly>
         <executable>true</executable>
         <run_address>0x2b5c</run_address>
         <size>0x62</size>
         <alignment>0x4</alignment>
         <input_file_ref idref="fl-11f"/>
      </object_component>
      <object_component id="oc-29d">
         <name>.text.HOSTopen</name>
         <load_address>0x2bc0</load_address>
         <readonly>true</readonly>
         <executable>true</executable>
         <run_address>0x2bc0</run_address>
         <size>0x60</size>
         <alignment>0x4</alignment>
         <input_file_ref idref="fl-10a"/>
      </object_component>
      <object_component id="oc-43">
         <name>.text.TIMG0_IRQHandler</name>
         <load_address>0x2c20</load_address>
         <readonly>true</readonly>
         <executable>true</executable>
         <run_address>0x2c20</run_address>
         <size>0x5c</size>
         <alignment>0x4</alignment>
         <input_file_ref idref="fl-1"/>
      </object_component>
      <object_component id="oc-211">
         <name>.text.frexp</name>
         <load_address>0x2c7c</load_address>
         <readonly>true</readonly>
         <executable>true</executable>
         <run_address>0x2c7c</run_address>
         <size>0x5c</size>
         <alignment>0x4</alignment>
         <input_file_ref idref="fl-57"/>
      </object_component>
      <object_component id="oc-a5">
         <name>.text.printf</name>
         <load_address>0x2cd8</load_address>
         <readonly>true</readonly>
         <executable>true</executable>
         <run_address>0x2cd8</run_address>
         <size>0x5c</size>
         <alignment>0x4</alignment>
         <input_file_ref idref="fl-3d"/>
      </object_component>
      <object_component id="oc-2a5">
         <name>.text.HOSTread</name>
         <load_address>0x2d34</load_address>
         <readonly>true</readonly>
         <executable>true</executable>
         <run_address>0x2d34</run_address>
         <size>0x58</size>
         <alignment>0x4</alignment>
         <input_file_ref idref="fl-10b"/>
      </object_component>
      <object_component id="oc-2a9">
         <name>.text.HOSTwrite</name>
         <load_address>0x2d8c</load_address>
         <readonly>true</readonly>
         <executable>true</executable>
         <run_address>0x2d8c</run_address>
         <size>0x58</size>
         <alignment>0x4</alignment>
         <input_file_ref idref="fl-10e"/>
      </object_component>
      <object_component id="oc-ff">
         <name>.text.SYSCFG_DL_I2C_MPU6050_init</name>
         <load_address>0x2de4</load_address>
         <readonly>true</readonly>
         <executable>true</executable>
         <run_address>0x2de4</run_address>
         <size>0x58</size>
         <alignment>0x4</alignment>
         <input_file_ref idref="fl-2"/>
      </object_component>
      <object_component id="oc-21d">
         <name>.text.__TI_ltoa</name>
         <load_address>0x2e3c</load_address>
         <readonly>true</readonly>
         <executable>true</executable>
         <run_address>0x2e3c</run_address>
         <size>0x58</size>
         <alignment>0x2</alignment>
         <input_file_ref idref="fl-48"/>
      </object_component>
      <object_component id="oc-1d5">
         <name>.text._pconv_f</name>
         <load_address>0x2e94</load_address>
         <readonly>true</readonly>
         <executable>true</executable>
         <run_address>0x2e94</run_address>
         <size>0x58</size>
         <alignment>0x2</alignment>
         <input_file_ref idref="fl-3e"/>
      </object_component>
      <object_component id="oc-197">
         <name>.text.OLED_Clear</name>
         <load_address>0x2eec</load_address>
         <readonly>true</readonly>
         <executable>true</executable>
         <run_address>0x2eec</run_address>
         <size>0x56</size>
         <alignment>0x2</alignment>
         <input_file_ref idref="fl-d"/>
      </object_component>
      <object_component id="oc-263">
         <name>.text.__aeabi_idivmod</name>
         <load_address>0x2f44</load_address>
         <readonly>true</readonly>
         <executable>true</executable>
         <run_address>0x2f44</run_address>
         <size>0x56</size>
         <alignment>0x4</alignment>
         <input_file_ref idref="fl-121"/>
      </object_component>
      <object_component id="oc-1e1">
         <name>.text.__TI_doflush</name>
         <load_address>0x2f9a</load_address>
         <readonly>true</readonly>
         <executable>true</executable>
         <run_address>0x2f9a</run_address>
         <size>0x52</size>
         <alignment>0x2</alignment>
         <input_file_ref idref="fl-5b"/>
      </object_component>
      <object_component id="oc-22b">
         <name>.text._ecpy</name>
         <load_address>0x2fec</load_address>
         <readonly>true</readonly>
         <executable>true</executable>
         <run_address>0x2fec</run_address>
         <size>0x52</size>
         <alignment>0x2</alignment>
         <input_file_ref idref="fl-3e"/>
      </object_component>
      <object_component id="oc-1f3">
         <name>.text.OLED_I2C_Start</name>
         <load_address>0x3040</load_address>
         <readonly>true</readonly>
         <executable>true</executable>
         <run_address>0x3040</run_address>
         <size>0x50</size>
         <alignment>0x4</alignment>
         <input_file_ref idref="fl-d"/>
      </object_component>
      <object_component id="oc-195">
         <name>.text.SysTick_Config</name>
         <load_address>0x3090</load_address>
         <readonly>true</readonly>
         <executable>true</executable>
         <run_address>0x3090</run_address>
         <size>0x50</size>
         <alignment>0x4</alignment>
         <input_file_ref idref="fl-2"/>
      </object_component>
      <object_component id="oc-2c1">
         <name>.text.close</name>
         <load_address>0x30e0</load_address>
         <readonly>true</readonly>
         <executable>true</executable>
         <run_address>0x30e0</run_address>
         <size>0x50</size>
         <alignment>0x4</alignment>
         <input_file_ref idref="fl-106"/>
      </object_component>
      <object_component id="oc-191">
         <name>.text.DL_UART_setBaudRateDivisor</name>
         <load_address>0x3130</load_address>
         <readonly>true</readonly>
         <executable>true</executable>
         <run_address>0x3130</run_address>
         <size>0x4c</size>
         <alignment>0x4</alignment>
         <input_file_ref idref="fl-2"/>
      </object_component>
      <object_component id="oc-c6">
         <name>.text.OLED_ShowString</name>
         <load_address>0x317c</load_address>
         <readonly>true</readonly>
         <executable>true</executable>
         <run_address>0x317c</run_address>
         <size>0x4a</size>
         <alignment>0x2</alignment>
         <input_file_ref idref="fl-d"/>
      </object_component>
      <object_component id="oc-219">
         <name>.text.__fixdfsi</name>
         <load_address>0x31c8</load_address>
         <readonly>true</readonly>
         <executable>true</executable>
         <run_address>0x31c8</run_address>
         <size>0x4a</size>
         <alignment>0x4</alignment>
         <input_file_ref idref="fl-118"/>
      </object_component>
      <object_component id="oc-18f">
         <name>.text.DL_UART_init</name>
         <load_address>0x3214</load_address>
         <readonly>true</readonly>
         <executable>true</executable>
         <run_address>0x3214</run_address>
         <size>0x48</size>
         <alignment>0x4</alignment>
         <input_file_ref idref="fl-22"/>
      </object_component>
      <object_component id="oc-2a1">
         <name>.text.HOSTclose</name>
         <load_address>0x325c</load_address>
         <readonly>true</readonly>
         <executable>true</executable>
         <run_address>0x325c</run_address>
         <size>0x48</size>
         <alignment>0x4</alignment>
         <input_file_ref idref="fl-108"/>
      </object_component>
      <object_component id="oc-2b1">
         <name>.text.HOSTunlink</name>
         <load_address>0x32a4</load_address>
         <readonly>true</readonly>
         <executable>true</executable>
         <run_address>0x32a4</run_address>
         <size>0x48</size>
         <alignment>0x4</alignment>
         <input_file_ref idref="fl-10d"/>
      </object_component>
      <object_component id="oc-1f5">
         <name>.text.OLED_I2C_Stop</name>
         <load_address>0x32ec</load_address>
         <readonly>true</readonly>
         <executable>true</executable>
         <run_address>0x32ec</run_address>
         <size>0x40</size>
         <alignment>0x4</alignment>
         <input_file_ref idref="fl-d"/>
      </object_component>
      <object_component id="oc-100">
         <name>.text.SYSCFG_DL_UART_0_init</name>
         <load_address>0x332c</load_address>
         <readonly>true</readonly>
         <executable>true</executable>
         <run_address>0x332c</run_address>
         <size>0x40</size>
         <alignment>0x4</alignment>
         <input_file_ref idref="fl-2"/>
      </object_component>
      <object_component id="oc-112">
         <name>.text.__aeabi_uidivmod</name>
         <load_address>0x336c</load_address>
         <readonly>true</readonly>
         <executable>true</executable>
         <run_address>0x336c</run_address>
         <size>0x40</size>
         <alignment>0x4</alignment>
         <input_file_ref idref="fl-125"/>
      </object_component>
      <object_component id="oc-1b9">
         <name>.text.atoi</name>
         <load_address>0x33ac</load_address>
         <readonly>true</readonly>
         <executable>true</executable>
         <run_address>0x33ac</run_address>
         <size>0x40</size>
         <alignment>0x4</alignment>
         <input_file_ref idref="fl-4a"/>
      </object_component>
      <object_component id="oc-11c">
         <name>.text.vsnprintf</name>
         <load_address>0x33ec</load_address>
         <readonly>true</readonly>
         <executable>true</executable>
         <run_address>0x33ec</run_address>
         <size>0x40</size>
         <alignment>0x4</alignment>
         <input_file_ref idref="fl-40"/>
      </object_component>
      <object_component id="oc-bb">
         <name>.text.Control_forward</name>
         <load_address>0x342c</load_address>
         <readonly>true</readonly>
         <executable>true</executable>
         <run_address>0x342c</run_address>
         <size>0x3c</size>
         <alignment>0x4</alignment>
         <input_file_ref idref="fl-5"/>
      </object_component>
      <object_component id="oc-15c">
         <name>.text.DL_GPIO_initPeripheralInputFunctionFeatures</name>
         <load_address>0x3468</load_address>
         <readonly>true</readonly>
         <executable>true</executable>
         <run_address>0x3468</run_address>
         <size>0x3c</size>
         <alignment>0x4</alignment>
         <input_file_ref idref="fl-2"/>
      </object_component>
      <object_component id="oc-16f">
         <name>.text.DL_Timer_setCounterControl</name>
         <load_address>0x34a4</load_address>
         <readonly>true</readonly>
         <executable>true</executable>
         <run_address>0x34a4</run_address>
         <size>0x3c</size>
         <alignment>0x4</alignment>
         <input_file_ref idref="fl-2"/>
      </object_component>
      <object_component id="oc-c1">
         <name>.text.__floatsisf</name>
         <load_address>0x34e0</load_address>
         <readonly>true</readonly>
         <executable>true</executable>
         <run_address>0x34e0</run_address>
         <size>0x3c</size>
         <alignment>0x4</alignment>
         <input_file_ref idref="fl-11b"/>
      </object_component>
      <object_component id="oc-122">
         <name>.text.uart0_send_string</name>
         <load_address>0x351c</load_address>
         <readonly>true</readonly>
         <executable>true</executable>
         <run_address>0x351c</run_address>
         <size>0x3c</size>
         <alignment>0x2</alignment>
         <input_file_ref idref="fl-f"/>
      </object_component>
      <object_component id="oc-d7">
         <name>.text:__TI_auto_init_nobinit_nopinit</name>
         <load_address>0x3558</load_address>
         <readonly>true</readonly>
         <executable>true</executable>
         <run_address>0x3558</run_address>
         <size>0x3c</size>
         <alignment>0x4</alignment>
         <input_file_ref idref="fl-51"/>
      </object_component>
      <object_component id="oc-207">
         <name>.text.__muldsi3</name>
         <load_address>0x3594</load_address>
         <readonly>true</readonly>
         <executable>true</executable>
         <run_address>0x3594</run_address>
         <size>0x3a</size>
         <alignment>0x4</alignment>
         <input_file_ref idref="fl-113"/>
      </object_component>
      <object_component id="oc-19c">
         <name>.text.OLED_SetCursor</name>
         <load_address>0x35ce</load_address>
         <readonly>true</readonly>
         <executable>true</executable>
         <run_address>0x35ce</run_address>
         <size>0x36</size>
         <alignment>0x2</alignment>
         <input_file_ref idref="fl-d"/>
      </object_component>
      <object_component id="oc-15f">
         <name>.text.DL_GPIO_initDigitalInputFeatures</name>
         <load_address>0x3604</load_address>
         <readonly>true</readonly>
         <executable>true</executable>
         <run_address>0x3604</run_address>
         <size>0x34</size>
         <alignment>0x4</alignment>
         <input_file_ref idref="fl-2"/>
      </object_component>
      <object_component id="oc-fe">
         <name>.text.SYSCFG_DL_TIMER_0_init</name>
         <load_address>0x3638</load_address>
         <readonly>true</readonly>
         <executable>true</executable>
         <run_address>0x3638</run_address>
         <size>0x34</size>
         <alignment>0x4</alignment>
         <input_file_ref idref="fl-2"/>
      </object_component>
      <object_component id="oc-27a">
         <name>.text.__TI_cleanup</name>
         <load_address>0x366c</load_address>
         <readonly>true</readonly>
         <executable>true</executable>
         <run_address>0x366c</run_address>
         <size>0x34</size>
         <alignment>0x4</alignment>
         <input_file_ref idref="fl-5c"/>
      </object_component>
      <object_component id="oc-2d2">
         <name>.text.__TI_readmsg</name>
         <load_address>0x36a0</load_address>
         <readonly>true</readonly>
         <executable>true</executable>
         <run_address>0x36a0</run_address>
         <size>0x34</size>
         <alignment>0x4</alignment>
         <input_file_ref idref="fl-10f"/>
      </object_component>
      <object_component id="oc-2cc">
         <name>.text.__TI_writemsg</name>
         <load_address>0x36d4</load_address>
         <readonly>true</readonly>
         <executable>true</executable>
         <run_address>0x36d4</run_address>
         <size>0x34</size>
         <alignment>0x4</alignment>
         <input_file_ref idref="fl-10f"/>
      </object_component>
      <object_component id="oc-d5">
         <name>.text.exit</name>
         <load_address>0x3708</load_address>
         <readonly>true</readonly>
         <executable>true</executable>
         <run_address>0x3708</run_address>
         <size>0x34</size>
         <alignment>0x4</alignment>
         <input_file_ref idref="fl-46"/>
      </object_component>
      <object_component id="oc-300">
         <name>.text.finddevice</name>
         <load_address>0x373c</load_address>
         <readonly>true</readonly>
         <executable>true</executable>
         <run_address>0x373c</run_address>
         <size>0x34</size>
         <alignment>0x4</alignment>
         <input_file_ref idref="fl-12d"/>
      </object_component>
      <object_component id="oc-ca">
         <name>.text.uart0_printf</name>
         <load_address>0x3770</load_address>
         <readonly>true</readonly>
         <executable>true</executable>
         <run_address>0x3770</run_address>
         <size>0x34</size>
         <alignment>0x2</alignment>
         <input_file_ref idref="fl-f"/>
      </object_component>
      <object_component id="oc-160">
         <name>.text.DL_GPIO_initDigitalOutputFeatures</name>
         <load_address>0x37a4</load_address>
         <readonly>true</readonly>
         <executable>true</executable>
         <run_address>0x37a4</run_address>
         <size>0x30</size>
         <alignment>0x4</alignment>
         <input_file_ref idref="fl-2"/>
      </object_component>
      <object_component id="oc-ab">
         <name>.text.SYSCFG_DL_init</name>
         <load_address>0x37d4</load_address>
         <readonly>true</readonly>
         <executable>true</executable>
         <run_address>0x37d4</run_address>
         <size>0x30</size>
         <alignment>0x4</alignment>
         <input_file_ref idref="fl-2"/>
      </object_component>
      <object_component id="oc-3e">
         <name>.text.UART0_IRQHandler</name>
         <load_address>0x3804</load_address>
         <readonly>true</readonly>
         <executable>true</executable>
         <run_address>0x3804</run_address>
         <size>0x30</size>
         <alignment>0x4</alignment>
         <input_file_ref idref="fl-f"/>
      </object_component>
      <object_component id="oc-22c">
         <name>.text._fcpy</name>
         <load_address>0x3834</load_address>
         <readonly>true</readonly>
         <executable>true</executable>
         <run_address>0x3834</run_address>
         <size>0x30</size>
         <alignment>0x2</alignment>
         <input_file_ref idref="fl-3e"/>
      </object_component>
      <object_component id="oc-1a7">
         <name>.text._outs</name>
         <load_address>0x3864</load_address>
         <readonly>true</readonly>
         <executable>true</executable>
         <run_address>0x3864</run_address>
         <size>0x30</size>
         <alignment>0x2</alignment>
         <input_file_ref idref="fl-40"/>
      </object_component>
      <object_component id="oc-b5">
         <name>.text.__NVIC_EnableIRQ</name>
         <load_address>0x3894</load_address>
         <readonly>true</readonly>
         <executable>true</executable>
         <run_address>0x3894</run_address>
         <size>0x2c</size>
         <alignment>0x4</alignment>
         <input_file_ref idref="fl-1"/>
      </object_component>
      <object_component id="oc-221">
         <name>.text.__floatsidf</name>
         <load_address>0x38c0</load_address>
         <readonly>true</readonly>
         <executable>true</executable>
         <run_address>0x38c0</run_address>
         <size>0x2c</size>
         <alignment>0x4</alignment>
         <input_file_ref idref="fl-11a"/>
      </object_component>
      <object_component id="oc-77">
         <name>.text.uart0_send_char</name>
         <load_address>0x38ec</load_address>
         <readonly>true</readonly>
         <executable>true</executable>
         <run_address>0x38ec</run_address>
         <size>0x2c</size>
         <alignment>0x4</alignment>
         <input_file_ref idref="fl-f"/>
      </object_component>
      <object_component id="oc-2ed">
         <name>.text.unlink</name>
         <load_address>0x3918</load_address>
         <readonly>true</readonly>
         <executable>true</executable>
         <run_address>0x3918</run_address>
         <size>0x2c</size>
         <alignment>0x4</alignment>
         <input_file_ref idref="fl-107"/>
      </object_component>
      <object_component id="oc-196">
         <name>.text.OLED_WriteCommand</name>
         <load_address>0x3944</load_address>
         <readonly>true</readonly>
         <executable>true</executable>
         <run_address>0x3944</run_address>
         <size>0x2a</size>
         <alignment>0x2</alignment>
         <input_file_ref idref="fl-d"/>
      </object_component>
      <object_component id="oc-19d">
         <name>.text.OLED_WriteData</name>
         <load_address>0x396e</load_address>
         <readonly>true</readonly>
         <executable>true</executable>
         <run_address>0x396e</run_address>
         <size>0x2a</size>
         <alignment>0x2</alignment>
         <input_file_ref idref="fl-d"/>
      </object_component>
      <object_component id="oc-1ee">
         <name>.text.DL_Common_updateReg</name>
         <load_address>0x3998</load_address>
         <readonly>true</readonly>
         <executable>true</executable>
         <run_address>0x3998</run_address>
         <size>0x28</size>
         <alignment>0x2</alignment>
         <input_file_ref idref="fl-2"/>
      </object_component>
      <object_component id="oc-185">
         <name>.text.DL_I2C_setControllerRXFIFOThreshold</name>
         <load_address>0x39c0</load_address>
         <readonly>true</readonly>
         <executable>true</executable>
         <run_address>0x39c0</run_address>
         <size>0x28</size>
         <alignment>0x4</alignment>
         <input_file_ref idref="fl-2"/>
      </object_component>
      <object_component id="oc-184">
         <name>.text.DL_I2C_setControllerTXFIFOThreshold</name>
         <load_address>0x39e8</load_address>
         <readonly>true</readonly>
         <executable>true</executable>
         <run_address>0x39e8</run_address>
         <size>0x28</size>
         <alignment>0x4</alignment>
         <input_file_ref idref="fl-2"/>
      </object_component>
      <object_component id="oc-111">
         <name>.text.OLED_Pow</name>
         <load_address>0x3a10</load_address>
         <readonly>true</readonly>
         <executable>true</executable>
         <run_address>0x3a10</run_address>
         <size>0x28</size>
         <alignment>0x2</alignment>
         <input_file_ref idref="fl-d"/>
      </object_component>
      <object_component id="oc-28f">
         <name>.text.free_list_insert</name>
         <load_address>0x3a38</load_address>
         <readonly>true</readonly>
         <executable>true</executable>
         <run_address>0x3a38</run_address>
         <size>0x28</size>
         <alignment>0x4</alignment>
         <input_file_ref idref="fl-4e"/>
      </object_component>
      <object_component id="oc-289">
         <name>.text.lseek</name>
         <load_address>0x3a60</load_address>
         <readonly>true</readonly>
         <executable>true</executable>
         <run_address>0x3a60</run_address>
         <size>0x28</size>
         <alignment>0x4</alignment>
         <input_file_ref idref="fl-105"/>
      </object_component>
      <object_component id="oc-1dd">
         <name>.text.write</name>
         <load_address>0x3a88</load_address>
         <readonly>true</readonly>
         <executable>true</executable>
         <run_address>0x3a88</run_address>
         <size>0x28</size>
         <alignment>0x4</alignment>
         <input_file_ref idref="fl-101"/>
      </object_component>
      <object_component id="oc-63">
         <name>.text:_c_int00_noargs</name>
         <load_address>0x3ab0</load_address>
         <readonly>true</readonly>
         <executable>true</executable>
         <run_address>0x3ab0</run_address>
         <size>0x28</size>
         <alignment>0x4</alignment>
         <input_file_ref idref="fl-4f"/>
      </object_component>
      <object_component id="oc-180">
         <name>.text.DL_I2C_setAnalogGlitchFilterPulseWidth</name>
         <load_address>0x3ad8</load_address>
         <readonly>true</readonly>
         <executable>true</executable>
         <run_address>0x3ad8</run_address>
         <size>0x26</size>
         <alignment>0x2</alignment>
         <input_file_ref idref="fl-2"/>
      </object_component>
      <object_component id="oc-17a">
         <name>.text.DL_I2C_setClockConfig</name>
         <load_address>0x3afe</load_address>
         <readonly>true</readonly>
         <executable>true</executable>
         <run_address>0x3afe</run_address>
         <size>0x26</size>
         <alignment>0x2</alignment>
         <input_file_ref idref="fl-20"/>
      </object_component>
      <object_component id="oc-fc">
         <name>.text.SYSCFG_DL_SYSCTL_init</name>
         <load_address>0x3b24</load_address>
         <readonly>true</readonly>
         <executable>true</executable>
         <run_address>0x3b24</run_address>
         <size>0x26</size>
         <alignment>0x2</alignment>
         <input_file_ref idref="fl-2"/>
      </object_component>
      <object_component id="oc-1c6">
         <name>.text.__muldi3</name>
         <load_address>0x3b4c</load_address>
         <readonly>true</readonly>
         <executable>true</executable>
         <run_address>0x3b4c</run_address>
         <size>0x24</size>
         <alignment>0x4</alignment>
         <input_file_ref idref="fl-11d"/>
      </object_component>
      <object_component id="oc-1b2">
         <name>.text.memccpy</name>
         <load_address>0x3b70</load_address>
         <readonly>true</readonly>
         <executable>true</executable>
         <run_address>0x3b70</run_address>
         <size>0x22</size>
         <alignment>0x2</alignment>
         <input_file_ref idref="fl-4c"/>
      </object_component>
      <object_component id="oc-15e">
         <name>.text.DL_GPIO_initPeripheralInputFunction</name>
         <load_address>0x3b94</load_address>
         <readonly>true</readonly>
         <executable>true</executable>
         <run_address>0x3b94</run_address>
         <size>0x20</size>
         <alignment>0x4</alignment>
         <input_file_ref idref="fl-2"/>
      </object_component>
      <object_component id="oc-190">
         <name>.text.DL_UART_setOversampling</name>
         <load_address>0x3bb4</load_address>
         <readonly>true</readonly>
         <executable>true</executable>
         <run_address>0x3bb4</run_address>
         <size>0x1e</size>
         <alignment>0x2</alignment>
         <input_file_ref idref="fl-2"/>
      </object_component>
      <object_component id="oc-257">
         <name>.text.__ashldi3</name>
         <load_address>0x3bd4</load_address>
         <readonly>true</readonly>
         <executable>true</executable>
         <run_address>0x3bd4</run_address>
         <size>0x1e</size>
         <alignment>0x4</alignment>
         <input_file_ref idref="fl-129"/>
      </object_component>
      <object_component id="oc-6f">
         <name>.text.DL_GPIO_clearInterruptStatus</name>
         <load_address>0x3bf4</load_address>
         <readonly>true</readonly>
         <executable>true</executable>
         <run_address>0x3bf4</run_address>
         <size>0x1c</size>
         <alignment>0x4</alignment>
         <input_file_ref idref="fl-6"/>
      </object_component>
      <object_component id="oc-165">
         <name>.text.DL_GPIO_clearInterruptStatus</name>
         <load_address>0x3c10</load_address>
         <readonly>true</readonly>
         <executable>true</executable>
         <run_address>0x3c10</run_address>
         <size>0x1c</size>
         <alignment>0x4</alignment>
         <input_file_ref idref="fl-2"/>
      </object_component>
      <object_component id="oc-15d">
         <name>.text.DL_GPIO_enableHiZ</name>
         <load_address>0x3c2c</load_address>
         <readonly>true</readonly>
         <executable>true</executable>
         <run_address>0x3c2c</run_address>
         <size>0x1c</size>
         <alignment>0x4</alignment>
         <input_file_ref idref="fl-2"/>
      </object_component>
      <object_component id="oc-166">
         <name>.text.DL_GPIO_enableInterrupt</name>
         <load_address>0x3c48</load_address>
         <readonly>true</readonly>
         <executable>true</executable>
         <run_address>0x3c48</run_address>
         <size>0x1c</size>
         <alignment>0x4</alignment>
         <input_file_ref idref="fl-2"/>
      </object_component>
      <object_component id="oc-15a">
         <name>.text.DL_GPIO_initPeripheralOutputFunction</name>
         <load_address>0x3c64</load_address>
         <readonly>true</readonly>
         <executable>true</executable>
         <run_address>0x3c64</run_address>
         <size>0x1c</size>
         <alignment>0x4</alignment>
         <input_file_ref idref="fl-2"/>
      </object_component>
      <object_component id="oc-163">
         <name>.text.DL_GPIO_setLowerPinsPolarity</name>
         <load_address>0x3c80</load_address>
         <readonly>true</readonly>
         <executable>true</executable>
         <run_address>0x3c80</run_address>
         <size>0x1c</size>
         <alignment>0x4</alignment>
         <input_file_ref idref="fl-2"/>
      </object_component>
      <object_component id="oc-169">
         <name>.text.DL_SYSCTL_setSYSOSCFreq</name>
         <load_address>0x3c9c</load_address>
         <readonly>true</readonly>
         <executable>true</executable>
         <run_address>0x3c9c</run_address>
         <size>0x1c</size>
         <alignment>0x4</alignment>
         <input_file_ref idref="fl-2"/>
      </object_component>
      <object_component id="oc-177">
         <name>.text.DL_Timer_enableInterrupt</name>
         <load_address>0x3cb8</load_address>
         <readonly>true</readonly>
         <executable>true</executable>
         <run_address>0x3cb8</run_address>
         <size>0x1c</size>
         <alignment>0x4</alignment>
         <input_file_ref idref="fl-2"/>
      </object_component>
      <object_component id="oc-171">
         <name>.text.DL_Timer_setCaptCompUpdateMethod</name>
         <load_address>0x3cd4</load_address>
         <readonly>true</readonly>
         <executable>true</executable>
         <run_address>0x3cd4</run_address>
         <size>0x1c</size>
         <alignment>0x4</alignment>
         <input_file_ref idref="fl-21"/>
      </object_component>
      <object_component id="oc-16d">
         <name>.text.DL_Timer_setClockConfig</name>
         <load_address>0x3cf0</load_address>
         <readonly>true</readonly>
         <executable>true</executable>
         <run_address>0x3cf0</run_address>
         <size>0x1c</size>
         <alignment>0x4</alignment>
         <input_file_ref idref="fl-21"/>
      </object_component>
      <object_component id="oc-34">
         <name>.text.SysTick_Handler</name>
         <load_address>0x3d0c</load_address>
         <readonly>true</readonly>
         <executable>true</executable>
         <run_address>0x3d0c</run_address>
         <size>0x1c</size>
         <alignment>0x4</alignment>
         <input_file_ref idref="fl-10"/>
      </object_component>
      <object_component id="oc-28d">
         <name>.text.free_list_remove</name>
         <load_address>0x3d28</load_address>
         <readonly>true</readonly>
         <executable>true</executable>
         <run_address>0x3d28</run_address>
         <size>0x1c</size>
         <alignment>0x4</alignment>
         <input_file_ref idref="fl-4e"/>
      </object_component>
      <object_component id="oc-15b">
         <name>.text.DL_GPIO_enableOutput</name>
         <load_address>0x3d44</load_address>
         <readonly>true</readonly>
         <executable>true</executable>
         <run_address>0x3d44</run_address>
         <size>0x18</size>
         <alignment>0x4</alignment>
         <input_file_ref idref="fl-2"/>
      </object_component>
      <object_component id="oc-152">
         <name>.text.DL_GPIO_enablePower</name>
         <load_address>0x3d5c</load_address>
         <readonly>true</readonly>
         <executable>true</executable>
         <run_address>0x3d5c</run_address>
         <size>0x18</size>
         <alignment>0x4</alignment>
         <input_file_ref idref="fl-2"/>
      </object_component>
      <object_component id="oc-6d">
         <name>.text.DL_GPIO_getEnabledInterruptStatus</name>
         <load_address>0x3d74</load_address>
         <readonly>true</readonly>
         <executable>true</executable>
         <run_address>0x3d74</run_address>
         <size>0x18</size>
         <alignment>0x4</alignment>
         <input_file_ref idref="fl-6"/>
      </object_component>
      <object_component id="oc-161">
         <name>.text.DL_GPIO_initDigitalOutput</name>
         <load_address>0x3d8c</load_address>
         <readonly>true</readonly>
         <executable>true</executable>
         <run_address>0x3d8c</run_address>
         <size>0x18</size>
         <alignment>0x4</alignment>
         <input_file_ref idref="fl-2"/>
      </object_component>
      <object_component id="oc-14e">
         <name>.text.DL_GPIO_reset</name>
         <load_address>0x3da4</load_address>
         <readonly>true</readonly>
         <executable>true</executable>
         <run_address>0x3da4</run_address>
         <size>0x18</size>
         <alignment>0x4</alignment>
         <input_file_ref idref="fl-2"/>
      </object_component>
      <object_component id="oc-10b">
         <name>.text.DL_GPIO_setPins</name>
         <load_address>0x3dbc</load_address>
         <readonly>true</readonly>
         <executable>true</executable>
         <run_address>0x3dbc</run_address>
         <size>0x18</size>
         <alignment>0x4</alignment>
         <input_file_ref idref="fl-5"/>
      </object_component>
      <object_component id="oc-253">
         <name>.text.DL_GPIO_setPins</name>
         <load_address>0x3dd4</load_address>
         <readonly>true</readonly>
         <executable>true</executable>
         <run_address>0x3dd4</run_address>
         <size>0x18</size>
         <alignment>0x4</alignment>
         <input_file_ref idref="fl-d"/>
      </object_component>
      <object_component id="oc-162">
         <name>.text.DL_GPIO_setPins</name>
         <load_address>0x3dec</load_address>
         <readonly>true</readonly>
         <executable>true</executable>
         <run_address>0x3dec</run_address>
         <size>0x18</size>
         <alignment>0x4</alignment>
         <input_file_ref idref="fl-2"/>
      </object_component>
[...]
         <value>0x1915</value>
         <object_component_ref idref="oc-16e"/>
      </symbol>
      <symbol id="sm-259">
         <name>DL_UART_init</name>
         <value>0x3215</value>
         <object_component_ref idref="oc-18f"/>
      </symbol>
      <symbol id="sm-25a">
         <name>DL_UART_setClockConfig</name>
         <value>0x4125</value>
         <object_component_ref idref="oc-189"/>
      </symbol>
      <symbol id="sm-26f">
         <name>printf</name>
         <value>0x2cd9</value>
         <object_component_ref idref="oc-a5"/>
      </symbol>
      <symbol id="sm-2b8">
         <name>__TI_printfi</name>
         <value>0xc1</value>
         <object_component_ref idref="oc-138"/>
      </symbol>
      <symbol id="sm-2ca">
         <name>vsnprintf</name>
         <value>0x33ed</value>
         <object_component_ref idref="oc-11c"/>
      </symbol>
      <symbol id="sm-2d5">
         <name>fputc</name>
         <value>0x23f1</value>
         <object_component_ref idref="oc-148"/>
      </symbol>
      <symbol id="sm-2e0">
         <name>fputs</name>
         <value>0x1b15</value>
         <object_component_ref idref="oc-142"/>
      </symbol>
      <symbol id="sm-2ea">
         <name>__TI_wrt_ok</name>
         <value>0x2a93</value>
         <object_component_ref idref="oc-1d7"/>
      </symbol>
      <symbol id="sm-2f4">
         <name>setvbuf</name>
         <value>0x1ec1</value>
         <object_component_ref idref="oc-246"/>
      </symbol>
      <symbol id="sm-2ff">
         <name>__aeabi_errno_addr</name>
         <value>0x2519</value>
         <object_component_ref idref="oc-1c1"/>
      </symbol>
      <symbol id="sm-300">
         <name>__aeabi_errno</name>
         <value>0x20200c70</value>
         <object_component_ref idref="oc-203"/>
      </symbol>
      <symbol id="sm-30e">
         <name>abort</name>
         <value>0x4261</value>
         <object_component_ref idref="oc-d0"/>
      </symbol>
      <symbol id="sm-30f">
         <name>__TI_cleanup_ptr</name>
         <value>0x20200c58</value>
         <object_component_ref idref="oc-129"/>
      </symbol>
      <symbol id="sm-310">
         <name>__TI_dtors_ptr</name>
         <value>0x20200c5c</value>
         <object_component_ref idref="oc-129"/>
      </symbol>
      <symbol id="sm-311">
         <name>exit</name>
         <value>0x3709</value>
         <object_component_ref idref="oc-d5"/>
      </symbol>
      <symbol id="sm-31a">
         <name>_nop</name>
         <value>0x234f</value>
         <object_component_ref idref="oc-139"/>
      </symbol>
      <symbol id="sm-31b">
         <name>_lock</name>
         <value>0x20200c74</value>
         <object_component_ref idref="oc-f1"/>
      </symbol>
      <symbol id="sm-31c">
         <name>_unlock</name>
         <value>0x20200c78</value>
         <object_component_ref idref="oc-f7"/>
      </symbol>
      <symbol id="sm-325">
         <name>__TI_ltoa</name>
         <value>0x2e3d</value>
         <object_component_ref idref="oc-21d"/>
      </symbol>
      <symbol id="sm-330">
         <name>atoi</name>
         <value>0x33ad</value>
         <object_component_ref idref="oc-1b9"/>
      </symbol>
      <symbol id="sm-335">
         <name>_ftable</name>
         <value>0x20200aa0</value>
         <object_component_ref idref="oc-f3"/>
      </symbol>
      <symbol id="sm-336">
         <name>__TI_ft_end</name>
         <value>0x20200c6c</value>
         <object_component_ref idref="oc-29a"/>
      </symbol>
      <symbol id="sm-337">
         <name>__TI_tmpnams</name>
         <value>0x202009dc</value>
         <object_component_ref idref="oc-2c9"/>
      </symbol>
      <symbol id="sm-340">
         <name>memccpy</name>
         <value>0x3b71</value>
         <object_component_ref idref="oc-1b2"/>
      </symbol>
      <symbol id="sm-364">
         <name>malloc</name>
         <value>0x41fd</value>
         <object_component_ref idref="oc-279"/>
      </symbol>
      <symbol id="sm-365">
         <name>aligned_alloc</name>
         <value>0x15ed</value>
         <object_component_ref idref="oc-293"/>
      </symbol>
      <symbol id="sm-366">
         <name>free</name>
         <value>0x1cf5</value>
         <object_component_ref idref="oc-273"/>
      </symbol>
      <symbol id="sm-367">
         <name>_sys_memory</name>
         <value>0x20200000</value>
         <object_component_ref idref="oc-290"/>
      </symbol>
      <symbol id="sm-368">
         <name>memalign</name>
         <value>0x15ed</value>
         <object_component_ref idref="oc-293"/>
      </symbol>
      <symbol id="sm-373">
         <name>_c_int00_noargs</name>
         <value>0x3ab1</value>
         <object_component_ref idref="oc-63"/>
      </symbol>
      <symbol id="sm-374">
         <name>__stack</name>
         <value>0x20207e00</value>
         <object_component_ref idref="oc-1a"/>
      </symbol>
      <symbol id="sm-380">
         <name>__TI_auto_init_nobinit_nopinit</name>
         <value>0x3559</value>
         <object_component_ref idref="oc-d7"/>
      </symbol>
      <symbol id="sm-388">
         <name>_system_pre_init</name>
         <value>0x4273</value>
         <object_component_ref idref="oc-8a"/>
      </symbol>
      <symbol id="sm-393">
         <name>__TI_zero_init_nomemset</name>
         <value>0x400f</value>
         <object_component_ref idref="oc-5a"/>
      </symbol>
      <symbol id="sm-39c">
         <name>__TI_decompress_none</name>
         <value>0x4149</value>
         <object_component_ref idref="oc-20"/>
      </symbol>
      <symbol id="sm-3a7">
         <name>__TI_decompress_lzss</name>
         <value>0x2725</value>
         <object_component_ref idref="oc-1c"/>
      </symbol>
      <symbol id="sm-3b1">
         <name>frexp</name>
         <value>0x2c7d</value>
         <object_component_ref idref="oc-211"/>
      </symbol>
      <symbol id="sm-3b2">
         <name>frexpl</name>
         <value>0x2c7d</value>
         <object_component_ref idref="oc-211"/>
      </symbol>
      <symbol id="sm-3bc">
         <name>scalbn</name>
         <value>0x1fa1</value>
         <object_component_ref idref="oc-215"/>
      </symbol>
      <symbol id="sm-3bd">
         <name>ldexp</name>
         <value>0x1fa1</value>
         <object_component_ref idref="oc-215"/>
      </symbol>
      <symbol id="sm-3be">
         <name>scalbnl</name>
         <value>0x1fa1</value>
         <object_component_ref idref="oc-215"/>
      </symbol>
      <symbol id="sm-3bf">
         <name>ldexpl</name>
         <value>0x1fa1</value>
         <object_component_ref idref="oc-215"/>
      </symbol>
      <symbol id="sm-3c8">
         <name>wcslen</name>
         <value>0x417d</value>
         <object_component_ref idref="oc-1bd"/>
      </symbol>
      <symbol id="sm-3d3">
         <name>__TI_doflush</name>
         <value>0x2f9b</value>
         <object_component_ref idref="oc-1e1"/>
      </symbol>
      <symbol id="sm-3de">
         <name>__TI_cleanup</name>
         <value>0x366d</value>
         <object_component_ref idref="oc-27a"/>
      </symbol>
      <symbol id="sm-3eb">
         <name>fseek</name>
         <value>0x4251</value>
         <object_component_ref idref="oc-240"/>
      </symbol>
      <symbol id="sm-3ec">
         <name>fseeko</name>
         <value>0x28ed</value>
         <object_component_ref idref="oc-270"/>
      </symbol>
      <symbol id="sm-3ed">
         <name>__aeabi_ctype_table_</name>
         <value>0x4870</value>
         <object_component_ref idref="oc-1fc"/>
      </symbol>
      <symbol id="sm-3ee">
         <name>__aeabi_ctype_table_C</name>
         <value>0x4870</value>
         <object_component_ref idref="oc-1fc"/>
      </symbol>
      <symbol id="sm-3fa">
         <name>__TI_closefile</name>
         <value>0x26a9</value>
         <object_component_ref idref="oc-294"/>
      </symbol>
      <symbol id="sm-402">
         <name>HOSTexit</name>
         <value>0x426b</value>
         <object_component_ref idref="oc-123"/>
      </symbol>
      <symbol id="sm-403">
         <name>C$$EXIT</name>
         <value>0x426a</value>
         <object_component_ref idref="oc-123"/>
      </symbol>
      <symbol id="sm-40d">
         <name>write</name>
         <value>0x3a89</value>
         <object_component_ref idref="oc-1dd"/>
      </symbol>
      <symbol id="sm-412">
         <name>_device</name>
         <value>0x20200b90</value>
         <object_component_ref idref="oc-283"/>
      </symbol>
      <symbol id="sm-413">
         <name>_stream</name>
         <value>0x20200c08</value>
         <object_component_ref idref="oc-24c"/>
      </symbol>
      <symbol id="sm-41c">
         <name>remove</name>
         <value>0x4259</value>
         <object_component_ref idref="oc-2c5"/>
      </symbol>
      <symbol id="sm-427">
         <name>lseek</name>
         <value>0x3a61</value>
         <object_component_ref idref="oc-289"/>
      </symbol>
      <symbol id="sm-431">
         <name>close</name>
         <value>0x30e1</value>
         <object_component_ref idref="oc-2c1"/>
      </symbol>
      <symbol id="sm-43b">
         <name>unlink</name>
         <value>0x3919</value>
         <object_component_ref idref="oc-2ed"/>
      </symbol>
      <symbol id="sm-445">
         <name>HOSTclose</name>
         <value>0x325d</value>
         <object_component_ref idref="oc-2a1"/>
      </symbol>
      <symbol id="sm-44f">
         <name>HOSTlseek</name>
         <value>0x2815</value>
         <object_component_ref idref="oc-2ad"/>
      </symbol>
      <symbol id="sm-459">
         <name>HOSTopen</name>
         <value>0x2bc1</value>
         <object_component_ref idref="oc-29d"/>
      </symbol>
      <symbol id="sm-45a">
         <name>parmbuf</name>
         <value>0x20200a7c</value>
         <object_component_ref idref="oc-2d3"/>
      </symbol>
      <symbol id="sm-464">
         <name>HOSTread</name>
         <value>0x2d35</value>
         <object_component_ref idref="oc-2a5"/>
      </symbol>
      <symbol id="sm-475">
         <name>HOSTrename</name>
         <value>0x2881</value>
         <object_component_ref idref="oc-2b5"/>
      </symbol>
      <symbol id="sm-47f">
         <name>HOSTunlink</name>
         <value>0x32a5</value>
         <object_component_ref idref="oc-2b1"/>
      </symbol>
      <symbol id="sm-489">
         <name>HOSTwrite</name>
         <value>0x2d8d</value>
         <object_component_ref idref="oc-2a9"/>
      </symbol>
      <symbol id="sm-497">
         <name>C$$IO$$</name>
         <value>0x3701</value>
         <object_component_ref idref="oc-2cc"/>
      </symbol>
      <symbol id="sm-498">
         <name>__TI_writemsg</name>
         <value>0x36d5</value>
         <object_component_ref idref="oc-2cc"/>
      </symbol>
      <symbol id="sm-499">
         <name>__CIOBUF_</name>
         <value>0x20200800</value>
         <object_component_ref idref="oc-2f4"/>
      </symbol>
      <symbol id="sm-49a">
         <name>__TI_readmsg</name>
         <value>0x36a1</value>
         <object_component_ref idref="oc-2d2"/>
      </symbol>
      <symbol id="sm-49b">
         <name>_CIOBUF_</name>
         <value>0x20200800</value>
         <object_component_ref idref="oc-2f4"/>
      </symbol>
      <symbol id="sm-4a1">
         <name>__aeabi_dadd</name>
         <value>0x1093</value>
         <object_component_ref idref="oc-23a"/>
      </symbol>
      <symbol id="sm-4a2">
         <name>__adddf3</name>
         <value>0x1093</value>
         <object_component_ref idref="oc-23a"/>
      </symbol>
      <symbol id="sm-4a3">
         <name>__aeabi_dsub</name>
         <value>0x1089</value>
         <object_component_ref idref="oc-23a"/>
      </symbol>
      <symbol id="sm-4a4">
         <name>__subdf3</name>
         <value>0x1089</value>
         <object_component_ref idref="oc-23a"/>
      </symbol>
      <symbol id="sm-4ad">
         <name>__aeabi_dmul</name>
         <value>0x1ddd</value>
         <object_component_ref idref="oc-226"/>
      </symbol>
      <symbol id="sm-4ae">
         <name>__muldf3</name>
         <value>0x1ddd</value>
         <object_component_ref idref="oc-226"/>
      </symbol>
      <symbol id="sm-4b4">
         <name>__muldsi3</name>
         <value>0x3595</value>
         <object_component_ref idref="oc-207"/>
      </symbol>
      <symbol id="sm-4ba">
         <name>__aeabi_ddiv</name>
         <value>0x1701</value>
         <object_component_ref idref="oc-236"/>
      </symbol>
      <symbol id="sm-4bb">
         <name>__divdf3</name>
         <value>0x1701</value>
         <object_component_ref idref="oc-236"/>
      </symbol>
      <symbol id="sm-4c1">
         <name>__aeabi_d2iz</name>
         <value>0x31c9</value>
         <object_component_ref idref="oc-219"/>
      </symbol>
      <symbol id="sm-4c2">
         <name>__fixdfsi</name>
         <value>0x31c9</value>
         <object_component_ref idref="oc-219"/>
      </symbol>
      <symbol id="sm-4c8">
         <name>__aeabi_i2d</name>
         <value>0x38c1</value>
         <object_component_ref idref="oc-221"/>
      </symbol>
      <symbol id="sm-4c9">
         <name>__floatsidf</name>
         <value>0x38c1</value>
         <object_component_ref idref="oc-221"/>
      </symbol>
      <symbol id="sm-4cf">
         <name>__aeabi_i2f</name>
         <value>0x34e1</value>
         <object_component_ref idref="oc-c1"/>
      </symbol>
      <symbol id="sm-4d0">
         <name>__floatsisf</name>
         <value>0x34e1</value>
         <object_component_ref idref="oc-c1"/>
      </symbol>
      <symbol id="sm-4d6">
         <name>__aeabi_lmul</name>
         <value>0x3b4d</value>
         <object_component_ref idref="oc-1c6"/>
      </symbol>
      <symbol id="sm-4d7">
         <name>__muldi3</name>
         <value>0x3b4d</value>
         <object_component_ref idref="oc-1c6"/>
      </symbol>
      <symbol id="sm-4dd">
         <name>__aeabi_dcmpeq</name>
         <value>0x2b5d</value>
         <object_component_ref idref="oc-1d0"/>
      </symbol>
      <symbol id="sm-4de">
         <name>__aeabi_dcmplt</name>
         <value>0x2b71</value>
         <object_component_ref idref="oc-1d0"/>
      </symbol>
      <symbol id="sm-4df">
         <name>__aeabi_dcmple</name>
         <value>0x2b85</value>
         <object_component_ref idref="oc-1d0"/>
      </symbol>
      <symbol id="sm-4e0">
         <name>__aeabi_dcmpge</name>
         <value>0x2b99</value>
         <object_component_ref idref="oc-1d0"/>
      </symbol>
      <symbol id="sm-4e1">
         <name>__aeabi_dcmpgt</name>
         <value>0x2bad</value>
         <object_component_ref idref="oc-1d0"/>
      </symbol>
      <symbol id="sm-4e7">
         <name>__aeabi_idiv</name>
         <value>0x2f45</value>
         <object_component_ref idref="oc-263"/>
      </symbol>
      <symbol id="sm-4e8">
         <name>__aeabi_idivmod</name>
         <value>0x2f45</value>
         <object_component_ref idref="oc-263"/>
      </symbol>
      <symbol id="sm-4ee">
         <name>__aeabi_memcpy</name>
         <value>0x4239</value>
         <object_component_ref idref="oc-53"/>
      </symbol>
      <symbol id="sm-4ef">
         <name>__aeabi_memcpy4</name>
         <value>0x4239</value>
         <object_component_ref idref="oc-53"/>
      </symbol>
      <symbol id="sm-4f0">
         <name>__aeabi_memcpy8</name>
         <value>0x4239</value>
         <object_component_ref idref="oc-53"/>
      </symbol>
      <symbol id="sm-4f9">
         <name>__aeabi_memset</name>
         <value>0x419d</value>
         <object_component_ref idref="oc-1b1"/>
      </symbol>
      <symbol id="sm-4fa">
         <name>__aeabi_memset4</name>
         <value>0x419d</value>
         <object_component_ref idref="oc-1b1"/>
      </symbol>
      <symbol id="sm-4fb">
         <name>__aeabi_memset8</name>
         <value>0x419d</value>
         <object_component_ref idref="oc-1b1"/>
      </symbol>
      <symbol id="sm-4fc">
         <name>__aeabi_memclr</name>
         <value>0x41f1</value>
         <object_component_ref idref="oc-85"/>
      </symbol>
      <symbol id="sm-4fd">
         <name>__aeabi_memclr4</name>
         <value>0x41f1</value>
         <object_component_ref idref="oc-85"/>
      </symbol>
      <symbol id="sm-4fe">
         <name>__aeabi_memclr8</name>
         <value>0x41f1</value>
         <object_component_ref idref="oc-85"/>
      </symbol>
      <symbol id="sm-504">
         <name>__aeabi_uidiv</name>
         <value>0x336d</value>
         <object_component_ref idref="oc-112"/>
      </symbol>
      <symbol id="sm-505">
         <name>__aeabi_uidivmod</name>
         <value>0x336d</value>
         <object_component_ref idref="oc-112"/>
      </symbol>
      <symbol id="sm-50b">
         <name>__aeabi_uldivmod</name>
         <value>0x40d9</value>
         <object_component_ref idref="oc-1cb"/>
      </symbol>
      <symbol id="sm-511">
         <name>__udivmoddi4</name>
         <value>0x22ad</value>
         <object_component_ref idref="oc-20c"/>
      </symbol>
      <symbol id="sm-517">
         <name>__aeabi_llsl</name>
         <value>0x3bd5</value>
         <object_component_ref idref="oc-257"/>
      </symbol>
      <symbol id="sm-518">
         <name>__ashldi3</name>
         <value>0x3bd5</value>
         <object_component_ref idref="oc-257"/>
      </symbol>
      <symbol id="sm-526">
         <name>__ledf2</name>
         <value>0x29c5</value>
         <object_component_ref idref="oc-22e"/>
      </symbol>
      <symbol id="sm-527">
         <name>__gedf2</name>
         <value>0x27a1</value>
         <object_component_ref idref="oc-234"/>
      </symbol>
      <symbol id="sm-528">
         <name>__cmpdf2</name>
         <value>0x29c5</value>
         <object_component_ref idref="oc-22e"/>
      </symbol>
      <symbol id="sm-529">
         <name>__eqdf2</name>
         <value>0x29c5</value>
         <object_component_ref idref="oc-22e"/>
      </symbol>
      <symbol id="sm-52a">
         <name>__ltdf2</name>
         <value>0x29c5</value>
         <object_component_ref idref="oc-22e"/>
      </symbol>
      <symbol id="sm-52b">
         <name>__nedf2</name>
         <value>0x29c5</value>
         <object_component_ref idref="oc-22e"/>
      </symbol>
      <symbol id="sm-52c">
         <name>__gtdf2</name>
         <value>0x27a1</value>
         <object_component_ref idref="oc-234"/>
      </symbol>
      <symbol id="sm-539">
         <name>__aeabi_idiv0</name>
         <value>0x121b</value>
         <object_component_ref idref="oc-19f"/>
      </symbol>
      <symbol id="sm-53a">
         <name>__aeabi_ldiv0</name>
         <value>0x22ab</value>
         <object_component_ref idref="oc-256"/>
      </symbol>
      <symbol id="sm-548">
         <name>finddevice</name>
         <value>0x373d</value>
         <object_component_ref idref="oc-300"/>
      </symbol>
      <symbol id="sm-549">
         <name>getdevice</name>
         <value>0x2959</value>
         <object_component_ref idref="oc-2f7"/>
      </symbol>
      <symbol id="sm-552">
         <name>TI_memcpy_small</name>
         <value>0x4137</value>
         <object_component_ref idref="oc-9b"/>
      </symbol>
      <symbol id="sm-55b">
         <name>TI_memset_small</name>
         <value>0x41d5</value>
         <object_component_ref idref="oc-ea"/>
      </symbol>
      <symbol id="sm-563">
         <name>strcmp</name>
         <value>0x2521</value>
         <object_component_ref idref="oc-303"/>
      </symbol>
      <symbol id="sm-564">
         <name>__TI_static_base__</name>
         <value>0x0</value>
      </symbol>
      <symbol id="sm-568">
         <name>__mpu_init</name>
         <value>0x0</value>
      </symbol>
      <symbol id="sm-569">
         <name>_system_post_cinit</name>
         <value>0x0</value>
      </symbol>
   </symbol_table>
   <title>Link successful</title>
</link_info>
