******************************************************************************
            TI ARM Clang Linker PC v4.0.2                      
******************************************************************************
>> Linked Mon Jul 21 15:45:54 2025

OUTPUT FILE NAME:   <MSPM0 balance car.out>
ENTRY POINT SYMBOL: "_c_int00_noargs"  address: 00004a31


MEMORY CONFIGURATION

         name            origin    length      used     unused   attr    fill
----------------------  --------  ---------  --------  --------  ----  --------
  FLASH                 00000000   00020000  00005bb8  0001a448  R  X
  SRAM                  20200000   00008000  00000f35  000070cb  RW X
  BCR_CONFIG            41c00000   000000ff  00000000  000000ff  R   
  BSL_CONFIG            41c00100   00000080  00000000  00000080  R   


SEGMENT ALLOCATION MAP

run origin  load origin   length   init length attrs members
----------  ----------- ---------- ----------- ----- -------
00000000    00000000    00005bb8   00005bb8    r-x
  00000000    00000000    000000c0   000000c0    r-- .intvecs
  000000c0    000000c0    000052c0   000052c0    r-x .text
  00005380    00005380    00000790   00000790    r-- .rodata
  00005b10    00005b10    000000a8   000000a8    r-- .cinit
20200000    20200000    00000d35   00000000    rw-
  20200000    20200000    00000800   00000000    rw- .sysmem
  20200800    20200800    000002e4   00000000    rw- .bss
  20200ae4    20200ae4    00000251   00000000    rw- .data
20207e00    20207e00    00000200   00000000    rw-
  20207e00    20207e00    00000200   00000000    rw- .stack


SECTION ALLOCATION MAP

 output                                  attributes/
section   page    origin      length       input sections
--------  ----  ----------  ----------   ----------------
.intvecs   0    00000000    000000c0     
                  00000000    000000c0     startup_mspm0g350x_ticlang.o (.intvecs)

.text      0    000000c0    000052c0     
                  000000c0    000009d0     libc.a : _printfi.c.obj (.text:__TI_printfi)
                  00000a90    00000368     interrupt.o (.text.UART2_IRQHandler)
                  00000df8    000002b4     sys.o (.text.GROUP1_IRQHandler)
                  000010ac    00000220     libc.a : _printfi.c.obj (.text._pconv_a)
                  000012cc    000001dc            : _printfi.c.obj (.text._pconv_g)
                  000014a8    000001bc     ti_msp_dl_config.o (.text.SYSCFG_DL_GPIO_init)
                  00001664    00000192     libclang_rt.builtins.a : adddf3.S.obj (.text.adddf3_subdf3)
                  000017f6    00000002                            : aeabi_div0.c.obj (.text.__aeabi_idiv0)
                  000017f8    0000016c     OLED.o (.text.OLED_ShowFloatNum)
                  00001964    0000013c     libc.a : _printfi.c.obj (.text.fcvt)
                  00001aa0    00000120            : _printfi.c.obj (.text._pconv_e)
                  00001bc0    00000114            : memory.c.obj (.text.aligned_alloc)
                  00001cd4    0000010c     libclang_rt.builtins.a : divdf3.S.obj (.text.__divdf3)
                  00001de0    00000108     Control.o (.text.Control_speed)
                  00001ee8    00000104     driverlib.a : dl_timer.o (.text.DL_Timer_initFourCCPWMMode)
                  00001fec    000000fc     OLED.o (.text.OLED_Init_Custom)
                  000020e8    000000f8     libc.a : fputs.c.obj (.text.fputs)
                  000021e0    000000e8     driverlib.a : dl_timer.o (.text.DL_Timer_initTimerMode)
                  000022c8    000000e8     sys.o (.text.TIMG0_IRQHandler)
                  000023b0    000000e8     libc.a : memory.c.obj (.text.free)
                  00002498    000000e4     libclang_rt.builtins.a : muldf3.S.obj (.text.__muldf3)
                  0000257c    000000e0     libc.a : setvbuf.c.obj (.text.setvbuf)
                  0000265c    000000d8     empty.o (.text.main)
                  00002734    000000d8     libc.a : s_scalbn.c.obj (.text.scalbn)
                  0000280c    000000d8     libclang_rt.builtins.a : addsf3.S.obj (.text)
                  000028e4    000000c2     pid.o (.text.Turn_Pid)
                  000029a6    000000b6     pid.o (.text.FeedbackControl)
                  00002a5c    000000b4     OLED.o (.text.OLED_ShowChar)
                  00002b10    000000ae     OLED.o (.text.OLED_ShowSignedNum)
                  00002bbe    00000002     libclang_rt.builtins.a : aeabi_div0.c.obj (.text.__aeabi_ldiv0)
                  00002bc0    000000a2                            : udivmoddi4.S.obj (.text)
                  00002c62    00000002     libc.a : _lock.c.obj (.text._nop)
                  00002c64    000000a0     OLED.o (.text.OLED_I2C_SendByte)
                  00002d04    0000009c     libc.a : fputc.c.obj (.text.fputc)
                  00002da0    0000008c     ti_msp_dl_config.o (.text.SYSCFG_DL_PWM_init)
                  00002e2c    0000008c     ti_msp_dl_config.o (.text.SYSCFG_DL_initPower)
                  00002eb8    0000008c     libclang_rt.builtins.a : mulsf3.S.obj (.text.__mulsf3)
                  00002f44    0000000c     ti_msp_dl_config.o (.text.SYSCFG_DL_SYSTICK_init)
                  00002f50    00000088     libc.a : strcmp-armv6m.S.obj (.text:strcmp)
                  00002fd8    00000084     ti_msp_dl_config.o (.text.__NVIC_SetPriority)
                  0000305c    00000084     pid.o (.text.mithon_run)
                  000030e0    00000082     libclang_rt.builtins.a : divsf3.S.obj (.text.__divsf3)
                  00003162    00000002     --HOLE-- [fill = 0]
                  00003164    0000007c     libc.a : fclose.c.obj (.text.__TI_closefile)
                  000031e0    0000007c            : copy_decompress_lzss.c.obj (.text:decompress:lzss)
                  0000325c    00000074     libclang_rt.builtins.a : comparedf2.c.obj (.text.__gedf2)
                  000032d0    00000074                            : truncdfsf2.S.obj (.text.__truncdfsf2)
                  00003344    0000006c     libsysbm.a : hostlseek.c.obj (.text.HOSTlseek)
                  000033b0    0000006c                : hostrename.c.obj (.text.HOSTrename)
                  0000341c    0000006c     libc.a : fseek.c.obj (.text.fseeko)
                  00003488    0000006c            : getdevice.c.obj (.text.getdevice)
                  000034f4    00000068     ti_msp_dl_config.o (.text.SYSCFG_DL_UART_WIT_init)
                  0000355c    00000068     libclang_rt.builtins.a : comparedf2.c.obj (.text.__ledf2)
                  000035c4    00000066     libc.a : _printfi.c.obj (.text._mcpy)
                  0000362a    00000064            : _io_perm.c.obj (.text.__TI_wrt_ok)
                  0000368e    00000002     --HOLE-- [fill = 0]
                  00003690    00000064            : memory.c.obj (.text.split)
                  000036f4    00000062     libclang_rt.builtins.a : aeabi_dcmp.S.obj (.text.__aeabi_dcmp)
                  00003756    00000002     --HOLE-- [fill = 0]
                  00003758    00000062                            : aeabi_fcmp.S.obj (.text.__aeabi_fcmp)
                  000037ba    00000002     --HOLE-- [fill = 0]
                  000037bc    00000060     libsysbm.a : hostopen.c.obj (.text.HOSTopen)
                  0000381c    0000005c     libc.a : s_frexp.c.obj (.text.frexp)
                  00003878    0000005c            : printf.c.obj (.text.printf)
                  000038d4    00000058     libsysbm.a : hostread.c.obj (.text.HOSTread)
                  0000392c    00000058                : hostwrite.c.obj (.text.HOSTwrite)
                  00003984    00000058     ti_msp_dl_config.o (.text.SYSCFG_DL_I2C_MPU6050_init)
                  000039dc    00000058     libc.a : _ltoa.c.obj (.text.__TI_ltoa)
                  00003a34    00000058            : _printfi.c.obj (.text._pconv_f)
                  00003a8c    00000056     OLED.o (.text.OLED_Clear)
                  00003ae2    00000002     --HOLE-- [fill = 0]
                  00003ae4    00000056     libclang_rt.builtins.a : aeabi_idivmod.S.obj (.text.__aeabi_idivmod)
                  00003b3a    00000002     --HOLE-- [fill = 0]
                  00003b3c    00000054     driverlib.a : dl_uart.o (.text.DL_UART_drainRXFIFO)
                  00003b90    00000052     libc.a : fflush.c.obj (.text.__TI_doflush)
                  00003be2    00000052            : _printfi.c.obj (.text._ecpy)
                  00003c34    00000050     OLED.o (.text.OLED_I2C_Start)
                  00003c84    00000050     ti_msp_dl_config.o (.text.SysTick_Config)
                  00003cd4    00000050     libsysbm.a : close.c.obj (.text.close)
                  00003d24    0000004c     driverlib.a : dl_dma.o (.text.DL_DMA_initChannel)
                  00003d70    0000004c     ti_msp_dl_config.o (.text.DL_UART_setBaudRateDivisor)
                  00003dbc    0000004a     OLED.o (.text.OLED_ShowString)
                  00003e06    00000002     --HOLE-- [fill = 0]
                  00003e08    0000004a     libclang_rt.builtins.a : fixdfsi.S.obj (.text.__fixdfsi)
                  00003e52    00000002     --HOLE-- [fill = 0]
                  00003e54    00000048     driverlib.a : dl_uart.o (.text.DL_UART_init)
                  00003e9c    00000048     libsysbm.a : hostclose.c.obj (.text.HOSTclose)
                  00003ee4    00000048                : hostunlink.c.obj (.text.HOSTunlink)
                  00003f2c    00000044     HCSR04.o (.text.Get_TIMER_Count)
                  00003f70    00000044     wit.o (.text.WIT_Init)
                  00003fb4    00000042     libclang_rt.builtins.a : fixunsdfsi.S.obj (.text.__fixunsdfsi)
                  00003ff6    00000002     --HOLE-- [fill = 0]
                  00003ff8    00000040     OLED.o (.text.OLED_I2C_Stop)
                  00004038    00000040     ti_msp_dl_config.o (.text.SYSCFG_DL_UART_0_init)
                  00004078    00000040     libclang_rt.builtins.a : aeabi_uidivmod.S.obj (.text.__aeabi_uidivmod)
                  000040b8    00000040                            : extendsfdf2.S.obj (.text.__extendsfdf2)
                  000040f8    00000040     libc.a : atoi.c.obj (.text.atoi)
                  00004138    00000040            : vsnprintf.c.obj (.text.vsnprintf)
                  00004178    0000003c     ti_msp_dl_config.o (.text.DL_GPIO_initPeripheralInputFunctionFeatures)
                  000041b4    0000003c     ti_msp_dl_config.o (.text.DL_Timer_setCounterControl)
                  000041f0    0000003c     libclang_rt.builtins.a : floatsisf.S.obj (.text.__floatsisf)
                  0000422c    0000003c                            : comparesf2.S.obj (.text.__gtsf2)
                  00004268    0000003c     Serial.o (.text.uart0_send_string)
                  000042a4    0000003c     libc.a : autoinit.c.obj (.text:__TI_auto_init_nobinit_nopinit)
                  000042e0    0000003a     libclang_rt.builtins.a : comparesf2.S.obj (.text.__eqsf2)
                  0000431a    00000002     --HOLE-- [fill = 0]
                  0000431c    0000003a                            : muldsi3.S.obj (.text.__muldsi3)
                  00004356    00000002     --HOLE-- [fill = 0]
                  00004358    00000038     ti_msp_dl_config.o (.text.SYSCFG_DL_init)
                  00004390    00000038     libclang_rt.builtins.a : fixsfsi.S.obj (.text.__fixsfsi)
                  000043c8    00000036     OLED.o (.text.OLED_SetCursor)
                  000043fe    00000002     --HOLE-- [fill = 0]
                  00004400    00000034     ti_msp_dl_config.o (.text.DL_GPIO_initDigitalInputFeatures)
                  00004434    00000034     ti_msp_dl_config.o (.text.SYSCFG_DL_TIMER_0_init)
                  00004468    00000034     libc.a : fopen.c.obj (.text.__TI_cleanup)
                  0000449c    00000034     libsysbm.a : trgmsg.c.obj (.text.__TI_readmsg)
                  000044d0    00000034                : trgmsg.c.obj (.text.__TI_writemsg)
                  00004504    00000034     libc.a : exit.c.obj (.text.exit)
                  00004538    00000034            : getdevice.c.obj (.text.finddevice)
                  0000456c    00000034     Serial.o (.text.uart0_printf)
                  000045a0    00000032     libclang_rt.builtins.a : fixunssfsi.S.obj (.text.__fixunssfsi)
                  000045d2    00000002     --HOLE-- [fill = 0]
                  000045d4    00000030     interrupt.o (.text.DL_DMA_setTransferSize)
                  00004604    00000030     wit.o (.text.DL_DMA_setTransferSize)
                  00004634    00000030     ti_msp_dl_config.o (.text.DL_GPIO_initDigitalOutputFeatures)
                  00004664    00000030     Serial.o (.text.UART0_IRQHandler)
                  00004694    00000030     libc.a : _printfi.c.obj (.text._fcpy)
                  000046c4    00000030            : vsnprintf.c.obj (.text._outs)
                  000046f4    0000002c     empty.o (.text.__NVIC_ClearPendingIRQ)
                  00004720    0000002c     empty.o (.text.__NVIC_EnableIRQ)
                  0000474c    0000002c     wit.o (.text.__NVIC_EnableIRQ)
                  00004778    0000002c     libclang_rt.builtins.a : floatsidf.S.obj (.text.__floatsidf)
                  000047a4    0000002c     Serial.o (.text.uart0_send_char)
                  000047d0    0000002c     libsysbm.a : unlink.c.obj (.text.unlink)
                  000047fc    0000002a     OLED.o (.text.OLED_WriteCommand)
                  00004826    0000002a     OLED.o (.text.OLED_WriteData)
                  00004850    00000028     ti_msp_dl_config.o (.text.DL_Common_updateReg)
                  00004878    00000028     interrupt.o (.text.DL_DMA_setDestAddr)
                  000048a0    00000028     wit.o (.text.DL_DMA_setDestAddr)
                  000048c8    00000028     wit.o (.text.DL_DMA_setSrcAddr)
                  000048f0    00000028     ti_msp_dl_config.o (.text.DL_I2C_setControllerRXFIFOThreshold)
                  00004918    00000028     ti_msp_dl_config.o (.text.DL_I2C_setControllerTXFIFOThreshold)
                  00004940    00000028     ti_msp_dl_config.o (.text.DL_UART_setRXFIFOThreshold)
                  00004968    00000028     OLED.o (.text.OLED_Pow)
                  00004990    00000028     libclang_rt.builtins.a : floatunsisf.S.obj (.text.__floatunsisf)
                  000049b8    00000028     libc.a : memory.c.obj (.text.free_list_insert)
                  000049e0    00000028     libsysbm.a : lseek.c.obj (.text.lseek)
                  00004a08    00000028                : write.c.obj (.text.write)
                  00004a30    00000028     libc.a : boot_cortex_m.c.obj (.text:_c_int00_noargs)
                  00004a58    00000026     interrupt.o (.text.DL_DMA_disableChannel)
                  00004a7e    00000026     interrupt.o (.text.DL_DMA_enableChannel)
                  00004aa4    00000026     wit.o (.text.DL_DMA_enableChannel)
                  00004aca    00000026     ti_msp_dl_config.o (.text.DL_I2C_setAnalogGlitchFilterPulseWidth)
                  00004af0    00000026     driverlib.a : dl_i2c.o (.text.DL_I2C_setClockConfig)
                  00004b16    00000026     ti_msp_dl_config.o (.text.SYSCFG_DL_SYSCTL_init)
                  00004b3c    00000024     interrupt.o (.text.DL_DMA_getTransferSize)
                  00004b60    00000024     ti_msp_dl_config.o (.text.DL_UART_setRXInterruptTimeout)
                  00004b84    00000024     libclang_rt.builtins.a : muldi3.S.obj (.text.__muldi3)
                  00004ba8    00000022     libc.a : memccpy.c.obj (.text.memccpy)
                  00004bca    00000002     --HOLE-- [fill = 0]
                  00004bcc    00000020     ti_msp_dl_config.o (.text.DL_GPIO_initPeripheralInputFunction)
                  00004bec    0000001e     ti_msp_dl_config.o (.text.DL_UART_setOversampling)
                  00004c0a    00000002     --HOLE-- [fill = 0]
                  00004c0c    0000001e     libclang_rt.builtins.a : ashldi3.S.obj (.text.__ashldi3)
                  00004c2a    00000002     --HOLE-- [fill = 0]
                  00004c2c    0000001c     sys.o (.text.DL_GPIO_clearInterruptStatus)
                  00004c48    0000001c     ti_msp_dl_config.o (.text.DL_GPIO_clearInterruptStatus)
                  00004c64    0000001c     sys.o (.text.DL_GPIO_disableInterrupt)
                  00004c80    0000001c     ti_msp_dl_config.o (.text.DL_GPIO_enableHiZ)
                  00004c9c    0000001c     ti_msp_dl_config.o (.text.DL_GPIO_enableInterrupt)
                  00004cb8    0000001c     ti_msp_dl_config.o (.text.DL_GPIO_initPeripheralOutputFunction)
                  00004cd4    0000001c     ti_msp_dl_config.o (.text.DL_GPIO_setLowerPinsPolarity)
                  00004cf0    0000001c     ti_msp_dl_config.o (.text.DL_SYSCTL_setSYSOSCFreq)
                  00004d0c    0000001c     ti_msp_dl_config.o (.text.DL_Timer_enableInterrupt)
                  00004d28    0000001c     driverlib.a : dl_timer.o (.text.DL_Timer_setCaptCompUpdateMethod)
                  00004d44    0000001c                 : dl_timer.o (.text.DL_Timer_setClockConfig)
                  00004d60    0000001c     ti_msp_dl_config.o (.text.DL_UART_enableInterrupt)
                  00004d7c    0000001c     interrupt.o (.text.SysTick_Handler)
                  00004d98    0000001c     libc.a : memory.c.obj (.text.free_list_remove)
                  00004db4    00000018     ti_msp_dl_config.o (.text.DL_GPIO_enableOutput)
                  00004dcc    00000018     ti_msp_dl_config.o (.text.DL_GPIO_enablePower)
                  00004de4    00000018     sys.o (.text.DL_GPIO_getEnabledInterruptStatus)
                  00004dfc    00000018     ti_msp_dl_config.o (.text.DL_GPIO_initDigitalOutput)
                  00004e14    00000018     ti_msp_dl_config.o (.text.DL_GPIO_reset)
                  00004e2c    00000018     Control.o (.text.DL_GPIO_setPins)
                  00004e44    00000018     OLED.o (.text.DL_GPIO_setPins)
                  00004e5c    00000018     ti_msp_dl_config.o (.text.DL_GPIO_setPins)
                  00004e74    00000018     ti_msp_dl_config.o (.text.DL_GPIO_setUpperPinsPolarity)
                  00004e8c    00000018     sys.o (.text.DL_GPIO_togglePins)
                  00004ea4    00000018     ti_msp_dl_config.o (.text.DL_I2C_enableAnalogGlitchFilter)
                  00004ebc    00000018     ti_msp_dl_config.o (.text.DL_I2C_enableController)
                  00004ed4    00000018     ti_msp_dl_config.o (.text.DL_I2C_enableControllerClockStretching)
                  00004eec    00000018     ti_msp_dl_config.o (.text.DL_I2C_enablePower)
                  00004f04    00000018     ti_msp_dl_config.o (.text.DL_I2C_reset)
                  00004f1c    00000018     ti_msp_dl_config.o (.text.DL_I2C_setTimerPeriod)
                  00004f34    00000018     ti_msp_dl_config.o (.text.DL_SYSCTL_setBORThreshold)
                  00004f4c    00000018     ti_msp_dl_config.o (.text.DL_Timer_enablePower)
                  00004f64    00000018     ti_msp_dl_config.o (.text.DL_Timer_reset)
                  00004f7c    00000018     driverlib.a : dl_timer.o (.text.DL_Timer_setCaptureCompareOutCtl)
                  00004f94    00000018     ti_msp_dl_config.o (.text.DL_UART_enableDMAReceiveEvent)
                  00004fac    00000018     ti_msp_dl_config.o (.text.DL_UART_enableFIFOs)
                  00004fc4    00000018     ti_msp_dl_config.o (.text.DL_UART_enablePower)
                  00004fdc    00000018     Serial.o (.text.DL_UART_isBusy)
                  00004ff4    00000018     interrupt.o (.text.DL_UART_isRXFIFOEmpty)
                  0000500c    00000018     ti_msp_dl_config.o (.text.DL_UART_reset)
                  00005024    00000018     Encoder.o (.text.Get_Encoder_Left)
                  0000503c    00000018     Encoder.o (.text.Get_Encoder_Right)
                  00005054    00000018     OLED.o (.text.OLED_Init)
                  0000506c    00000018     ti_msp_dl_config.o (.text.SYSCFG_DL_DMA_WIT_init)
                  00005084    00000018     libc.a : vsnprintf.c.obj (.text._outc)
                  0000509c    00000016     sys.o (.text.DL_GPIO_readPins)
                  000050b2    00000016     ti_msp_dl_config.o (.text.DL_UART_enable)
                  000050c8    00000016     Serial.o (.text.DL_UART_transmitData)
                  000050de    00000016     libc.a : copy_zero_init.c.obj (.text:decompress:ZI:__TI_zero_init_nomemset)
                  000050f4    00000014     APP.o (.text.APP_Init)
                  00005108    00000014     Control.o (.text.DL_GPIO_clearPins)
                  0000511c    00000014     OLED.o (.text.DL_GPIO_clearPins)
                  00005130    00000014     ti_msp_dl_config.o (.text.DL_GPIO_clearPins)
                  00005144    00000014     ti_msp_dl_config.o (.text.DL_I2C_resetControllerTransfer)
                  00005158    00000014     ti_msp_dl_config.o (.text.DL_SYSCTL_disableSYSPLL)
                  0000516c    00000014     ti_msp_dl_config.o (.text.DL_Timer_enableClock)
                  00005180    00000014     ti_msp_dl_config.o (.text.DL_Timer_setCCPDirection)
                  00005194    00000014     Serial.o (.text.DL_UART_receiveData)
                  000051a8    00000014     interrupt.o (.text.DL_UART_receiveData)
                  000051bc    00000014     libclang_rt.builtins.a : aeabi_uldivmod.S.obj (.text.__aeabi_uldivmod)
                  000051d0    00000014     libc.a : _printfi.c.obj (.text.strchr)
                  000051e4    00000012     sys.o (.text.DL_Timer_getPendingInterrupt)
                  000051f6    00000012     Serial.o (.text.DL_UART_getPendingInterrupt)
                  00005208    00000012     driverlib.a : dl_uart.o (.text.DL_UART_setClockConfig)
                  0000521a    00000012     libc.a : memcpy16.S.obj (.text:TI_memcpy_small)
                  0000522c    00000012            : copy_decompress_none.c.obj (.text:decompress:none)
                  0000523e    00000002     --HOLE-- [fill = 0]
                  00005240    00000010     ti_msp_dl_config.o (.text.DL_SYSCTL_disableHFXT)
                  00005250    00000010     HCSR04.o (.text.DL_Timer_getTimerCount)
                  00005260    00000010     driverlib.a : dl_timer.o (.text.DL_Timer_setCaptureCompareValue)
                  00005270    00000010     libc.a : wcslen.c.obj (.text.wcslen)
                  00005280    0000000e            : memory.c.obj (.text.OUTLINED_FUNCTION_0)
                  0000528e    00000002     --HOLE-- [fill = 0]
                  00005290    0000000e     libclang_rt.builtins.a : aeabi_memset.S.obj (.text.__aeabi_memset)
                  0000529e    0000000e     libsysbm.a : hostrename.c.obj (.text.strcpy)
                  000052ac    0000000e     libc.a : _printfi.c.obj (.text.strlen)
                  000052ba    0000000e     libsysbm.a : hostrename.c.obj (.text.strlen)
                  000052c8    0000000e     libc.a : memset16.S.obj (.text:TI_memset_small)
                  000052d6    00000002     --HOLE-- [fill = 0]
                  000052d8    0000000c     libclang_rt.builtins.a : aeabi_memset.S.obj (.text.__aeabi_memclr)
                  000052e4    0000000c     libc.a : memory.c.obj (.text.malloc)
                  000052f0    0000000a     driverlib.a : dl_common.o (.text.DL_Common_delayCycles)
                  000052fa    0000000a     libc.a : _printfi.c.obj (.text.OUTLINED_FUNCTION_0)
                  00005304    00000010     libclang_rt.builtins.a : adddf3.S.obj (.tramp.__aeabi_dsub.1)
                  00005314    0000000a     libc.a : _printfi.c.obj (.text.OUTLINED_FUNCTION_1)
                  0000531e    00000008     ti_msp_dl_config.o (.text.SYSCFG_DL_DMA_init)
                  00005326    00000002     --HOLE-- [fill = 0]
                  00005328    00000008     libc.a : aeabi_portable.c.obj (.text.__aeabi_errno_addr)
                  00005330    00000008     libclang_rt.builtins.a : aeabi_memcpy.S.obj (.text.__aeabi_memcpy)
                  00005338    00000008     libc.a : printf.c.obj (.text._outc)
                  00005340    00000008            : printf.c.obj (.text._outs)
                  00005348    00000008            : fseek.c.obj (.text.fseek)
                  00005350    00000008     libsysbm.a : remove.c.obj (.text.remove)
                  00005358    00000006     libc.a : exit.c.obj (.text:abort)
                  0000535e    00000004     startup_mspm0g350x_ticlang.o (.text.Default_Handler)
                  00005362    00000004     libsysbm.a : hostexit.c.obj (.text.HOSTexit)
                  00005366    00000004     startup_mspm0g350x_ticlang.o (.text.Reset_Handler)
                  0000536a    00000002     --HOLE-- [fill = 0]
                  0000536c    00000010     libc.a : boot_cortex_m.c.obj (.tramp._c_int00_noargs.1)
                  0000537c    00000004            : pre_init.c.obj (.text._system_pre_init)

.cinit     0    00005b10    000000a8     
                  00005b10    0000007e     (.cinit..data.load) [load image, compression = lzss]
                  00005b8e    00000002     --HOLE-- [fill = 0]
                  00005b90    0000000c     (__TI_handler_table)
                  00005b9c    00000008     (.cinit..bss.load) [load image, compression = zero_init]
                  00005ba4    00000010     (__TI_cinit_table)
                  00005bb4    00000004     --HOLE-- [fill = 0]

.rodata    0    00005380    00000790     
                  00005380    000005f0     OLED.o (.rodata.OLED_F8x16)
                  00005970    00000101     libc.a : aeabi_ctype.S.obj (.rodata:__aeabi_ctype_table_)
                  00005a71    00000003     ti_msp_dl_config.o (.rodata.gPWMClockConfig)
                  00005a74    00000018     ti_msp_dl_config.o (.rodata.gDMA_WITConfig)
                  00005a8c    00000014     ti_msp_dl_config.o (.rodata.gTIMER_0TimerConfig)
                  00005aa0    00000011     libc.a : _printfi.c.obj (.rodata.str1.10348868589481759720.1)
                  00005ab1    00000011            : _printfi.c.obj (.rodata.str1.15363888844622738466.1)
                  00005ac2    0000000a     ti_msp_dl_config.o (.rodata.gUART_0Config)
                  00005acc    0000000a     ti_msp_dl_config.o (.rodata.gUART_WITConfig)
                  00005ad6    00000002     ti_msp_dl_config.o (.rodata.gI2C_MPU6050ClockConfig)
                  00005ad8    00000008     ti_msp_dl_config.o (.rodata.gPWMConfig)
                  00005ae0    00000008     empty.o (.rodata.str1.9517790425240694019.1)
                  00005ae8    00000007     empty.o (.rodata.str1.17669528882079347314.1)
                  00005aef    00000005     empty.o (.rodata.str1.11898133897667081452.1)
                  00005af4    00000003     ti_msp_dl_config.o (.rodata.gTIMER_0ClockConfig)
                  00005af7    00000003     empty.o (.rodata.str1.14685083708502177989.1)
                  00005afa    00000003     empty.o (.rodata.str1.254342170260855183.1)
                  00005afd    00000002     ti_msp_dl_config.o (.rodata.gUART_0ClockConfig)
                  00005aff    00000002     ti_msp_dl_config.o (.rodata.gUART_WITClockConfig)
                  00005b01    0000000f     --HOLE-- [fill = 0]

.init_array 
*          0    00000000    00000000     UNINITIALIZED

.binit     0    00000000    00000000     

.sysmem    0    20200000    00000800     UNINITIALIZED
                  20200000    00000010     libc.a : memory.c.obj (.sysmem)
                  20200010    000007f0     --HOLE--

.bss       0    20200800    000002e4     UNINITIALIZED
                  20200800    00000120     libsysbm.a : trgmsg.c.obj (.bss:_CIOBUF_)
                  20200920    000000bc     (.common:gPWMBackup)
                  202009dc    000000a0     libc.a : defs.c.obj (.bss.__TI_tmpnams)
                  20200a7c    00000021     (.common:wit_dmaBuffer)
                  20200a9d    00000001     (.common:uart_data)
                  20200a9e    00000002     --HOLE--
                  20200aa0    00000020     (.common:wit_data)
                  20200ac0    00000008     libsysbm.a : hostopen.c.obj (.bss.parmbuf)
                  20200ac8    00000004     libc.a : memory.c.obj (.bss.sys_free)
                  20200acc    00000004     (.common:LED_count)
                  20200ad0    00000004     (.common:OLED_SCL_PORT)
                  20200ad4    00000004     (.common:OLED_SDA_PORT)
                  20200ad8    00000004     (.common:PID_count)
                  20200adc    00000004     (.common:_OLED_SCL_PIN)
                  20200ae0    00000004     (.common:_OLED_SDA_PIN)

.data      0    20200ae4    00000251     UNINITIALIZED
                  20200ae4    000000f0     libc.a : defs.c.obj (.data._ftable)
                  20200bd4    00000078     libsysbm.a : host_device.c.obj (.data._device)
                  20200c4c    00000050                : host_device.c.obj (.data._stream)
                  20200c9c    0000001c     sys.o (.data.TIMG0_IRQHandler.left)
                  20200cb8    0000001c     sys.o (.data.TIMG0_IRQHandler.right)
                  20200cd4    0000001c     sys.o (.data.TIMG0_IRQHandler.turn)
                  20200cf0    00000008     libc.a : exit.c.obj (.data..L_MergedGlobals)
                  20200cf8    00000004     Encoder.o (.data.Encoder_Left_Value)
                  20200cfc    00000004     Encoder.o (.data.Encoder_Right_Value)
                  20200d00    00000004     Encoder.o (.data.Encoder_i_Value)
                  20200d04    00000004     HCSR04.o (.data.HCSR04_StartTime)
                  20200d08    00000004     libc.a : defs.c.obj (.data.__TI_ft_end)
                  20200d0c    00000004            : aeabi_portable.c.obj (.data.__aeabi_errno)
                  20200d10    00000004            : _lock.c.obj (.data._lock)
                  20200d14    00000004            : _lock.c.obj (.data._unlock)
                  20200d18    00000004     APP.o (.data.app_serial_printf)
                  20200d1c    00000004     delay.o (.data.delay_times)
                  20200d20    00000004     HCSR04.o (.data.distance)
                  20200d24    00000004     sys.o (.data.left_encoder_value)
                  20200d28    00000004     HCSR04.o (.data.msHcCount)
                  20200d2c    00000004     sys.o (.data.right_encoder_value)
                  20200d30    00000001     HCSR04.o (.data.SR04_Flag)
                  20200d31    00000001     HCSR04.o (.data.sr04_state)
                  20200d32    00000002     --HOLE--
                  20200d34    00000001     libc.a : memory.c.obj (.data.memory_is_initialized)

.stack     0    20207e00    00000200     UNINITIALIZED
                  20207e00    00000004     libc.a : boot_cortex_m.c.obj (.stack)
                  20207e04    000001fc     --HOLE--

__llvm_prf_cnts 
*          0    20200000    00000000     UNINITIALIZED

__llvm_prf_bits 
*          0    20200000    00000000     UNINITIALIZED

MODULE SUMMARY

       Module                         code    ro data   rw data
       ------                         ----    -------   -------
    .\
       ti_msp_dl_config.o             2792    84        188    
       empty.o                        304     26        0      
       startup_mspm0g350x_ticlang.o   8       192       0      
    +--+------------------------------+-------+---------+---------+
       Total:                         3104    302       188    
                                                               
    .\Hardware\APP\
       APP.o                          20      0         4      
    +--+------------------------------+-------+---------+---------+
       Total:                         20      0         4      
                                                               
    .\Hardware\Control\
       Control.o                      308     0         0      
    +--+------------------------------+-------+---------+---------+
       Total:                         308     0         0      
                                                               
    .\Hardware\Encoder\
       Encoder.o                      48      0         12     
    +--+------------------------------+-------+---------+---------+
       Total:                         48      0         12     
                                                               
    .\Hardware\HCSR04\
       HCSR04.o                       84      0         14     
    +--+------------------------------+-------+---------+---------+
       Total:                         84      0         14     
                                                               
    .\Hardware\OLED\
       OLED.o                         1680    1520      16     
    +--+------------------------------+-------+---------+---------+
       Total:                         1680    1520      16     
                                                               
    .\Hardware\PID\
       pid.o                          508     0         0      
    +--+------------------------------+-------+---------+---------+
       Total:                         508     0         0      
                                                               
    .\Hardware\Serial\
       Serial.o                       288     0         1      
    +--+------------------------------+-------+---------+---------+
       Total:                         288     0         1      
                                                               
    .\Hardware\WIT\
       interrupt.o                    1144    0         0      
       wit.o                          278     0         65     
    +--+------------------------------+-------+---------+---------+
       Total:                         1422    0         65     
                                                               
    .\system\delay\
       delay.o                        0       0         4      
    +--+------------------------------+-------+---------+---------+
       Total:                         0       0         4      
                                                               
    .\system\sys\
       sys.o                          1068    0         100    
    +--+------------------------------+-------+---------+---------+
       Total:                         1068    0         100    
                                                               
    C:/TI/mspm0_sdk_2_04_00_06/source/ti/driverlib/lib/ticlang/m0p/mspm0g1x0x_g3x0x/driverlib.a
       dl_timer.o                     588     0         0      
       dl_uart.o                      174     0         0      
       dl_dma.o                       76      0         0      
       dl_i2c.o                       38      0         0      
       dl_common.o                    10      0         0      
    +--+------------------------------+-------+---------+---------+
       Total:                         886     0         0      
                                                               
    D:\ti\ccs\tools\compiler\ti-cgt-armllvm_4.0.2.LTS\lib\armv6m-ti-none-eabi/c/libc.a
       _printfi.c.obj                 4510    34        0      
       memory.c.obj                   702     0         5      
       defs.c.obj                     0       0         404    
       aeabi_ctype.S.obj              0       257       0      
       fputs.c.obj                    248     0         0      
       setvbuf.c.obj                  224     0         0      
       s_scalbn.c.obj                 216     0         0      
       getdevice.c.obj                160     0         0      
       fputc.c.obj                    156     0         0      
       strcmp-armv6m.S.obj            136     0         0      
       vsnprintf.c.obj                136     0         0      
       copy_decompress_lzss.c.obj     124     0         0      
       fclose.c.obj                   124     0         0      
       fseek.c.obj                    116     0         0      
       printf.c.obj                   108     0         0      
       _io_perm.c.obj                 100     0         0      
       s_frexp.c.obj                  92      0         0      
       _ltoa.c.obj                    88      0         0      
       fflush.c.obj                   82      0         0      
       exit.c.obj                     58      0         8      
       atoi.c.obj                     64      0         0      
       autoinit.c.obj                 60      0         0      
       boot_cortex_m.c.obj            56      0         0      
       fopen.c.obj                    52      0         0      
       memccpy.c.obj                  34      0         0      
       copy_zero_init.c.obj           22      0         0      
       copy_decompress_none.c.obj     18      0         0      
       memcpy16.S.obj                 18      0         0      
       wcslen.c.obj                   16      0         0      
       memset16.S.obj                 14      0         0      
       aeabi_portable.c.obj           8       0         4      
       _lock.c.obj                    2       0         8      
       pre_init.c.obj                 4       0         0      
    +--+------------------------------+-------+---------+---------+
       Total:                         7748    291       429    
                                                               
    D:\ti\ccs\tools\compiler\ti-cgt-armllvm_4.0.2.LTS\lib\armv6m-ti-none-eabi/c/libsysbm.a
       trgmsg.c.obj                   104     0         288    
       host_device.c.obj              0       0         200    
       hostrename.c.obj               136     0         0      
       hostlseek.c.obj                108     0         0      
       hostopen.c.obj                 96      0         8      
       hostread.c.obj                 88      0         0      
       hostwrite.c.obj                88      0         0      
       close.c.obj                    80      0         0      
       hostclose.c.obj                72      0         0      
       hostunlink.c.obj               72      0         0      
       unlink.c.obj                   44      0         0      
       lseek.c.obj                    40      0         0      
       write.c.obj                    40      0         0      
       remove.c.obj                   8       0         0      
       hostexit.c.obj                 4       0         0      
    +--+------------------------------+-------+---------+---------+
       Total:                         980     0         496    
                                                               
    D:\ti\ccs\tools\compiler\ti-cgt-armllvm_4.0.2.LTS\lib\armv6m-ti-none-eabi/libclang_rt.builtins.a
       adddf3.S.obj                   418     0         0      
       divdf3.S.obj                   268     0         0      
       muldf3.S.obj                   228     0         0      
       comparedf2.c.obj               220     0         0      
       addsf3.S.obj                   216     0         0      
       udivmoddi4.S.obj               162     0         0      
       mulsf3.S.obj                   140     0         0      
       divsf3.S.obj                   130     0         0      
       comparesf2.S.obj               118     0         0      
       truncdfsf2.S.obj               116     0         0      
       aeabi_dcmp.S.obj               98      0         0      
       aeabi_fcmp.S.obj               98      0         0      
       aeabi_idivmod.S.obj            86      0         0      
       fixdfsi.S.obj                  74      0         0      
       fixunsdfsi.S.obj               66      0         0      
       aeabi_uidivmod.S.obj           64      0         0      
       extendsfdf2.S.obj              64      0         0      
       floatsisf.S.obj                60      0         0      
       muldsi3.S.obj                  58      0         0      
       fixsfsi.S.obj                  56      0         0      
       fixunssfsi.S.obj               50      0         0      
       floatsidf.S.obj                44      0         0      
       floatunsisf.S.obj              40      0         0      
       muldi3.S.obj                   36      0         0      
       ashldi3.S.obj                  30      0         0      
       aeabi_memset.S.obj             26      0         0      
       aeabi_uldivmod.S.obj           20      0         0      
       aeabi_memcpy.S.obj             8       0         0      
       aeabi_div0.c.obj               4       0         0      
    +--+------------------------------+-------+---------+---------+
       Total:                         2998    0         0      
                                                               
       Heap:                          0       0         2048   
       Stack:                         0       0         512    
       Linker Generated:              0       162       0      
    +--+------------------------------+-------+---------+---------+
       Grand Total:                   21142   2275      3889   


LINKER GENERATED COPY TABLES

__TI_cinit_table @ 00005ba4 records: 2, size/record: 8, table size: 16
	.data: load addr=00005b10, load size=0000007e bytes, run addr=20200ae4, run size=00000251 bytes, compression=lzss
	.bss: load addr=00005b9c, load size=00000008 bytes, run addr=20200800, run size=000002e4 bytes, compression=zero_init


LINKER GENERATED HANDLER TABLE

__TI_handler_table @ 00005b90 records: 3, size/record: 4, table size: 12
	index: 0, handler: __TI_decompress_lzss
	index: 1, handler: __TI_decompress_none
	index: 2, handler: __TI_zero_init


FAR CALL TRAMPOLINES

callee name               trampoline name
   callee addr  tramp addr   call addr  call info
--------------  -----------  ---------  ----------------
__aeabi_dsub              $Tramp$TT$L$PI$$__aeabi_dsub
   00001665     00005304     00005302   libc.a : _printfi.c.obj (.text.OUTLINED_FUNCTION_0)
_c_int00_noargs           $Tramp$TT$L$PI$$_c_int00_noargs
   00004a31     0000536c     00005366   startup_mspm0g350x_ticlang.o (.text.Reset_Handler)

[2 trampolines]
[2 trampoline calls]


GLOBAL SYMBOLS: SORTED ALPHABETICALLY BY Name 

address   name                            
-------   ----                            
0000535f  ADC0_IRQHandler                 
0000535f  ADC1_IRQHandler                 
0000535f  AES_IRQHandler                  
000050f5  APP_Init                        
00005362  C$$EXIT                         
000044fd  C$$IO$$                         
0000535f  CANFD0_IRQHandler               
00001de1  Control_speed                   
0000535f  DAC0_IRQHandler                 
000052f1  DL_Common_delayCycles           
00003d25  DL_DMA_initChannel              
00004af1  DL_I2C_setClockConfig           
00001ee9  DL_Timer_initFourCCPWMMode      
000021e1  DL_Timer_initTimerMode          
00004d29  DL_Timer_setCaptCompUpdateMethod
00004f7d  DL_Timer_setCaptureCompareOutCtl
00005261  DL_Timer_setCaptureCompareValue 
00004d45  DL_Timer_setClockConfig         
00003b3d  DL_UART_drainRXFIFO             
00003e55  DL_UART_init                    
00005209  DL_UART_setClockConfig          
0000535f  DMA_IRQHandler                  
0000535f  Default_Handler                 
20200cf8  Encoder_Left_Value              
20200cfc  Encoder_Right_Value             
20200d00  Encoder_i_Value                 
000029a7  FeedbackControl                 
0000535f  GROUP0_IRQHandler               
00000df9  GROUP1_IRQHandler               
00005025  Get_Encoder_Left                
0000503d  Get_Encoder_Right               
00003f2d  Get_TIMER_Count                 
20200d04  HCSR04_StartTime                
00003e9d  HOSTclose                       
00005363  HOSTexit                        
00003345  HOSTlseek                       
000037bd  HOSTopen                        
000038d5  HOSTread                        
000033b1  HOSTrename                      
00003ee5  HOSTunlink                      
0000392d  HOSTwrite                       
0000535f  HardFault_Handler               
0000535f  I2C0_IRQHandler                 
0000535f  I2C1_IRQHandler                 
20200acc  LED_count                       
0000535f  NMI_Handler                     
00003a8d  OLED_Clear                      
00005380  OLED_F8x16                      
00002c65  OLED_I2C_SendByte               
00003c35  OLED_I2C_Start                  
00003ff9  OLED_I2C_Stop                   
00005055  OLED_Init                       
00001fed  OLED_Init_Custom                
00004969  OLED_Pow                        
20200ad0  OLED_SCL_PORT                   
20200ad4  OLED_SDA_PORT                   
000043c9  OLED_SetCursor                  
00002a5d  OLED_ShowChar                   
000017f9  OLED_ShowFloatNum               
00002b11  OLED_ShowSignedNum              
00003dbd  OLED_ShowString                 
000047fd  OLED_WriteCommand               
00004827  OLED_WriteData                  
20200ad8  PID_count                       
0000535f  PendSV_Handler                  
0000535f  RTC_IRQHandler                  
00005367  Reset_Handler                   
0000535f  SPI0_IRQHandler                 
0000535f  SPI1_IRQHandler                 
20200d30  SR04_Flag                       
0000535f  SVC_Handler                     
0000506d  SYSCFG_DL_DMA_WIT_init          
0000531f  SYSCFG_DL_DMA_init              
000014a9  SYSCFG_DL_GPIO_init             
00003985  SYSCFG_DL_I2C_MPU6050_init      
00002da1  SYSCFG_DL_PWM_init              
00004b17  SYSCFG_DL_SYSCTL_init           
00002f45  SYSCFG_DL_SYSTICK_init          
00004435  SYSCFG_DL_TIMER_0_init          
00004039  SYSCFG_DL_UART_0_init           
000034f5  SYSCFG_DL_UART_WIT_init         
00004359  SYSCFG_DL_init                  
00002e2d  SYSCFG_DL_initPower             
00004d7d  SysTick_Handler                 
0000535f  TIMA0_IRQHandler                
0000535f  TIMA1_IRQHandler                
000022c9  TIMG0_IRQHandler                
0000535f  TIMG12_IRQHandler               
0000535f  TIMG6_IRQHandler                
0000535f  TIMG7_IRQHandler                
0000535f  TIMG8_IRQHandler                
0000521b  TI_memcpy_small                 
000052c9  TI_memset_small                 
000028e5  Turn_Pid                        
00004665  UART0_IRQHandler                
0000535f  UART1_IRQHandler                
00000a91  UART2_IRQHandler                
0000535f  UART3_IRQHandler                
00003f71  WIT_Init                        
20200800  _CIOBUF_                        
20200adc  _OLED_SCL_PIN                   
20200ae0  _OLED_SDA_PIN                   
20200800  __CIOBUF_                       
20208000  __STACK_END                     
00000200  __STACK_SIZE                    
00000800  __SYSMEM_SIZE                   
00000000  __TI_ATRegion0_region_sz        
00000000  __TI_ATRegion0_src_addr         
00000000  __TI_ATRegion0_trg_addr         
00000000  __TI_ATRegion1_region_sz        
00000000  __TI_ATRegion1_src_addr         
00000000  __TI_ATRegion1_trg_addr         
00000000  __TI_ATRegion2_region_sz        
00000000  __TI_ATRegion2_src_addr         
00000000  __TI_ATRegion2_trg_addr         
00005ba4  __TI_CINIT_Base                 
00005bb4  __TI_CINIT_Limit                
00005bb4  __TI_CINIT_Warm                 
00005b90  __TI_Handler_Table_Base         
00005b9c  __TI_Handler_Table_Limit        
000042a5  __TI_auto_init_nobinit_nopinit  
00004469  __TI_cleanup                    
20200cf0  __TI_cleanup_ptr                
00003165  __TI_closefile                  
000031e1  __TI_decompress_lzss            
0000522d  __TI_decompress_none            
00003b91  __TI_doflush                    
20200cf4  __TI_dtors_ptr                  
20200d08  __TI_ft_end                     
000039dd  __TI_ltoa                       
ffffffff  __TI_pprof_out_hndl             
000000c1  __TI_printfi                    
ffffffff  __TI_prof_data_size             
ffffffff  __TI_prof_data_start            
0000449d  __TI_readmsg                    
00000000  __TI_static_base__              
202009dc  __TI_tmpnams                    
000044d1  __TI_writemsg                   
0000362b  __TI_wrt_ok                     
000050df  __TI_zero_init_nomemset         
0000166f  __adddf3                        
00002817  __addsf3                        
00005970  __aeabi_ctype_table_            
00005970  __aeabi_ctype_table_C           
000032d1  __aeabi_d2f                     
00003e09  __aeabi_d2iz                    
00003fb5  __aeabi_d2uiz                   
0000166f  __aeabi_dadd                    
000036f5  __aeabi_dcmpeq                  
00003731  __aeabi_dcmpge                  
00003745  __aeabi_dcmpgt                  
0000371d  __aeabi_dcmple                  
00003709  __aeabi_dcmplt                  
00001cd5  __aeabi_ddiv                    
00002499  __aeabi_dmul                    
00001665  __aeabi_dsub                    
20200d0c  __aeabi_errno                   
00005329  __aeabi_errno_addr              
000040b9  __aeabi_f2d                     
00004391  __aeabi_f2iz                    
000045a1  __aeabi_f2uiz                   
00002817  __aeabi_fadd                    
00003759  __aeabi_fcmpeq                  
00003795  __aeabi_fcmpge                  
000037a9  __aeabi_fcmpgt                  
00003781  __aeabi_fcmple                  
0000376d  __aeabi_fcmplt                  
000030e1  __aeabi_fdiv                    
00002eb9  __aeabi_fmul                    
0000280d  __aeabi_fsub                    
00004779  __aeabi_i2d                     
000041f1  __aeabi_i2f                     
00003ae5  __aeabi_idiv                    
000017f7  __aeabi_idiv0                   
00003ae5  __aeabi_idivmod                 
00002bbf  __aeabi_ldiv0                   
00004c0d  __aeabi_llsl                    
00004b85  __aeabi_lmul                    
000052d9  __aeabi_memclr                  
000052d9  __aeabi_memclr4                 
000052d9  __aeabi_memclr8                 
00005331  __aeabi_memcpy                  
00005331  __aeabi_memcpy4                 
00005331  __aeabi_memcpy8                 
00005291  __aeabi_memset                  
00005291  __aeabi_memset4                 
00005291  __aeabi_memset8                 
00004991  __aeabi_ui2f                    
00004079  __aeabi_uidiv                   
00004079  __aeabi_uidivmod                
000051bd  __aeabi_uldivmod                
00004c0d  __ashldi3                       
ffffffff  __binit__                       
0000355d  __cmpdf2                        
000042e1  __cmpsf2                        
00001cd5  __divdf3                        
000030e1  __divsf3                        
0000355d  __eqdf2                         
000042e1  __eqsf2                         
000040b9  __extendsfdf2                   
00003e09  __fixdfsi                       
00004391  __fixsfsi                       
00003fb5  __fixunsdfsi                    
000045a1  __fixunssfsi                    
00004779  __floatsidf                     
000041f1  __floatsisf                     
00004991  __floatunsisf                   
0000325d  __gedf2                         
0000422d  __gesf2                         
0000325d  __gtdf2                         
0000422d  __gtsf2                         
0000355d  __ledf2                         
000042e1  __lesf2                         
0000355d  __ltdf2                         
000042e1  __ltsf2                         
UNDEFED   __mpu_init                      
00002499  __muldf3                        
00004b85  __muldi3                        
0000431d  __muldsi3                       
00002eb9  __mulsf3                        
0000355d  __nedf2                         
000042e1  __nesf2                         
20207e00  __stack                         
20200000  __start___llvm_prf_bits         
20200000  __start___llvm_prf_cnts         
20200000  __stop___llvm_prf_bits          
20200000  __stop___llvm_prf_cnts          
00001665  __subdf3                        
0000280d  __subsf3                        
000032d1  __truncdfsf2                    
00002bc1  __udivmoddi4                    
00004a31  _c_int00_noargs                 
20200bd4  _device                         
20200ae4  _ftable                         
20200d10  _lock                           
00002c63  _nop                            
20200c4c  _stream                         
20200000  _sys_memory                     
UNDEFED   _system_post_cinit              
0000537d  _system_pre_init                
20200d14  _unlock                         
00005359  abort                           
00001bc1  aligned_alloc                   
000040f9  atoi                            
ffffffff  binit                           
00003cd5  close                           
20200d1c  delay_times                     
20200d20  distance                        
00004505  exit                            
00004539  finddevice                      
00002d05  fputc                           
000020e9  fputs                           
000023b1  free                            
0000381d  frexp                           
0000381d  frexpl                          
00005349  fseek                           
0000341d  fseeko                          
20200920  gPWMBackup                      
00003489  getdevice                       
00000000  interruptVectors                
00002735  ldexp                           
00002735  ldexpl                          
20200d24  left_encoder_value              
000049e1  lseek                           
0000265d  main                            
000052e5  malloc                          
00001bc1  memalign                        
00004ba9  memccpy                         
0000305d  mithon_run                      
20200d28  msHcCount                       
20200ac0  parmbuf                         
00003879  printf                          
00005351  remove                          
20200d2c  right_encoder_value             
00002735  scalbn                          
00002735  scalbnl                         
0000257d  setvbuf                         
20200d31  sr04_state                      
00002f51  strcmp                          
0000456d  uart0_printf                    
000047a5  uart0_send_char                 
00004269  uart0_send_string               
20200a9d  uart_data                       
000047d1  unlink                          
00004139  vsnprintf                       
00005271  wcslen                          
20200aa0  wit_data                        
20200a7c  wit_dmaBuffer                   
00004a09  write                           


GLOBAL SYMBOLS: SORTED BY Symbol Address 

address   name                            
-------   ----                            
00000000  __TI_ATRegion0_region_sz        
00000000  __TI_ATRegion0_src_addr         
00000000  __TI_ATRegion0_trg_addr         
00000000  __TI_ATRegion1_region_sz        
00000000  __TI_ATRegion1_src_addr         
00000000  __TI_ATRegion1_trg_addr         
00000000  __TI_ATRegion2_region_sz        
00000000  __TI_ATRegion2_src_addr         
00000000  __TI_ATRegion2_trg_addr         
00000000  __TI_static_base__              
00000000  interruptVectors                
000000c1  __TI_printfi                    
00000200  __STACK_SIZE                    
00000800  __SYSMEM_SIZE                   
00000a91  UART2_IRQHandler                
00000df9  GROUP1_IRQHandler               
000014a9  SYSCFG_DL_GPIO_init             
00001665  __aeabi_dsub                    
00001665  __subdf3                        
0000166f  __adddf3                        
0000166f  __aeabi_dadd                    
000017f7  __aeabi_idiv0                   
000017f9  OLED_ShowFloatNum               
00001bc1  aligned_alloc                   
00001bc1  memalign                        
00001cd5  __aeabi_ddiv                    
00001cd5  __divdf3                        
00001de1  Control_speed                   
00001ee9  DL_Timer_initFourCCPWMMode      
00001fed  OLED_Init_Custom                
000020e9  fputs                           
000021e1  DL_Timer_initTimerMode          
000022c9  TIMG0_IRQHandler                
000023b1  free                            
00002499  __aeabi_dmul                    
00002499  __muldf3                        
0000257d  setvbuf                         
0000265d  main                            
00002735  ldexp                           
00002735  ldexpl                          
00002735  scalbn                          
00002735  scalbnl                         
0000280d  __aeabi_fsub                    
0000280d  __subsf3                        
00002817  __addsf3                        
00002817  __aeabi_fadd                    
000028e5  Turn_Pid                        
000029a7  FeedbackControl                 
00002a5d  OLED_ShowChar                   
00002b11  OLED_ShowSignedNum              
00002bbf  __aeabi_ldiv0                   
00002bc1  __udivmoddi4                    
00002c63  _nop                            
00002c65  OLED_I2C_SendByte               
00002d05  fputc                           
00002da1  SYSCFG_DL_PWM_init              
00002e2d  SYSCFG_DL_initPower             
00002eb9  __aeabi_fmul                    
00002eb9  __mulsf3                        
00002f45  SYSCFG_DL_SYSTICK_init          
00002f51  strcmp                          
0000305d  mithon_run                      
000030e1  __aeabi_fdiv                    
000030e1  __divsf3                        
00003165  __TI_closefile                  
000031e1  __TI_decompress_lzss            
0000325d  __gedf2                         
0000325d  __gtdf2                         
000032d1  __aeabi_d2f                     
000032d1  __truncdfsf2                    
00003345  HOSTlseek                       
000033b1  HOSTrename                      
0000341d  fseeko                          
00003489  getdevice                       
000034f5  SYSCFG_DL_UART_WIT_init         
0000355d  __cmpdf2                        
0000355d  __eqdf2                         
0000355d  __ledf2                         
0000355d  __ltdf2                         
0000355d  __nedf2                         
0000362b  __TI_wrt_ok                     
000036f5  __aeabi_dcmpeq                  
00003709  __aeabi_dcmplt                  
0000371d  __aeabi_dcmple                  
00003731  __aeabi_dcmpge                  
00003745  __aeabi_dcmpgt                  
00003759  __aeabi_fcmpeq                  
0000376d  __aeabi_fcmplt                  
00003781  __aeabi_fcmple                  
00003795  __aeabi_fcmpge                  
000037a9  __aeabi_fcmpgt                  
000037bd  HOSTopen                        
0000381d  frexp                           
0000381d  frexpl                          
00003879  printf                          
000038d5  HOSTread                        
0000392d  HOSTwrite                       
00003985  SYSCFG_DL_I2C_MPU6050_init      
000039dd  __TI_ltoa                       
00003a8d  OLED_Clear                      
00003ae5  __aeabi_idiv                    
00003ae5  __aeabi_idivmod                 
00003b3d  DL_UART_drainRXFIFO             
00003b91  __TI_doflush                    
00003c35  OLED_I2C_Start                  
00003cd5  close                           
00003d25  DL_DMA_initChannel              
00003dbd  OLED_ShowString                 
00003e09  __aeabi_d2iz                    
00003e09  __fixdfsi                       
00003e55  DL_UART_init                    
00003e9d  HOSTclose                       
00003ee5  HOSTunlink                      
00003f2d  Get_TIMER_Count                 
00003f71  WIT_Init                        
00003fb5  __aeabi_d2uiz                   
00003fb5  __fixunsdfsi                    
00003ff9  OLED_I2C_Stop                   
00004039  SYSCFG_DL_UART_0_init           
00004079  __aeabi_uidiv                   
00004079  __aeabi_uidivmod                
000040b9  __aeabi_f2d                     
000040b9  __extendsfdf2                   
000040f9  atoi                            
00004139  vsnprintf                       
000041f1  __aeabi_i2f                     
000041f1  __floatsisf                     
0000422d  __gesf2                         
0000422d  __gtsf2                         
00004269  uart0_send_string               
000042a5  __TI_auto_init_nobinit_nopinit  
000042e1  __cmpsf2                        
000042e1  __eqsf2                         
000042e1  __lesf2                         
000042e1  __ltsf2                         
000042e1  __nesf2                         
0000431d  __muldsi3                       
00004359  SYSCFG_DL_init                  
00004391  __aeabi_f2iz                    
00004391  __fixsfsi                       
000043c9  OLED_SetCursor                  
00004435  SYSCFG_DL_TIMER_0_init          
00004469  __TI_cleanup                    
0000449d  __TI_readmsg                    
000044d1  __TI_writemsg                   
000044fd  C$$IO$$                         
00004505  exit                            
00004539  finddevice                      
0000456d  uart0_printf                    
000045a1  __aeabi_f2uiz                   
000045a1  __fixunssfsi                    
00004665  UART0_IRQHandler                
00004779  __aeabi_i2d                     
00004779  __floatsidf                     
000047a5  uart0_send_char                 
000047d1  unlink                          
000047fd  OLED_WriteCommand               
00004827  OLED_WriteData                  
00004969  OLED_Pow                        
00004991  __aeabi_ui2f                    
00004991  __floatunsisf                   
000049e1  lseek                           
00004a09  write                           
00004a31  _c_int00_noargs                 
00004af1  DL_I2C_setClockConfig           
00004b17  SYSCFG_DL_SYSCTL_init           
00004b85  __aeabi_lmul                    
00004b85  __muldi3                        
00004ba9  memccpy                         
00004c0d  __aeabi_llsl                    
00004c0d  __ashldi3                       
00004d29  DL_Timer_setCaptCompUpdateMethod
00004d45  DL_Timer_setClockConfig         
00004d7d  SysTick_Handler                 
00004f7d  DL_Timer_setCaptureCompareOutCtl
00005025  Get_Encoder_Left                
0000503d  Get_Encoder_Right               
00005055  OLED_Init                       
0000506d  SYSCFG_DL_DMA_WIT_init          
000050df  __TI_zero_init_nomemset         
000050f5  APP_Init                        
000051bd  __aeabi_uldivmod                
00005209  DL_UART_setClockConfig          
0000521b  TI_memcpy_small                 
0000522d  __TI_decompress_none            
00005261  DL_Timer_setCaptureCompareValue 
00005271  wcslen                          
00005291  __aeabi_memset                  
00005291  __aeabi_memset4                 
00005291  __aeabi_memset8                 
000052c9  TI_memset_small                 
000052d9  __aeabi_memclr                  
000052d9  __aeabi_memclr4                 
000052d9  __aeabi_memclr8                 
000052e5  malloc                          
000052f1  DL_Common_delayCycles           
0000531f  SYSCFG_DL_DMA_init              
00005329  __aeabi_errno_addr              
00005331  __aeabi_memcpy                  
00005331  __aeabi_memcpy4                 
00005331  __aeabi_memcpy8                 
00005349  fseek                           
00005351  remove                          
00005359  abort                           
0000535f  ADC0_IRQHandler                 
0000535f  ADC1_IRQHandler                 
0000535f  AES_IRQHandler                  
0000535f  CANFD0_IRQHandler               
0000535f  DAC0_IRQHandler                 
0000535f  DMA_IRQHandler                  
0000535f  Default_Handler                 
0000535f  GROUP0_IRQHandler               
0000535f  HardFault_Handler               
0000535f  I2C0_IRQHandler                 
0000535f  I2C1_IRQHandler                 
0000535f  NMI_Handler                     
0000535f  PendSV_Handler                  
0000535f  RTC_IRQHandler                  
0000535f  SPI0_IRQHandler                 
0000535f  SPI1_IRQHandler                 
0000535f  SVC_Handler                     
0000535f  TIMA0_IRQHandler                
0000535f  TIMA1_IRQHandler                
0000535f  TIMG12_IRQHandler               
0000535f  TIMG6_IRQHandler                
0000535f  TIMG7_IRQHandler                
0000535f  TIMG8_IRQHandler                
0000535f  UART1_IRQHandler                
0000535f  UART3_IRQHandler                
00005362  C$$EXIT                         
00005363  HOSTexit                        
00005367  Reset_Handler                   
0000537d  _system_pre_init                
00005380  OLED_F8x16                      
00005970  __aeabi_ctype_table_            
00005970  __aeabi_ctype_table_C           
00005b90  __TI_Handler_Table_Base         
00005b9c  __TI_Handler_Table_Limit        
00005ba4  __TI_CINIT_Base                 
00005bb4  __TI_CINIT_Limit                
00005bb4  __TI_CINIT_Warm                 
20200000  __start___llvm_prf_bits         
20200000  __start___llvm_prf_cnts         
20200000  __stop___llvm_prf_bits          
20200000  __stop___llvm_prf_cnts          
20200000  _sys_memory                     
20200800  _CIOBUF_                        
20200800  __CIOBUF_                       
20200920  gPWMBackup                      
202009dc  __TI_tmpnams                    
20200a7c  wit_dmaBuffer                   
20200a9d  uart_data                       
20200aa0  wit_data                        
20200ac0  parmbuf                         
20200acc  LED_count                       
20200ad0  OLED_SCL_PORT                   
20200ad4  OLED_SDA_PORT                   
20200ad8  PID_count                       
20200adc  _OLED_SCL_PIN                   
20200ae0  _OLED_SDA_PIN                   
20200ae4  _ftable                         
20200bd4  _device                         
20200c4c  _stream                         
20200cf0  __TI_cleanup_ptr                
20200cf4  __TI_dtors_ptr                  
20200cf8  Encoder_Left_Value              
20200cfc  Encoder_Right_Value             
20200d00  Encoder_i_Value                 
20200d04  HCSR04_StartTime                
20200d08  __TI_ft_end                     
20200d0c  __aeabi_errno                   
20200d10  _lock                           
20200d14  _unlock                         
20200d1c  delay_times                     
20200d20  distance                        
20200d24  left_encoder_value              
20200d28  msHcCount                       
20200d2c  right_encoder_value             
20200d30  SR04_Flag                       
20200d31  sr04_state                      
20207e00  __stack                         
20208000  __STACK_END                     
ffffffff  __TI_pprof_out_hndl             
ffffffff  __TI_prof_data_size             
ffffffff  __TI_prof_data_start            
ffffffff  __binit__                       
ffffffff  binit                           
UNDEFED   __mpu_init                      
UNDEFED   _system_post_cinit              

[289 symbols]
