******************************************************************************
            TI ARM Clang Linker PC v4.0.2                      
******************************************************************************
>> Linked Sun Jul 13 17:24:14 2025

OUTPUT FILE NAME:   <MSPM0 balance car.out>
ENTRY POINT SYMBOL: "_c_int00_noargs"  address: 00004abd


MEMORY CONFIGURATION

         name            origin    length      used     unused   attr    fill
----------------------  --------  ---------  --------  --------  ----  --------
  FLASH                 00000000   00020000  00005c78  0001a388  R  X
  SRAM                  20200000   00008000  00000f41  000070bf  RW X
  BCR_CONFIG            41c00000   000000ff  00000000  000000ff  R   
  BSL_CONFIG            41c00100   00000080  00000000  00000080  R   


SEGMENT ALLOCATION MAP

run origin  load origin   length   init length attrs members
----------  ----------- ---------- ----------- ----- -------
00000000    00000000    00005c78   00005c78    r-x
  00000000    00000000    000000c0   000000c0    r-- .intvecs
  000000c0    000000c0    00005380   00005380    r-x .text
  00005440    00005440    00000790   00000790    r-- .rodata
  00005bd0    00005bd0    000000a8   000000a8    r-- .cinit
20200000    20200000    00000d41   00000000    rw-
  20200000    20200000    00000800   00000000    rw- .sysmem
  20200800    20200800    000002e4   00000000    rw- .bss
  20200ae4    20200ae4    0000025d   00000000    rw- .data
20207e00    20207e00    00000200   00000000    rw-
  20207e00    20207e00    00000200   00000000    rw- .stack


SECTION ALLOCATION MAP

 output                                  attributes/
section   page    origin      length       input sections
--------  ----  ----------  ----------   ----------------
.intvecs   0    00000000    000000c0     
                  00000000    000000c0     startup_mspm0g350x_ticlang.o (.intvecs)

.text      0    000000c0    00005380     
                  000000c0    000009d0     libc.a : _printfi.c.obj (.text:__TI_printfi)
                  00000a90    00000368     interrupt.o (.text.UART2_IRQHandler)
                  00000df8    000002b4     sys.o (.text.GROUP1_IRQHandler)
                  000010ac    00000220     libc.a : _printfi.c.obj (.text._pconv_a)
                  000012cc    000001dc            : _printfi.c.obj (.text._pconv_g)
                  000014a8    000001ac     ti_msp_dl_config.o (.text.SYSCFG_DL_GPIO_init)
                  00001654    00000192     libclang_rt.builtins.a : adddf3.S.obj (.text.adddf3_subdf3)
                  000017e6    00000002                            : aeabi_div0.c.obj (.text.__aeabi_idiv0)
                  000017e8    0000016c     OLED.o (.text.OLED_ShowFloatNum)
                  00001954    0000013c     libc.a : _printfi.c.obj (.text.fcvt)
                  00001a90    00000120            : _printfi.c.obj (.text._pconv_e)
                  00001bb0    00000114            : memory.c.obj (.text.aligned_alloc)
                  00001cc4    0000010c     libclang_rt.builtins.a : divdf3.S.obj (.text.__divdf3)
                  00001dd0    00000108     Control.o (.text.Control_speed)
                  00001ed8    00000104     driverlib.a : dl_timer.o (.text.DL_Timer_initFourCCPWMMode)
                  00001fdc    000000fc     OLED.o (.text.OLED_Init_Custom)
                  000020d8    000000f8     sys.o (.text.TIMG0_IRQHandler)
                  000021d0    000000f8     libc.a : fputs.c.obj (.text.fputs)
                  000022c8    000000f4     empty.o (.text.main)
                  000023bc    000000e8     driverlib.a : dl_timer.o (.text.DL_Timer_initTimerMode)
                  000024a4    000000e8     libc.a : memory.c.obj (.text.free)
                  0000258c    000000e4     libclang_rt.builtins.a : muldf3.S.obj (.text.__muldf3)
                  00002670    000000e0     libc.a : setvbuf.c.obj (.text.setvbuf)
                  00002750    000000d8            : s_scalbn.c.obj (.text.scalbn)
                  00002828    000000d8     libclang_rt.builtins.a : addsf3.S.obj (.text)
                  00002900    000000c2     pid.o (.text.Turn_Pid)
                  000029c2    000000b6     pid.o (.text.FeedbackControl)
                  00002a78    000000b4     OLED.o (.text.OLED_ShowChar)
                  00002b2c    000000ae     OLED.o (.text.OLED_ShowSignedNum)
                  00002bda    00000002     libclang_rt.builtins.a : aeabi_div0.c.obj (.text.__aeabi_ldiv0)
                  00002bdc    000000a2                            : udivmoddi4.S.obj (.text)
                  00002c7e    00000002     libc.a : _lock.c.obj (.text._nop)
                  00002c80    000000a0     OLED.o (.text.OLED_I2C_SendByte)
                  00002d20    0000009c     libc.a : fputc.c.obj (.text.fputc)
                  00002dbc    0000008c     ti_msp_dl_config.o (.text.SYSCFG_DL_PWM_init)
                  00002e48    0000008c     ti_msp_dl_config.o (.text.SYSCFG_DL_initPower)
                  00002ed4    0000008c     libclang_rt.builtins.a : mulsf3.S.obj (.text.__mulsf3)
                  00002f60    00000088     libc.a : strcmp-armv6m.S.obj (.text:strcmp)
                  00002fe8    00000084     ti_msp_dl_config.o (.text.__NVIC_SetPriority)
                  0000306c    00000082     libclang_rt.builtins.a : divsf3.S.obj (.text.__divsf3)
                  000030ee    00000002     --HOLE-- [fill = 0]
                  000030f0    0000007c     libc.a : fclose.c.obj (.text.__TI_closefile)
                  0000316c    0000007c            : copy_decompress_lzss.c.obj (.text:decompress:lzss)
                  000031e8    00000074     ti_msp_dl_config.o (.text.SYSCFG_DL_UART_WIT_init)
                  0000325c    00000074     libclang_rt.builtins.a : comparedf2.c.obj (.text.__gedf2)
                  000032d0    00000074                            : truncdfsf2.S.obj (.text.__truncdfsf2)
                  00003344    00000072     pid.o (.text.mithon_run_line)
                  000033b6    00000002     --HOLE-- [fill = 0]
                  000033b8    0000006c     libsysbm.a : hostlseek.c.obj (.text.HOSTlseek)
                  00003424    0000006c                : hostrename.c.obj (.text.HOSTrename)
                  00003490    0000006c     libc.a : fseek.c.obj (.text.fseeko)
                  000034fc    0000006c            : getdevice.c.obj (.text.getdevice)
                  00003568    0000006c     Serial.o (.text.process_received_data)
                  000035d4    00000068     libclang_rt.builtins.a : comparedf2.c.obj (.text.__ledf2)
                  0000363c    00000066     libc.a : _printfi.c.obj (.text._mcpy)
                  000036a2    00000064            : _io_perm.c.obj (.text.__TI_wrt_ok)
                  00003706    00000002     --HOLE-- [fill = 0]
                  00003708    00000064            : memory.c.obj (.text.split)
                  0000376c    00000062     libclang_rt.builtins.a : aeabi_dcmp.S.obj (.text.__aeabi_dcmp)
                  000037ce    00000002     --HOLE-- [fill = 0]
                  000037d0    00000062                            : aeabi_fcmp.S.obj (.text.__aeabi_fcmp)
                  00003832    00000002     --HOLE-- [fill = 0]
                  00003834    00000060     libsysbm.a : hostopen.c.obj (.text.HOSTopen)
                  00003894    0000005c     libc.a : s_frexp.c.obj (.text.frexp)
                  000038f0    0000005c            : printf.c.obj (.text.printf)
                  0000394c    00000058     libsysbm.a : hostread.c.obj (.text.HOSTread)
                  000039a4    00000058                : hostwrite.c.obj (.text.HOSTwrite)
                  000039fc    00000058     ti_msp_dl_config.o (.text.SYSCFG_DL_I2C_MPU6050_init)
                  00003a54    00000058     libc.a : _ltoa.c.obj (.text.__TI_ltoa)
                  00003aac    00000058            : _printfi.c.obj (.text._pconv_f)
                  00003b04    00000056     OLED.o (.text.OLED_Clear)
                  00003b5a    00000002     --HOLE-- [fill = 0]
                  00003b5c    00000056     libclang_rt.builtins.a : aeabi_idivmod.S.obj (.text.__aeabi_idivmod)
                  00003bb2    00000002     --HOLE-- [fill = 0]
                  00003bb4    00000054     driverlib.a : dl_uart.o (.text.DL_UART_drainRXFIFO)
                  00003c08    00000052     libc.a : fflush.c.obj (.text.__TI_doflush)
                  00003c5a    00000052            : _printfi.c.obj (.text._ecpy)
                  00003cac    00000050     OLED.o (.text.OLED_I2C_Start)
                  00003cfc    00000050     ti_msp_dl_config.o (.text.SysTick_Config)
                  00003d4c    00000050     libsysbm.a : close.c.obj (.text.close)
                  00003d9c    0000004c     driverlib.a : dl_dma.o (.text.DL_DMA_initChannel)
                  00003de8    0000004c     ti_msp_dl_config.o (.text.DL_UART_setBaudRateDivisor)
                  00003e34    0000004a     OLED.o (.text.OLED_ShowString)
                  00003e7e    00000002     --HOLE-- [fill = 0]
                  00003e80    0000004a     libclang_rt.builtins.a : fixdfsi.S.obj (.text.__fixdfsi)
                  00003eca    00000002     --HOLE-- [fill = 0]
                  00003ecc    00000048     driverlib.a : dl_uart.o (.text.DL_UART_init)
                  00003f14    00000048     libsysbm.a : hostclose.c.obj (.text.HOSTclose)
                  00003f5c    00000048                : hostunlink.c.obj (.text.HOSTunlink)
                  00003fa4    00000048     ti_msp_dl_config.o (.text.SYSCFG_DL_UART_0_init)
                  00003fec    00000044     HCSR04.o (.text.Get_TIMER_Count)
                  00004030    00000044     wit.o (.text.WIT_Init)
                  00004074    00000042     libclang_rt.builtins.a : fixunsdfsi.S.obj (.text.__fixunsdfsi)
                  000040b6    00000002     --HOLE-- [fill = 0]
                  000040b8    00000040     OLED.o (.text.OLED_I2C_Stop)
                  000040f8    00000040     libclang_rt.builtins.a : aeabi_uidivmod.S.obj (.text.__aeabi_uidivmod)
                  00004138    00000040                            : extendsfdf2.S.obj (.text.__extendsfdf2)
                  00004178    00000040     libc.a : atoi.c.obj (.text.atoi)
                  000041b8    00000040            : vsnprintf.c.obj (.text.vsnprintf)
                  000041f8    0000003c     ti_msp_dl_config.o (.text.DL_GPIO_initPeripheralInputFunctionFeatures)
                  00004234    0000003c     ti_msp_dl_config.o (.text.DL_Timer_setCounterControl)
                  00004270    0000003c     Serial.o (.text.UART0_IRQHandler)
                  000042ac    0000003c     libclang_rt.builtins.a : floatsisf.S.obj (.text.__floatsisf)
                  000042e8    0000003c                            : comparesf2.S.obj (.text.__gtsf2)
                  00004324    0000003c     Serial.o (.text.uart0_send_string)
                  00004360    0000003c     libc.a : autoinit.c.obj (.text:__TI_auto_init_nobinit_nopinit)
                  0000439c    0000003a     libclang_rt.builtins.a : comparesf2.S.obj (.text.__eqsf2)
                  000043d6    00000002     --HOLE-- [fill = 0]
                  000043d8    0000003a                            : muldsi3.S.obj (.text.__muldsi3)
                  00004412    00000002     --HOLE-- [fill = 0]
                  00004414    00000038     ti_msp_dl_config.o (.text.SYSCFG_DL_init)
                  0000444c    00000038     libclang_rt.builtins.a : fixsfsi.S.obj (.text.__fixsfsi)
                  00004484    00000036     OLED.o (.text.OLED_SetCursor)
                  000044ba    00000002     --HOLE-- [fill = 0]
                  000044bc    00000034     ti_msp_dl_config.o (.text.DL_GPIO_initDigitalInputFeatures)
                  000044f0    00000034     ti_msp_dl_config.o (.text.SYSCFG_DL_TIMER_0_init)
                  00004524    00000034     libc.a : fopen.c.obj (.text.__TI_cleanup)
                  00004558    00000034     libsysbm.a : trgmsg.c.obj (.text.__TI_readmsg)
                  0000458c    00000034                : trgmsg.c.obj (.text.__TI_writemsg)
                  000045c0    00000034     libc.a : exit.c.obj (.text.exit)
                  000045f4    00000034            : getdevice.c.obj (.text.finddevice)
                  00004628    00000034     Serial.o (.text.uart0_printf)
                  0000465c    00000032     libclang_rt.builtins.a : fixunssfsi.S.obj (.text.__fixunssfsi)
                  0000468e    00000002     --HOLE-- [fill = 0]
                  00004690    00000030     interrupt.o (.text.DL_DMA_setTransferSize)
                  000046c0    00000030     wit.o (.text.DL_DMA_setTransferSize)
                  000046f0    00000030     ti_msp_dl_config.o (.text.DL_GPIO_initDigitalOutputFeatures)
                  00004720    00000030     libc.a : _printfi.c.obj (.text._fcpy)
                  00004750    00000030            : vsnprintf.c.obj (.text._outs)
                  00004780    0000002c     empty.o (.text.__NVIC_ClearPendingIRQ)
                  000047ac    0000002c     empty.o (.text.__NVIC_EnableIRQ)
                  000047d8    0000002c     wit.o (.text.__NVIC_EnableIRQ)
                  00004804    0000002c     libclang_rt.builtins.a : floatsidf.S.obj (.text.__floatsidf)
                  00004830    0000002c     Serial.o (.text.uart0_send_char)
                  0000485c    0000002c     libsysbm.a : unlink.c.obj (.text.unlink)
                  00004888    0000002a     OLED.o (.text.OLED_WriteCommand)
                  000048b2    0000002a     OLED.o (.text.OLED_WriteData)
                  000048dc    00000028     ti_msp_dl_config.o (.text.DL_Common_updateReg)
                  00004904    00000028     interrupt.o (.text.DL_DMA_setDestAddr)
                  0000492c    00000028     wit.o (.text.DL_DMA_setDestAddr)
                  00004954    00000028     wit.o (.text.DL_DMA_setSrcAddr)
                  0000497c    00000028     ti_msp_dl_config.o (.text.DL_I2C_setControllerRXFIFOThreshold)
                  000049a4    00000028     ti_msp_dl_config.o (.text.DL_I2C_setControllerTXFIFOThreshold)
                  000049cc    00000028     ti_msp_dl_config.o (.text.DL_UART_setRXFIFOThreshold)
                  000049f4    00000028     OLED.o (.text.OLED_Pow)
                  00004a1c    00000028     libclang_rt.builtins.a : floatunsisf.S.obj (.text.__floatunsisf)
                  00004a44    00000028     libc.a : memory.c.obj (.text.free_list_insert)
                  00004a6c    00000028     libsysbm.a : lseek.c.obj (.text.lseek)
                  00004a94    00000028                : write.c.obj (.text.write)
                  00004abc    00000028     libc.a : boot_cortex_m.c.obj (.text:_c_int00_noargs)
                  00004ae4    00000026     interrupt.o (.text.DL_DMA_disableChannel)
                  00004b0a    00000026     interrupt.o (.text.DL_DMA_enableChannel)
                  00004b30    00000026     wit.o (.text.DL_DMA_enableChannel)
                  00004b56    00000026     ti_msp_dl_config.o (.text.DL_I2C_setAnalogGlitchFilterPulseWidth)
                  00004b7c    00000026     driverlib.a : dl_i2c.o (.text.DL_I2C_setClockConfig)
                  00004ba2    00000026     ti_msp_dl_config.o (.text.SYSCFG_DL_SYSCTL_init)
                  00004bc8    00000024     interrupt.o (.text.DL_DMA_getTransferSize)
                  00004bec    00000024     ti_msp_dl_config.o (.text.DL_UART_setRXInterruptTimeout)
                  00004c10    00000024     libclang_rt.builtins.a : muldi3.S.obj (.text.__muldi3)
                  00004c34    00000022     libc.a : memccpy.c.obj (.text.memccpy)
                  00004c56    00000002     --HOLE-- [fill = 0]
                  00004c58    00000020     ti_msp_dl_config.o (.text.DL_GPIO_initPeripheralInputFunction)
                  00004c78    00000020     delay.o (.text.delay_ms)
                  00004c98    0000001e     ti_msp_dl_config.o (.text.DL_UART_setOversampling)
                  00004cb6    00000002     --HOLE-- [fill = 0]
                  00004cb8    0000001e     libclang_rt.builtins.a : ashldi3.S.obj (.text.__ashldi3)
                  00004cd6    00000002     --HOLE-- [fill = 0]
                  00004cd8    0000001c     sys.o (.text.DL_GPIO_clearInterruptStatus)
                  00004cf4    0000001c     ti_msp_dl_config.o (.text.DL_GPIO_clearInterruptStatus)
                  00004d10    0000001c     sys.o (.text.DL_GPIO_disableInterrupt)
                  00004d2c    0000001c     ti_msp_dl_config.o (.text.DL_GPIO_enableHiZ)
                  00004d48    0000001c     ti_msp_dl_config.o (.text.DL_GPIO_enableInterrupt)
                  00004d64    0000001c     ti_msp_dl_config.o (.text.DL_GPIO_initPeripheralOutputFunction)
                  00004d80    0000001c     ti_msp_dl_config.o (.text.DL_GPIO_setLowerPinsPolarity)
                  00004d9c    0000001c     ti_msp_dl_config.o (.text.DL_SYSCTL_setSYSOSCFreq)
                  00004db8    0000001c     ti_msp_dl_config.o (.text.DL_Timer_enableInterrupt)
                  00004dd4    0000001c     driverlib.a : dl_timer.o (.text.DL_Timer_setCaptCompUpdateMethod)
                  00004df0    0000001c                 : dl_timer.o (.text.DL_Timer_setClockConfig)
                  00004e0c    0000001c     ti_msp_dl_config.o (.text.DL_UART_enableInterrupt)
                  00004e28    0000001c     interrupt.o (.text.SysTick_Handler)
                  00004e44    0000001c     libc.a : memory.c.obj (.text.free_list_remove)
                  00004e60    00000018     ti_msp_dl_config.o (.text.DL_GPIO_enableOutput)
                  00004e78    00000018     ti_msp_dl_config.o (.text.DL_GPIO_enablePower)
                  00004e90    00000018     sys.o (.text.DL_GPIO_getEnabledInterruptStatus)
                  00004ea8    00000018     ti_msp_dl_config.o (.text.DL_GPIO_initDigitalOutput)
                  00004ec0    00000018     ti_msp_dl_config.o (.text.DL_GPIO_reset)
                  00004ed8    00000018     Control.o (.text.DL_GPIO_setPins)
                  00004ef0    00000018     OLED.o (.text.DL_GPIO_setPins)
                  00004f08    00000018     ti_msp_dl_config.o (.text.DL_GPIO_setPins)
                  00004f20    00000018     ti_msp_dl_config.o (.text.DL_GPIO_setUpperPinsPolarity)
                  00004f38    00000018     sys.o (.text.DL_GPIO_togglePins)
                  00004f50    00000018     ti_msp_dl_config.o (.text.DL_I2C_enableAnalogGlitchFilter)
                  00004f68    00000018     ti_msp_dl_config.o (.text.DL_I2C_enableController)
                  00004f80    00000018     ti_msp_dl_config.o (.text.DL_I2C_enableControllerClockStretching)
                  00004f98    00000018     ti_msp_dl_config.o (.text.DL_I2C_enablePower)
                  00004fb0    00000018     ti_msp_dl_config.o (.text.DL_I2C_reset)
                  00004fc8    00000018     ti_msp_dl_config.o (.text.DL_I2C_setTimerPeriod)
                  00004fe0    00000018     ti_msp_dl_config.o (.text.DL_SYSCTL_setBORThreshold)
                  00004ff8    00000018     ti_msp_dl_config.o (.text.DL_Timer_enablePower)
                  00005010    00000018     ti_msp_dl_config.o (.text.DL_Timer_reset)
                  00005028    00000018     driverlib.a : dl_timer.o (.text.DL_Timer_setCaptureCompareOutCtl)
                  00005040    00000018     ti_msp_dl_config.o (.text.DL_UART_enableDMAReceiveEvent)
                  00005058    00000018     ti_msp_dl_config.o (.text.DL_UART_enableFIFOs)
                  00005070    00000018     ti_msp_dl_config.o (.text.DL_UART_enablePower)
                  00005088    00000018     Serial.o (.text.DL_UART_isBusy)
                  000050a0    00000018     interrupt.o (.text.DL_UART_isRXFIFOEmpty)
                  000050b8    00000018     ti_msp_dl_config.o (.text.DL_UART_reset)
                  000050d0    00000018     Encoder.o (.text.Get_Encoder_Left)
                  000050e8    00000018     Encoder.o (.text.Get_Encoder_Right)
                  00005100    00000018     OLED.o (.text.OLED_Init)
                  00005118    00000018     ti_msp_dl_config.o (.text.SYSCFG_DL_DMA_WIT_init)
                  00005130    00000018     libc.a : vsnprintf.c.obj (.text._outc)
                  00005148    00000016     sys.o (.text.DL_GPIO_readPins)
                  0000515e    00000016     ti_msp_dl_config.o (.text.DL_UART_enable)
                  00005174    00000016     Serial.o (.text.DL_UART_transmitData)
                  0000518a    00000016     libc.a : copy_zero_init.c.obj (.text:decompress:ZI:__TI_zero_init_nomemset)
                  000051a0    00000014     APP.o (.text.APP_Init)
                  000051b4    00000014     Control.o (.text.DL_GPIO_clearPins)
                  000051c8    00000014     OLED.o (.text.DL_GPIO_clearPins)
                  000051dc    00000014     ti_msp_dl_config.o (.text.DL_GPIO_clearPins)
                  000051f0    00000014     ti_msp_dl_config.o (.text.DL_I2C_resetControllerTransfer)
                  00005204    00000014     ti_msp_dl_config.o (.text.DL_SYSCTL_disableSYSPLL)
                  00005218    00000014     ti_msp_dl_config.o (.text.DL_Timer_enableClock)
                  0000522c    00000014     ti_msp_dl_config.o (.text.DL_Timer_setCCPDirection)
                  00005240    00000014     Serial.o (.text.DL_UART_receiveData)
                  00005254    00000014     interrupt.o (.text.DL_UART_receiveData)
                  00005268    00000014     libclang_rt.builtins.a : aeabi_uldivmod.S.obj (.text.__aeabi_uldivmod)
                  0000527c    00000014     libc.a : _printfi.c.obj (.text.strchr)
                  00005290    00000012     sys.o (.text.DL_Timer_getPendingInterrupt)
                  000052a2    00000012     Serial.o (.text.DL_UART_getPendingInterrupt)
                  000052b4    00000012     driverlib.a : dl_uart.o (.text.DL_UART_setClockConfig)
                  000052c6    00000012     libc.a : memcpy16.S.obj (.text:TI_memcpy_small)
                  000052d8    00000012            : copy_decompress_none.c.obj (.text:decompress:none)
                  000052ea    00000002     --HOLE-- [fill = 0]
                  000052ec    00000010     ti_msp_dl_config.o (.text.DL_SYSCTL_disableHFXT)
                  000052fc    00000010     HCSR04.o (.text.DL_Timer_getTimerCount)
                  0000530c    00000010     driverlib.a : dl_timer.o (.text.DL_Timer_setCaptureCompareValue)
                  0000531c    00000010     libc.a : wcslen.c.obj (.text.wcslen)
                  0000532c    0000000e            : memory.c.obj (.text.OUTLINED_FUNCTION_0)
                  0000533a    00000002     --HOLE-- [fill = 0]
                  0000533c    0000000e     libclang_rt.builtins.a : aeabi_memset.S.obj (.text.__aeabi_memset)
                  0000534a    0000000e     libsysbm.a : hostrename.c.obj (.text.strcpy)
                  00005358    0000000e     libc.a : _printfi.c.obj (.text.strlen)
                  00005366    0000000e     libsysbm.a : hostrename.c.obj (.text.strlen)
                  00005374    0000000e     libc.a : memset16.S.obj (.text:TI_memset_small)
                  00005382    0000000c     ti_msp_dl_config.o (.text.SYSCFG_DL_SYSTICK_init)
                  0000538e    00000002     --HOLE-- [fill = 0]
                  00005390    0000000c     libclang_rt.builtins.a : aeabi_memset.S.obj (.text.__aeabi_memclr)
                  0000539c    0000000c     libc.a : memory.c.obj (.text.malloc)
                  000053a8    0000000a     driverlib.a : dl_common.o (.text.DL_Common_delayCycles)
                  000053b2    0000000a     libc.a : _printfi.c.obj (.text.OUTLINED_FUNCTION_0)
                  000053bc    00000010     libclang_rt.builtins.a : adddf3.S.obj (.tramp.__aeabi_dsub.1)
                  000053cc    0000000a     libc.a : _printfi.c.obj (.text.OUTLINED_FUNCTION_1)
                  000053d6    00000008     ti_msp_dl_config.o (.text.SYSCFG_DL_DMA_init)
                  000053de    00000002     --HOLE-- [fill = 0]
                  000053e0    00000008     libc.a : aeabi_portable.c.obj (.text.__aeabi_errno_addr)
                  000053e8    00000008     libclang_rt.builtins.a : aeabi_memcpy.S.obj (.text.__aeabi_memcpy)
                  000053f0    00000008     libc.a : printf.c.obj (.text._outc)
                  000053f8    00000008            : printf.c.obj (.text._outs)
                  00005400    00000008            : fseek.c.obj (.text.fseek)
                  00005408    00000008     libsysbm.a : remove.c.obj (.text.remove)
                  00005410    00000006     libc.a : exit.c.obj (.text:abort)
                  00005416    00000004     startup_mspm0g350x_ticlang.o (.text.Default_Handler)
                  0000541a    00000004     libsysbm.a : hostexit.c.obj (.text.HOSTexit)
                  0000541e    00000004     startup_mspm0g350x_ticlang.o (.text.Reset_Handler)
                  00005422    00000002     --HOLE-- [fill = 0]
                  00005424    00000010     libc.a : boot_cortex_m.c.obj (.tramp._c_int00_noargs.1)
                  00005434    00000004            : pre_init.c.obj (.text._system_pre_init)
                  00005438    00000008     --HOLE-- [fill = 0]

.cinit     0    00005bd0    000000a8     
                  00005bd0    00000081     (.cinit..data.load) [load image, compression = lzss]
                  00005c51    00000003     --HOLE-- [fill = 0]
                  00005c54    0000000c     (__TI_handler_table)
                  00005c60    00000008     (.cinit..bss.load) [load image, compression = zero_init]
                  00005c68    00000010     (__TI_cinit_table)

.rodata    0    00005440    00000790     
                  00005440    000005f0     OLED.o (.rodata.OLED_F8x16)
                  00005a30    00000101     libc.a : aeabi_ctype.S.obj (.rodata:__aeabi_ctype_table_)
                  00005b31    00000003     ti_msp_dl_config.o (.rodata.gPWMClockConfig)
                  00005b34    00000018     ti_msp_dl_config.o (.rodata.gDMA_WITConfig)
                  00005b4c    00000014     ti_msp_dl_config.o (.rodata.gTIMER_0TimerConfig)
                  00005b60    00000011     libc.a : _printfi.c.obj (.rodata.str1.10348868589481759720.1)
                  00005b71    00000011            : _printfi.c.obj (.rodata.str1.15363888844622738466.1)
                  00005b82    0000000a     ti_msp_dl_config.o (.rodata.gUART_0Config)
                  00005b8c    0000000a     ti_msp_dl_config.o (.rodata.gUART_WITConfig)
                  00005b96    00000002     ti_msp_dl_config.o (.rodata.gI2C_MPU6050ClockConfig)
                  00005b98    00000008     ti_msp_dl_config.o (.rodata.gPWMConfig)
                  00005ba0    00000008     empty.o (.rodata.str1.9517790425240694019.1)
                  00005ba8    00000007     empty.o (.rodata.str1.17669528882079347314.1)
                  00005baf    00000005     empty.o (.rodata.str1.11898133897667081452.1)
                  00005bb4    00000003     ti_msp_dl_config.o (.rodata.gTIMER_0ClockConfig)
                  00005bb7    00000003     empty.o (.rodata.str1.14685083708502177989.1)
                  00005bba    00000003     empty.o (.rodata.str1.254342170260855183.1)
                  00005bbd    00000002     ti_msp_dl_config.o (.rodata.gUART_0ClockConfig)
                  00005bbf    00000002     ti_msp_dl_config.o (.rodata.gUART_WITClockConfig)
                  00005bc1    0000000f     --HOLE-- [fill = 0]

.init_array 
*          0    00000000    00000000     UNINITIALIZED

.binit     0    00000000    00000000     

.sysmem    0    20200000    00000800     UNINITIALIZED
                  20200000    00000010     libc.a : memory.c.obj (.sysmem)
                  20200010    000007f0     --HOLE--

.bss       0    20200800    000002e4     UNINITIALIZED
                  20200800    00000120     libsysbm.a : trgmsg.c.obj (.bss:_CIOBUF_)
                  20200920    000000bc     (.common:gPWMBackup)
                  202009dc    000000a0     libc.a : defs.c.obj (.bss.__TI_tmpnams)
                  20200a7c    00000021     (.common:wit_dmaBuffer)
                  20200a9d    00000001     (.common:uart_data)
                  20200a9e    00000002     --HOLE--
                  20200aa0    00000020     (.common:wit_data)
                  20200ac0    00000008     libsysbm.a : hostopen.c.obj (.bss.parmbuf)
                  20200ac8    00000004     libc.a : memory.c.obj (.bss.sys_free)
                  20200acc    00000004     (.common:LED_count)
                  20200ad0    00000004     (.common:OLED_SCL_PORT)
                  20200ad4    00000004     (.common:OLED_SDA_PORT)
                  20200ad8    00000004     (.common:PID_count)
                  20200adc    00000004     (.common:_OLED_SCL_PIN)
                  20200ae0    00000004     (.common:_OLED_SDA_PIN)

.data      0    20200ae4    0000025d     UNINITIALIZED
                  20200ae4    000000f0     libc.a : defs.c.obj (.data._ftable)
                  20200bd4    00000078     libsysbm.a : host_device.c.obj (.data._device)
                  20200c4c    00000050                : host_device.c.obj (.data._stream)
                  20200c9c    0000001c     sys.o (.data.TIMG0_IRQHandler.left)
                  20200cb8    0000001c     sys.o (.data.TIMG0_IRQHandler.right)
                  20200cd4    0000001c     sys.o (.data.TIMG0_IRQHandler.turn)
                  20200cf0    00000008     libc.a : exit.c.obj (.data..L_MergedGlobals)
                  20200cf8    00000004     Encoder.o (.data.Encoder_Left_Value)
                  20200cfc    00000004     Encoder.o (.data.Encoder_Right_Value)
                  20200d00    00000004     Encoder.o (.data.Encoder_i_Value)
                  20200d04    00000004     HCSR04.o (.data.HCSR04_StartTime)
                  20200d08    00000004     libc.a : defs.c.obj (.data.__TI_ft_end)
                  20200d0c    00000004            : aeabi_portable.c.obj (.data.__aeabi_errno)
                  20200d10    00000004            : _lock.c.obj (.data._lock)
                  20200d14    00000004            : _lock.c.obj (.data._unlock)
                  20200d18    00000004     APP.o (.data.app_serial_printf)
                  20200d1c    00000004     delay.o (.data.delay_times)
                  20200d20    00000004     HCSR04.o (.data.distance)
                  20200d24    00000004     Serial.o (.data.g_angle_deviation)
                  20200d28    00000004     sys.o (.data.left_encoder_value)
                  20200d2c    00000004     HCSR04.o (.data.msHcCount)
                  20200d30    00000004     sys.o (.data.right_encoder_value)
                  20200d34    00000004     Serial.o (.data.s_receive_state)
                  20200d38    00000004     Serial.o (.data.s_sign)
                  20200d3c    00000001     HCSR04.o (.data.SR04_Flag)
                  20200d3d    00000001     HCSR04.o (.data.sr04_state)
                  20200d3e    00000002     --HOLE--
                  20200d40    00000001     libc.a : memory.c.obj (.data.memory_is_initialized)

.stack     0    20207e00    00000200     UNINITIALIZED
                  20207e00    00000004     libc.a : boot_cortex_m.c.obj (.stack)
                  20207e04    000001fc     --HOLE--

__llvm_prf_cnts 
*          0    20200000    00000000     UNINITIALIZED

__llvm_prf_bits 
*          0    20200000    00000000     UNINITIALIZED

MODULE SUMMARY

       Module                         code    ro data   rw data
       ------                         ----    -------   -------
    .\
       ti_msp_dl_config.o             2796    84        188    
       empty.o                        332     26        0      
       startup_mspm0g350x_ticlang.o   8       192       0      
    +--+------------------------------+-------+---------+---------+
       Total:                         3136    302       188    
                                                               
    .\Hardware\APP\
       APP.o                          20      0         4      
    +--+------------------------------+-------+---------+---------+
       Total:                         20      0         4      
                                                               
    .\Hardware\Control\
       Control.o                      308     0         0      
    +--+------------------------------+-------+---------+---------+
       Total:                         308     0         0      
                                                               
    .\Hardware\Encoder\
       Encoder.o                      48      0         12     
    +--+------------------------------+-------+---------+---------+
       Total:                         48      0         12     
                                                               
    .\Hardware\HCSR04\
       HCSR04.o                       84      0         14     
    +--+------------------------------+-------+---------+---------+
       Total:                         84      0         14     
                                                               
    .\Hardware\OLED\
       OLED.o                         1680    1520      16     
    +--+------------------------------+-------+---------+---------+
       Total:                         1680    1520      16     
                                                               
    .\Hardware\PID\
       pid.o                          490     0         0      
    +--+------------------------------+-------+---------+---------+
       Total:                         490     0         0      
                                                               
    .\Hardware\Serial\
       Serial.o                       408     0         13     
    +--+------------------------------+-------+---------+---------+
       Total:                         408     0         13     
                                                               
    .\Hardware\WIT\
       interrupt.o                    1144    0         0      
       wit.o                          278     0         65     
    +--+------------------------------+-------+---------+---------+
       Total:                         1422    0         65     
                                                               
    .\system\delay\
       delay.o                        32      0         4      
    +--+------------------------------+-------+---------+---------+
       Total:                         32      0         4      
                                                               
    .\system\sys\
       sys.o                          1084    0         100    
    +--+------------------------------+-------+---------+---------+
       Total:                         1084    0         100    
                                                               
    C:/TI/mspm0_sdk_2_04_00_06/source/ti/driverlib/lib/ticlang/m0p/mspm0g1x0x_g3x0x/driverlib.a
       dl_timer.o                     588     0         0      
       dl_uart.o                      174     0         0      
       dl_dma.o                       76      0         0      
       dl_i2c.o                       38      0         0      
       dl_common.o                    10      0         0      
    +--+------------------------------+-------+---------+---------+
       Total:                         886     0         0      
                                                               
    D:\ti\ccs\tools\compiler\ti-cgt-armllvm_4.0.2.LTS\lib\armv6m-ti-none-eabi/c/libc.a
       _printfi.c.obj                 4510    34        0      
       memory.c.obj                   702     0         5      
       defs.c.obj                     0       0         404    
       aeabi_ctype.S.obj              0       257       0      
       fputs.c.obj                    248     0         0      
       setvbuf.c.obj                  224     0         0      
       s_scalbn.c.obj                 216     0         0      
       getdevice.c.obj                160     0         0      
       fputc.c.obj                    156     0         0      
       strcmp-armv6m.S.obj            136     0         0      
       vsnprintf.c.obj                136     0         0      
       copy_decompress_lzss.c.obj     124     0         0      
       fclose.c.obj                   124     0         0      
       fseek.c.obj                    116     0         0      
       printf.c.obj                   108     0         0      
       _io_perm.c.obj                 100     0         0      
       s_frexp.c.obj                  92      0         0      
       _ltoa.c.obj                    88      0         0      
       fflush.c.obj                   82      0         0      
       exit.c.obj                     58      0         8      
       atoi.c.obj                     64      0         0      
       autoinit.c.obj                 60      0         0      
       boot_cortex_m.c.obj            56      0         0      
       fopen.c.obj                    52      0         0      
       memccpy.c.obj                  34      0         0      
       copy_zero_init.c.obj           22      0         0      
       copy_decompress_none.c.obj     18      0         0      
       memcpy16.S.obj                 18      0         0      
       wcslen.c.obj                   16      0         0      
       memset16.S.obj                 14      0         0      
       aeabi_portable.c.obj           8       0         4      
       _lock.c.obj                    2       0         8      
       pre_init.c.obj                 4       0         0      
    +--+------------------------------+-------+---------+---------+
       Total:                         7748    291       429    
                                                               
    D:\ti\ccs\tools\compiler\ti-cgt-armllvm_4.0.2.LTS\lib\armv6m-ti-none-eabi/c/libsysbm.a
       trgmsg.c.obj                   104     0         288    
       host_device.c.obj              0       0         200    
       hostrename.c.obj               136     0         0      
       hostlseek.c.obj                108     0         0      
       hostopen.c.obj                 96      0         8      
       hostread.c.obj                 88      0         0      
       hostwrite.c.obj                88      0         0      
       close.c.obj                    80      0         0      
       hostclose.c.obj                72      0         0      
       hostunlink.c.obj               72      0         0      
       unlink.c.obj                   44      0         0      
       lseek.c.obj                    40      0         0      
       write.c.obj                    40      0         0      
       remove.c.obj                   8       0         0      
       hostexit.c.obj                 4       0         0      
    +--+------------------------------+-------+---------+---------+
       Total:                         980     0         496    
                                                               
    D:\ti\ccs\tools\compiler\ti-cgt-armllvm_4.0.2.LTS\lib\armv6m-ti-none-eabi/libclang_rt.builtins.a
       adddf3.S.obj                   418     0         0      
       divdf3.S.obj                   268     0         0      
       muldf3.S.obj                   228     0         0      
       comparedf2.c.obj               220     0         0      
       addsf3.S.obj                   216     0         0      
       udivmoddi4.S.obj               162     0         0      
       mulsf3.S.obj                   140     0         0      
       divsf3.S.obj                   130     0         0      
       comparesf2.S.obj               118     0         0      
       truncdfsf2.S.obj               116     0         0      
       aeabi_dcmp.S.obj               98      0         0      
       aeabi_fcmp.S.obj               98      0         0      
       aeabi_idivmod.S.obj            86      0         0      
       fixdfsi.S.obj                  74      0         0      
       fixunsdfsi.S.obj               66      0         0      
       aeabi_uidivmod.S.obj           64      0         0      
       extendsfdf2.S.obj              64      0         0      
       floatsisf.S.obj                60      0         0      
       muldsi3.S.obj                  58      0         0      
       fixsfsi.S.obj                  56      0         0      
       fixunssfsi.S.obj               50      0         0      
       floatsidf.S.obj                44      0         0      
       floatunsisf.S.obj              40      0         0      
       muldi3.S.obj                   36      0         0      
       ashldi3.S.obj                  30      0         0      
       aeabi_memset.S.obj             26      0         0      
       aeabi_uldivmod.S.obj           20      0         0      
       aeabi_memcpy.S.obj             8       0         0      
       aeabi_div0.c.obj               4       0         0      
    +--+------------------------------+-------+---------+---------+
       Total:                         2998    0         0      
                                                               
       Heap:                          0       0         2048   
       Stack:                         0       0         512    
       Linker Generated:              0       165       0      
    +--+------------------------------+-------+---------+---------+
       Grand Total:                   21324   2278      3901   


LINKER GENERATED COPY TABLES

__TI_cinit_table @ 00005c68 records: 2, size/record: 8, table size: 16
	.data: load addr=00005bd0, load size=00000081 bytes, run addr=20200ae4, run size=0000025d bytes, compression=lzss
	.bss: load addr=00005c60, load size=00000008 bytes, run addr=20200800, run size=000002e4 bytes, compression=zero_init


LINKER GENERATED HANDLER TABLE

__TI_handler_table @ 00005c54 records: 3, size/record: 4, table size: 12
	index: 0, handler: __TI_decompress_lzss
	index: 1, handler: __TI_decompress_none
	index: 2, handler: __TI_zero_init


FAR CALL TRAMPOLINES

callee name               trampoline name
   callee addr  tramp addr   call addr  call info
--------------  -----------  ---------  ----------------
__aeabi_dsub              $Tramp$TT$L$PI$$__aeabi_dsub
   00001655     000053bc     000053ba   libc.a : _printfi.c.obj (.text.OUTLINED_FUNCTION_0)
_c_int00_noargs           $Tramp$TT$L$PI$$_c_int00_noargs
   00004abd     00005424     0000541e   startup_mspm0g350x_ticlang.o (.text.Reset_Handler)

[2 trampolines]
[2 trampoline calls]


GLOBAL SYMBOLS: SORTED ALPHABETICALLY BY Name 

address   name                            
-------   ----                            
00005417  ADC0_IRQHandler                 
00005417  ADC1_IRQHandler                 
00005417  AES_IRQHandler                  
000051a1  APP_Init                        
0000541a  C$$EXIT                         
000045b9  C$$IO$$                         
00005417  CANFD0_IRQHandler               
00001dd1  Control_speed                   
00005417  DAC0_IRQHandler                 
000053a9  DL_Common_delayCycles           
00003d9d  DL_DMA_initChannel              
00004b7d  DL_I2C_setClockConfig           
00001ed9  DL_Timer_initFourCCPWMMode      
000023bd  DL_Timer_initTimerMode          
00004dd5  DL_Timer_setCaptCompUpdateMethod
00005029  DL_Timer_setCaptureCompareOutCtl
0000530d  DL_Timer_setCaptureCompareValue 
00004df1  DL_Timer_setClockConfig         
00003bb5  DL_UART_drainRXFIFO             
00003ecd  DL_UART_init                    
000052b5  DL_UART_setClockConfig          
00005417  DMA_IRQHandler                  
00005417  Default_Handler                 
20200cf8  Encoder_Left_Value              
20200cfc  Encoder_Right_Value             
20200d00  Encoder_i_Value                 
000029c3  FeedbackControl                 
00005417  GROUP0_IRQHandler               
00000df9  GROUP1_IRQHandler               
000050d1  Get_Encoder_Left                
000050e9  Get_Encoder_Right               
00003fed  Get_TIMER_Count                 
20200d04  HCSR04_StartTime                
00003f15  HOSTclose                       
0000541b  HOSTexit                        
000033b9  HOSTlseek                       
00003835  HOSTopen                        
0000394d  HOSTread                        
00003425  HOSTrename                      
00003f5d  HOSTunlink                      
000039a5  HOSTwrite                       
00005417  HardFault_Handler               
00005417  I2C0_IRQHandler                 
00005417  I2C1_IRQHandler                 
20200acc  LED_count                       
00005417  NMI_Handler                     
00003b05  OLED_Clear                      
00005440  OLED_F8x16                      
00002c81  OLED_I2C_SendByte               
00003cad  OLED_I2C_Start                  
000040b9  OLED_I2C_Stop                   
00005101  OLED_Init                       
00001fdd  OLED_Init_Custom                
000049f5  OLED_Pow                        
20200ad0  OLED_SCL_PORT                   
20200ad4  OLED_SDA_PORT                   
00004485  OLED_SetCursor                  
00002a79  OLED_ShowChar                   
000017e9  OLED_ShowFloatNum               
00002b2d  OLED_ShowSignedNum              
00003e35  OLED_ShowString                 
00004889  OLED_WriteCommand               
000048b3  OLED_WriteData                  
20200ad8  PID_count                       
00005417  PendSV_Handler                  
00005417  RTC_IRQHandler                  
0000541f  Reset_Handler                   
00005417  SPI0_IRQHandler                 
00005417  SPI1_IRQHandler                 
20200d3c  SR04_Flag                       
00005417  SVC_Handler                     
00005119  SYSCFG_DL_DMA_WIT_init          
000053d7  SYSCFG_DL_DMA_init              
000014a9  SYSCFG_DL_GPIO_init             
000039fd  SYSCFG_DL_I2C_MPU6050_init      
00002dbd  SYSCFG_DL_PWM_init              
00004ba3  SYSCFG_DL_SYSCTL_init           
00005383  SYSCFG_DL_SYSTICK_init          
000044f1  SYSCFG_DL_TIMER_0_init          
00003fa5  SYSCFG_DL_UART_0_init           
000031e9  SYSCFG_DL_UART_WIT_init         
00004415  SYSCFG_DL_init                  
00002e49  SYSCFG_DL_initPower             
00004e29  SysTick_Handler                 
00005417  TIMA0_IRQHandler                
00005417  TIMA1_IRQHandler                
000020d9  TIMG0_IRQHandler                
00005417  TIMG12_IRQHandler               
00005417  TIMG6_IRQHandler                
00005417  TIMG7_IRQHandler                
00005417  TIMG8_IRQHandler                
000052c7  TI_memcpy_small                 
00005375  TI_memset_small                 
00002901  Turn_Pid                        
00004271  UART0_IRQHandler                
00005417  UART1_IRQHandler                
00000a91  UART2_IRQHandler                
00005417  UART3_IRQHandler                
00004031  WIT_Init                        
20200800  _CIOBUF_                        
20200adc  _OLED_SCL_PIN                   
20200ae0  _OLED_SDA_PIN                   
20200800  __CIOBUF_                       
20208000  __STACK_END                     
00000200  __STACK_SIZE                    
00000800  __SYSMEM_SIZE                   
00000000  __TI_ATRegion0_region_sz        
00000000  __TI_ATRegion0_src_addr         
00000000  __TI_ATRegion0_trg_addr         
00000000  __TI_ATRegion1_region_sz        
00000000  __TI_ATRegion1_src_addr         
00000000  __TI_ATRegion1_trg_addr         
00000000  __TI_ATRegion2_region_sz        
00000000  __TI_ATRegion2_src_addr         
00000000  __TI_ATRegion2_trg_addr         
00005c68  __TI_CINIT_Base                 
00005c78  __TI_CINIT_Limit                
00005c78  __TI_CINIT_Warm                 
00005c54  __TI_Handler_Table_Base         
00005c60  __TI_Handler_Table_Limit        
00004361  __TI_auto_init_nobinit_nopinit  
00004525  __TI_cleanup                    
20200cf0  __TI_cleanup_ptr                
000030f1  __TI_closefile                  
0000316d  __TI_decompress_lzss            
000052d9  __TI_decompress_none            
00003c09  __TI_doflush                    
20200cf4  __TI_dtors_ptr                  
20200d08  __TI_ft_end                     
00003a55  __TI_ltoa                       
ffffffff  __TI_pprof_out_hndl             
000000c1  __TI_printfi                    
ffffffff  __TI_prof_data_size             
ffffffff  __TI_prof_data_start            
00004559  __TI_readmsg                    
00000000  __TI_static_base__              
202009dc  __TI_tmpnams                    
0000458d  __TI_writemsg                   
000036a3  __TI_wrt_ok                     
0000518b  __TI_zero_init_nomemset         
0000165f  __adddf3                        
00002833  __addsf3                        
00005a30  __aeabi_ctype_table_            
00005a30  __aeabi_ctype_table_C           
000032d1  __aeabi_d2f                     
00003e81  __aeabi_d2iz                    
00004075  __aeabi_d2uiz                   
0000165f  __aeabi_dadd                    
0000376d  __aeabi_dcmpeq                  
000037a9  __aeabi_dcmpge                  
000037bd  __aeabi_dcmpgt                  
00003795  __aeabi_dcmple                  
00003781  __aeabi_dcmplt                  
00001cc5  __aeabi_ddiv                    
0000258d  __aeabi_dmul                    
00001655  __aeabi_dsub                    
20200d0c  __aeabi_errno                   
000053e1  __aeabi_errno_addr              
00004139  __aeabi_f2d                     
0000444d  __aeabi_f2iz                    
0000465d  __aeabi_f2uiz                   
00002833  __aeabi_fadd                    
000037d1  __aeabi_fcmpeq                  
0000380d  __aeabi_fcmpge                  
00003821  __aeabi_fcmpgt                  
000037f9  __aeabi_fcmple                  
000037e5  __aeabi_fcmplt                  
0000306d  __aeabi_fdiv                    
00002ed5  __aeabi_fmul                    
00002829  __aeabi_fsub                    
00004805  __aeabi_i2d                     
000042ad  __aeabi_i2f                     
00003b5d  __aeabi_idiv                    
000017e7  __aeabi_idiv0                   
00003b5d  __aeabi_idivmod                 
00002bdb  __aeabi_ldiv0                   
00004cb9  __aeabi_llsl                    
00004c11  __aeabi_lmul                    
00005391  __aeabi_memclr                  
00005391  __aeabi_memclr4                 
00005391  __aeabi_memclr8                 
000053e9  __aeabi_memcpy                  
000053e9  __aeabi_memcpy4                 
000053e9  __aeabi_memcpy8                 
0000533d  __aeabi_memset                  
0000533d  __aeabi_memset4                 
0000533d  __aeabi_memset8                 
00004a1d  __aeabi_ui2f                    
000040f9  __aeabi_uidiv                   
000040f9  __aeabi_uidivmod                
00005269  __aeabi_uldivmod                
00004cb9  __ashldi3                       
ffffffff  __binit__                       
000035d5  __cmpdf2                        
0000439d  __cmpsf2                        
00001cc5  __divdf3                        
0000306d  __divsf3                        
000035d5  __eqdf2                         
0000439d  __eqsf2                         
00004139  __extendsfdf2                   
00003e81  __fixdfsi                       
0000444d  __fixsfsi                       
00004075  __fixunsdfsi                    
0000465d  __fixunssfsi                    
00004805  __floatsidf                     
000042ad  __floatsisf                     
00004a1d  __floatunsisf                   
0000325d  __gedf2                         
000042e9  __gesf2                         
0000325d  __gtdf2                         
000042e9  __gtsf2                         
000035d5  __ledf2                         
0000439d  __lesf2                         
000035d5  __ltdf2                         
0000439d  __ltsf2                         
UNDEFED   __mpu_init                      
0000258d  __muldf3                        
00004c11  __muldi3                        
000043d9  __muldsi3                       
00002ed5  __mulsf3                        
000035d5  __nedf2                         
0000439d  __nesf2                         
20207e00  __stack                         
20200000  __start___llvm_prf_bits         
20200000  __start___llvm_prf_cnts         
20200000  __stop___llvm_prf_bits          
20200000  __stop___llvm_prf_cnts          
00001655  __subdf3                        
00002829  __subsf3                        
000032d1  __truncdfsf2                    
00002bdd  __udivmoddi4                    
00004abd  _c_int00_noargs                 
20200bd4  _device                         
20200ae4  _ftable                         
20200d10  _lock                           
00002c7f  _nop                            
20200c4c  _stream                         
20200000  _sys_memory                     
UNDEFED   _system_post_cinit              
00005435  _system_pre_init                
20200d14  _unlock                         
00005411  abort                           
00001bb1  aligned_alloc                   
00004179  atoi                            
ffffffff  binit                           
00003d4d  close                           
00004c79  delay_ms                        
20200d1c  delay_times                     
20200d20  distance                        
000045c1  exit                            
000045f5  finddevice                      
00002d21  fputc                           
000021d1  fputs                           
000024a5  free                            
00003895  frexp                           
00003895  frexpl                          
00005401  fseek                           
00003491  fseeko                          
20200920  gPWMBackup                      
20200d24  g_angle_deviation               
000034fd  getdevice                       
00000000  interruptVectors                
00002751  ldexp                           
00002751  ldexpl                          
20200d28  left_encoder_value              
00004a6d  lseek                           
000022c9  main                            
0000539d  malloc                          
00001bb1  memalign                        
00004c35  memccpy                         
00003345  mithon_run_line                 
20200d2c  msHcCount                       
20200ac0  parmbuf                         
000038f1  printf                          
00003569  process_received_data           
00005409  remove                          
20200d30  right_encoder_value             
00002751  scalbn                          
00002751  scalbnl                         
00002671  setvbuf                         
20200d3d  sr04_state                      
00002f61  strcmp                          
00004629  uart0_printf                    
00004831  uart0_send_char                 
00004325  uart0_send_string               
20200a9d  uart_data                       
0000485d  unlink                          
000041b9  vsnprintf                       
0000531d  wcslen                          
20200aa0  wit_data                        
20200a7c  wit_dmaBuffer                   
00004a95  write                           


GLOBAL SYMBOLS: SORTED BY Symbol Address 

address   name                            
-------   ----                            
00000000  __TI_ATRegion0_region_sz        
00000000  __TI_ATRegion0_src_addr         
00000000  __TI_ATRegion0_trg_addr         
00000000  __TI_ATRegion1_region_sz        
00000000  __TI_ATRegion1_src_addr         
00000000  __TI_ATRegion1_trg_addr         
00000000  __TI_ATRegion2_region_sz        
00000000  __TI_ATRegion2_src_addr         
00000000  __TI_ATRegion2_trg_addr         
00000000  __TI_static_base__              
00000000  interruptVectors                
000000c1  __TI_printfi                    
00000200  __STACK_SIZE                    
00000800  __SYSMEM_SIZE                   
00000a91  UART2_IRQHandler                
00000df9  GROUP1_IRQHandler               
000014a9  SYSCFG_DL_GPIO_init             
00001655  __aeabi_dsub                    
00001655  __subdf3                        
0000165f  __adddf3                        
0000165f  __aeabi_dadd                    
000017e7  __aeabi_idiv0                   
000017e9  OLED_ShowFloatNum               
00001bb1  aligned_alloc                   
00001bb1  memalign                        
00001cc5  __aeabi_ddiv                    
00001cc5  __divdf3                        
00001dd1  Control_speed                   
00001ed9  DL_Timer_initFourCCPWMMode      
00001fdd  OLED_Init_Custom                
000020d9  TIMG0_IRQHandler                
000021d1  fputs                           
000022c9  main                            
000023bd  DL_Timer_initTimerMode          
000024a5  free                            
0000258d  __aeabi_dmul                    
0000258d  __muldf3                        
00002671  setvbuf                         
00002751  ldexp                           
00002751  ldexpl                          
00002751  scalbn                          
00002751  scalbnl                         
00002829  __aeabi_fsub                    
00002829  __subsf3                        
00002833  __addsf3                        
00002833  __aeabi_fadd                    
00002901  Turn_Pid                        
000029c3  FeedbackControl                 
00002a79  OLED_ShowChar                   
00002b2d  OLED_ShowSignedNum              
00002bdb  __aeabi_ldiv0                   
00002bdd  __udivmoddi4                    
00002c7f  _nop                            
00002c81  OLED_I2C_SendByte               
00002d21  fputc                           
00002dbd  SYSCFG_DL_PWM_init              
00002e49  SYSCFG_DL_initPower             
00002ed5  __aeabi_fmul                    
00002ed5  __mulsf3                        
00002f61  strcmp                          
0000306d  __aeabi_fdiv                    
0000306d  __divsf3                        
000030f1  __TI_closefile                  
0000316d  __TI_decompress_lzss            
000031e9  SYSCFG_DL_UART_WIT_init         
0000325d  __gedf2                         
0000325d  __gtdf2                         
000032d1  __aeabi_d2f                     
000032d1  __truncdfsf2                    
00003345  mithon_run_line                 
000033b9  HOSTlseek                       
00003425  HOSTrename                      
00003491  fseeko                          
000034fd  getdevice                       
00003569  process_received_data           
000035d5  __cmpdf2                        
000035d5  __eqdf2                         
000035d5  __ledf2                         
000035d5  __ltdf2                         
000035d5  __nedf2                         
000036a3  __TI_wrt_ok                     
0000376d  __aeabi_dcmpeq                  
00003781  __aeabi_dcmplt                  
00003795  __aeabi_dcmple                  
000037a9  __aeabi_dcmpge                  
000037bd  __aeabi_dcmpgt                  
000037d1  __aeabi_fcmpeq                  
000037e5  __aeabi_fcmplt                  
000037f9  __aeabi_fcmple                  
0000380d  __aeabi_fcmpge                  
00003821  __aeabi_fcmpgt                  
00003835  HOSTopen                        
00003895  frexp                           
00003895  frexpl                          
000038f1  printf                          
0000394d  HOSTread                        
000039a5  HOSTwrite                       
000039fd  SYSCFG_DL_I2C_MPU6050_init      
00003a55  __TI_ltoa                       
00003b05  OLED_Clear                      
00003b5d  __aeabi_idiv                    
00003b5d  __aeabi_idivmod                 
00003bb5  DL_UART_drainRXFIFO             
00003c09  __TI_doflush                    
00003cad  OLED_I2C_Start                  
00003d4d  close                           
00003d9d  DL_DMA_initChannel              
00003e35  OLED_ShowString                 
00003e81  __aeabi_d2iz                    
00003e81  __fixdfsi                       
00003ecd  DL_UART_init                    
00003f15  HOSTclose                       
00003f5d  HOSTunlink                      
00003fa5  SYSCFG_DL_UART_0_init           
00003fed  Get_TIMER_Count                 
00004031  WIT_Init                        
00004075  __aeabi_d2uiz                   
00004075  __fixunsdfsi                    
000040b9  OLED_I2C_Stop                   
000040f9  __aeabi_uidiv                   
000040f9  __aeabi_uidivmod                
00004139  __aeabi_f2d                     
00004139  __extendsfdf2                   
00004179  atoi                            
000041b9  vsnprintf                       
00004271  UART0_IRQHandler                
000042ad  __aeabi_i2f                     
000042ad  __floatsisf                     
000042e9  __gesf2                         
000042e9  __gtsf2                         
00004325  uart0_send_string               
00004361  __TI_auto_init_nobinit_nopinit  
0000439d  __cmpsf2                        
0000439d  __eqsf2                         
0000439d  __lesf2                         
0000439d  __ltsf2                         
0000439d  __nesf2                         
000043d9  __muldsi3                       
00004415  SYSCFG_DL_init                  
0000444d  __aeabi_f2iz                    
0000444d  __fixsfsi                       
00004485  OLED_SetCursor                  
000044f1  SYSCFG_DL_TIMER_0_init          
00004525  __TI_cleanup                    
00004559  __TI_readmsg                    
0000458d  __TI_writemsg                   
000045b9  C$$IO$$                         
000045c1  exit                            
000045f5  finddevice                      
00004629  uart0_printf                    
0000465d  __aeabi_f2uiz                   
0000465d  __fixunssfsi                    
00004805  __aeabi_i2d                     
00004805  __floatsidf                     
00004831  uart0_send_char                 
0000485d  unlink                          
00004889  OLED_WriteCommand               
000048b3  OLED_WriteData                  
000049f5  OLED_Pow                        
00004a1d  __aeabi_ui2f                    
00004a1d  __floatunsisf                   
00004a6d  lseek                           
00004a95  write                           
00004abd  _c_int00_noargs                 
00004b7d  DL_I2C_setClockConfig           
00004ba3  SYSCFG_DL_SYSCTL_init           
00004c11  __aeabi_lmul                    
00004c11  __muldi3                        
00004c35  memccpy                         
00004c79  delay_ms                        
00004cb9  __aeabi_llsl                    
00004cb9  __ashldi3                       
00004dd5  DL_Timer_setCaptCompUpdateMethod
00004df1  DL_Timer_setClockConfig         
00004e29  SysTick_Handler                 
00005029  DL_Timer_setCaptureCompareOutCtl
000050d1  Get_Encoder_Left                
000050e9  Get_Encoder_Right               
00005101  OLED_Init                       
00005119  SYSCFG_DL_DMA_WIT_init          
0000518b  __TI_zero_init_nomemset         
000051a1  APP_Init                        
00005269  __aeabi_uldivmod                
000052b5  DL_UART_setClockConfig          
000052c7  TI_memcpy_small                 
000052d9  __TI_decompress_none            
0000530d  DL_Timer_setCaptureCompareValue 
0000531d  wcslen                          
0000533d  __aeabi_memset                  
0000533d  __aeabi_memset4                 
0000533d  __aeabi_memset8                 
00005375  TI_memset_small                 
00005383  SYSCFG_DL_SYSTICK_init          
00005391  __aeabi_memclr                  
00005391  __aeabi_memclr4                 
00005391  __aeabi_memclr8                 
0000539d  malloc                          
000053a9  DL_Common_delayCycles           
000053d7  SYSCFG_DL_DMA_init              
000053e1  __aeabi_errno_addr              
000053e9  __aeabi_memcpy                  
000053e9  __aeabi_memcpy4                 
000053e9  __aeabi_memcpy8                 
00005401  fseek                           
00005409  remove                          
00005411  abort                           
00005417  ADC0_IRQHandler                 
00005417  ADC1_IRQHandler                 
00005417  AES_IRQHandler                  
00005417  CANFD0_IRQHandler               
00005417  DAC0_IRQHandler                 
00005417  DMA_IRQHandler                  
00005417  Default_Handler                 
00005417  GROUP0_IRQHandler               
00005417  HardFault_Handler               
00005417  I2C0_IRQHandler                 
00005417  I2C1_IRQHandler                 
00005417  NMI_Handler                     
00005417  PendSV_Handler                  
00005417  RTC_IRQHandler                  
00005417  SPI0_IRQHandler                 
00005417  SPI1_IRQHandler                 
00005417  SVC_Handler                     
00005417  TIMA0_IRQHandler                
00005417  TIMA1_IRQHandler                
00005417  TIMG12_IRQHandler               
00005417  TIMG6_IRQHandler                
00005417  TIMG7_IRQHandler                
00005417  TIMG8_IRQHandler                
00005417  UART1_IRQHandler                
00005417  UART3_IRQHandler                
0000541a  C$$EXIT                         
0000541b  HOSTexit                        
0000541f  Reset_Handler                   
00005435  _system_pre_init                
00005440  OLED_F8x16                      
00005a30  __aeabi_ctype_table_            
00005a30  __aeabi_ctype_table_C           
00005c54  __TI_Handler_Table_Base         
00005c60  __TI_Handler_Table_Limit        
00005c68  __TI_CINIT_Base                 
00005c78  __TI_CINIT_Limit                
00005c78  __TI_CINIT_Warm                 
20200000  __start___llvm_prf_bits         
20200000  __start___llvm_prf_cnts         
20200000  __stop___llvm_prf_bits          
20200000  __stop___llvm_prf_cnts          
20200000  _sys_memory                     
20200800  _CIOBUF_                        
20200800  __CIOBUF_                       
20200920  gPWMBackup                      
202009dc  __TI_tmpnams                    
20200a7c  wit_dmaBuffer                   
20200a9d  uart_data                       
20200aa0  wit_data                        
20200ac0  parmbuf                         
20200acc  LED_count                       
20200ad0  OLED_SCL_PORT                   
20200ad4  OLED_SDA_PORT                   
20200ad8  PID_count                       
20200adc  _OLED_SCL_PIN                   
20200ae0  _OLED_SDA_PIN                   
20200ae4  _ftable                         
20200bd4  _device                         
20200c4c  _stream                         
20200cf0  __TI_cleanup_ptr                
20200cf4  __TI_dtors_ptr                  
20200cf8  Encoder_Left_Value              
20200cfc  Encoder_Right_Value             
20200d00  Encoder_i_Value                 
20200d04  HCSR04_StartTime                
20200d08  __TI_ft_end                     
20200d0c  __aeabi_errno                   
20200d10  _lock                           
20200d14  _unlock                         
20200d1c  delay_times                     
20200d20  distance                        
20200d24  g_angle_deviation               
20200d28  left_encoder_value              
20200d2c  msHcCount                       
20200d30  right_encoder_value             
20200d3c  SR04_Flag                       
20200d3d  sr04_state                      
20207e00  __stack                         
20208000  __STACK_END                     
ffffffff  __TI_pprof_out_hndl             
ffffffff  __TI_prof_data_size             
ffffffff  __TI_prof_data_start            
ffffffff  __binit__                       
ffffffff  binit                           
UNDEFED   __mpu_init                      
UNDEFED   _system_post_cinit              

[292 symbols]
